Component: ARM Compiler 5.05 update 2 (build 169) Tool: armlink [4d0f33]

==============================================================================

Section Cross References

    startup_stm32f429_439xx.o(RESET) refers to startup_stm32f429_439xx.o(STACK) for __initial_sp
    startup_stm32f429_439xx.o(RESET) refers to startup_stm32f429_439xx.o(.text) for Reset_Handler
    startup_stm32f429_439xx.o(RESET) refers to stm32f4xx_it.o(i.NMI_Handler) for NMI_Handler
    startup_stm32f429_439xx.o(RESET) refers to stm32f4xx_it.o(i.HardFault_Handler) for HardFault_Handler
    startup_stm32f429_439xx.o(RESET) refers to stm32f4xx_it.o(i.MemManage_Handler) for MemManage_Handler
    startup_stm32f429_439xx.o(RESET) refers to stm32f4xx_it.o(i.BusFault_Handler) for BusFault_Handler
    startup_stm32f429_439xx.o(RESET) refers to stm32f4xx_it.o(i.UsageFault_Handler) for UsageFault_Handler
    startup_stm32f429_439xx.o(RESET) refers to port.o(.emb_text) for SVC_Handler
    startup_stm32f429_439xx.o(RESET) refers to stm32f4xx_it.o(i.DebugMon_Handler) for DebugMon_Handler
    startup_stm32f429_439xx.o(RESET) refers to port.o(i.SysTick_Handler) for SysTick_Handler
    startup_stm32f429_439xx.o(RESET) refers to stm32f4xx_it.o(i.USART1_IRQHandler) for USART1_IRQHandler
    startup_stm32f429_439xx.o(RESET) refers to stm32f4xx_it.o(i.EXTI15_10_IRQHandler) for EXTI15_10_IRQHandler
    startup_stm32f429_439xx.o(RESET) refers to sdcardconfig.o(i.SDIO_IRQHandler) for SDIO_IRQHandler
    startup_stm32f429_439xx.o(RESET) refers to sdcardconfig.o(i.DMA2_Stream3_IRQHandler) for DMA2_Stream3_IRQHandler
    startup_stm32f429_439xx.o(.text) refers to system_stm32f4xx.o(i.SystemInit) for SystemInit
    startup_stm32f429_439xx.o(.text) refers to sdramconfig.o(i.SDRAMConfig) for SDRAMConfig
    startup_stm32f429_439xx.o(.text) refers to entry.o(.ARM.Collect$$$$00000000) for __main
    system_stm32f4xx.o(i.SystemCoreClockUpdate) refers to system_stm32f4xx.o(.data) for SystemCoreClock
    system_stm32f4xx.o(i.SystemInit) refers to system_stm32f4xx.o(i.SetSysClock) for SetSysClock
    stm32f4xx_adc.o(i.ADC_DeInit) refers to stm32f4xx_rcc.o(i.RCC_APB2PeriphResetCmd) for RCC_APB2PeriphResetCmd
    stm32f4xx_can.o(i.CAN_DeInit) refers to stm32f4xx_rcc.o(i.RCC_APB1PeriphResetCmd) for RCC_APB1PeriphResetCmd
    stm32f4xx_can.o(i.CAN_GetITStatus) refers to stm32f4xx_can.o(i.CheckITStatus) for CheckITStatus
    stm32f4xx_cryp.o(i.CRYP_DeInit) refers to stm32f4xx_rcc.o(i.RCC_AHB2PeriphResetCmd) for RCC_AHB2PeriphResetCmd
    stm32f4xx_cryp_aes.o(i.CRYP_AES_CBC) refers to stm32f4xx_cryp.o(i.CRYP_KeyStructInit) for CRYP_KeyStructInit
    stm32f4xx_cryp_aes.o(i.CRYP_AES_CBC) refers to stm32f4xx_cryp.o(i.CRYP_FIFOFlush) for CRYP_FIFOFlush
    stm32f4xx_cryp_aes.o(i.CRYP_AES_CBC) refers to stm32f4xx_cryp.o(i.CRYP_Init) for CRYP_Init
    stm32f4xx_cryp_aes.o(i.CRYP_AES_CBC) refers to stm32f4xx_cryp.o(i.CRYP_KeyInit) for CRYP_KeyInit
    stm32f4xx_cryp_aes.o(i.CRYP_AES_CBC) refers to stm32f4xx_cryp.o(i.CRYP_Cmd) for CRYP_Cmd
    stm32f4xx_cryp_aes.o(i.CRYP_AES_CBC) refers to stm32f4xx_cryp.o(i.CRYP_GetFlagStatus) for CRYP_GetFlagStatus
    stm32f4xx_cryp_aes.o(i.CRYP_AES_CBC) refers to stm32f4xx_cryp.o(i.CRYP_IVInit) for CRYP_IVInit
    stm32f4xx_cryp_aes.o(i.CRYP_AES_CBC) refers to stm32f4xx_cryp.o(i.CRYP_GetCmdStatus) for CRYP_GetCmdStatus
    stm32f4xx_cryp_aes.o(i.CRYP_AES_CBC) refers to stm32f4xx_cryp.o(i.CRYP_DataIn) for CRYP_DataIn
    stm32f4xx_cryp_aes.o(i.CRYP_AES_CBC) refers to stm32f4xx_cryp.o(i.CRYP_DataOut) for CRYP_DataOut
    stm32f4xx_cryp_aes.o(i.CRYP_AES_CCM) refers to stm32f4xx_cryp.o(i.CRYP_KeyStructInit) for CRYP_KeyStructInit
    stm32f4xx_cryp_aes.o(i.CRYP_AES_CCM) refers to stm32f4xx_cryp.o(i.CRYP_FIFOFlush) for CRYP_FIFOFlush
    stm32f4xx_cryp_aes.o(i.CRYP_AES_CCM) refers to stm32f4xx_cryp.o(i.CRYP_KeyInit) for CRYP_KeyInit
    stm32f4xx_cryp_aes.o(i.CRYP_AES_CCM) refers to stm32f4xx_cryp.o(i.CRYP_IVInit) for CRYP_IVInit
    stm32f4xx_cryp_aes.o(i.CRYP_AES_CCM) refers to stm32f4xx_cryp.o(i.CRYP_Init) for CRYP_Init
    stm32f4xx_cryp_aes.o(i.CRYP_AES_CCM) refers to stm32f4xx_cryp.o(i.CRYP_PhaseConfig) for CRYP_PhaseConfig
    stm32f4xx_cryp_aes.o(i.CRYP_AES_CCM) refers to stm32f4xx_cryp.o(i.CRYP_DataIn) for CRYP_DataIn
    stm32f4xx_cryp_aes.o(i.CRYP_AES_CCM) refers to stm32f4xx_cryp.o(i.CRYP_Cmd) for CRYP_Cmd
    stm32f4xx_cryp_aes.o(i.CRYP_AES_CCM) refers to stm32f4xx_cryp.o(i.CRYP_GetCmdStatus) for CRYP_GetCmdStatus
    stm32f4xx_cryp_aes.o(i.CRYP_AES_CCM) refers to stm32f4xx_cryp.o(i.CRYP_GetFlagStatus) for CRYP_GetFlagStatus
    stm32f4xx_cryp_aes.o(i.CRYP_AES_CCM) refers to stm32f4xx_cryp.o(i.CRYP_DataOut) for CRYP_DataOut
    stm32f4xx_cryp_aes.o(i.CRYP_AES_CTR) refers to stm32f4xx_cryp.o(i.CRYP_KeyStructInit) for CRYP_KeyStructInit
    stm32f4xx_cryp_aes.o(i.CRYP_AES_CTR) refers to stm32f4xx_cryp.o(i.CRYP_KeyInit) for CRYP_KeyInit
[...]
    listBarWin::unregisterWin()              0x08004b1f   Thumb Code    12  listbarwin.o(i._ZN10listBarWin13unregisterWinEv)
    listBarWin::changeOpenList()             0x08004b2d   Thumb Code   242  listbarwin.o(i._ZN10listBarWin14changeOpenListEv)
    listBarWin::releaseListBar()             0x08004c4d   Thumb Code    26  listbarwin.o(i._ZN10listBarWin14releaseListBarEv)
    listBarWin::changeOpenState()            0x08004c67   Thumb Code    24  listbarwin.o(i._ZN10listBarWin15changeOpenStateEv)
    listBarWin::itemInit(char**, unsigned char) 0x08004c81   Thumb Code   206  listbarwin.o(i._ZN10listBarWin8itemInitEPPch)
    listBarWin::paintWin()                   0x08004d59   Thumb Code   424  listbarwin.o(i._ZN10listBarWin8paintWinEv)
    listBarWin::saveToBuf()                  0x08004f01   Thumb Code   108  listbarwin.o(i._ZN10listBarWin9saveToBufEv)
    listBarWin::listBarWin(unsigned short, unsigned short, unsigned short, unsigned short, char*, rootWin*, void*) 0x08004f75   Thumb Code    72  listbarwin.o(i._ZN10listBarWinC1EttttPcP7rootWinPv)
    listBarWin::listBarWin__sub_object(unsigned short, unsigned short, unsigned short, unsigned short, char*, rootWin*, void*) 0x08004f75   Thumb Code     0  listbarwin.o(i._ZN10listBarWinC1EttttPcP7rootWinPv)
    listBarWin::~listBarWin__deallocating()  0x08004fc1   Thumb Code    18  listbarwin.o(i._ZN10listBarWinD0Ev)
    listBarWin::~listBarWin()                0x08004fd3   Thumb Code    28  listbarwin.o(i._ZN10listBarWinD1Ev)
    listBarWin::~listBarWin__sub_object()    0x08004fd3   Thumb Code     0  listbarwin.o(i._ZN10listBarWinD1Ev)
    textBarWin::deleteChar()                 0x08004fef   Thumb Code    42  textbarwin.o(i._ZN10textBarWin10deleteCharEv)
    textBarWin::destroyWin()                 0x08005019   Thumb Code    18  textbarwin.o(i._ZN10textBarWin10destroyWinEv)
    textBarWin::returnLine()                 0x0800502b   Thumb Code    86  textbarwin.o(i._ZN10textBarWin10returnLineEv)
    textBarWin::displayChar(char)            0x08005081   Thumb Code   184  textbarwin.o(i._ZN10textBarWin11displayCharEc)
    textBarWin::registerWin()                0x08005139   Thumb Code    12  textbarwin.o(i._ZN10textBarWin11registerWinEv)
    textBarWin::unregisterWin()              0x08005145   Thumb Code    12  textbarwin.o(i._ZN10textBarWin13unregisterWinEv)
    textBarWin::paintWin()                   0x08005151   Thumb Code   108  textbarwin.o(i._ZN10textBarWin8paintWinEv)
    textBarWin::writeChar(char)              0x080051bd   Thumb Code   112  textbarwin.o(i._ZN10textBarWin9writeCharEc)
    textBarWin::textBarWin(unsigned short, unsigned short, unsigned short, unsigned short, char*, rootWin*, void*) 0x0800522d   Thumb Code   140  textbarwin.o(i._ZN10textBarWinC1EttttPcP7rootWinPv)
    textBarWin::textBarWin__sub_object(unsigned short, unsigned short, unsigned short, unsigned short, char*, rootWin*, void*) 0x0800522d   Thumb Code     0  textbarwin.o(i._ZN10textBarWinC1EttttPcP7rootWinPv)
    textBarWin::~textBarWin__deallocating()  0x080052bd   Thumb Code    18  textbarwin.o(i._ZN10textBarWinD0Ev)
    textBarWin::~textBarWin()                0x080052cf   Thumb Code    16  textbarwin.o(i._ZN10textBarWinD1Ev)
    textBarWin::~textBarWin__sub_object()    0x080052cf   Thumb Code     0  textbarwin.o(i._ZN10textBarWinD1Ev)
    comboBoxWin::comboBoxInit()              0x080052df   Thumb Code    16  comboboxwin.o(i._ZN11comboBoxWin12comboBoxInitEv)
    comboBoxWin::comboBoxDestroy()           0x080052ef   Thumb Code    12  comboboxwin.o(i._ZN11comboBoxWin15comboBoxDestroyEv)
    comboBoxWin::getRwNum()                  0x080052fb   Thumb Code     6  listbarwin.o(i._ZN11comboBoxWin8getRwNumEv)
    comboBoxWin::getRwList()                 0x08005301   Thumb Code     6  mainwin.o(i._ZN11comboBoxWin9getRwListEv)
    comboBoxWin::comboBoxWin()               0x08005307   Thumb Code     8  comboboxwin.o(i._ZN11comboBoxWinC1Ev)
    comboBoxWin::comboBoxWin__sub_object()   0x08005307   Thumb Code     0  comboboxwin.o(i._ZN11comboBoxWinC1Ev)
    comboBoxWin::~comboBoxWin()              0x0800530f   Thumb Code     2  comboboxwin.o(i._ZN11comboBoxWinD1Ev)
    comboBoxWin::~comboBoxWin__sub_object()  0x0800530f   Thumb Code     0  comboboxwin.o(i._ZN11comboBoxWinD1Ev)
    radioBtnWin::destroyWin()                0x08005311   Thumb Code    26  radiobtnwin.o(i._ZN11radioBtnWin10destroyWinEv)
    radioBtnWin::registerWin()               0x0800532b   Thumb Code    12  radiobtnwin.o(i._ZN11radioBtnWin11registerWinEv)
    radioBtnWin::optionSelect(optionWin*)    0x08005337   Thumb Code    96  radiobtnwin.o(i._ZN11radioBtnWin12optionSelectEP9optionWin)
    radioBtnWin::radioBtnInit(char**, unsigned char, bool) 0x08005399   Thumb Code   390  radiobtnwin.o(i._ZN11radioBtnWin12radioBtnInitEPPchb)
    radioBtnWin::unregisterWin()             0x08005525   Thumb Code    12  radiobtnwin.o(i._ZN11radioBtnWin13unregisterWinEv)
    radioBtnWin::paintWin()                  0x08005531   Thumb Code     2  radiobtnwin.o(i._ZN11radioBtnWin8paintWinEv)
    radioBtnWin::radioBtnWin(unsigned short, unsigned short, unsigned short, unsigned short, char*, rootWin*, void*) 0x08005535   Thumb Code    68  radiobtnwin.o(i._ZN11radioBtnWinC1EttttPcP7rootWinPv)
    radioBtnWin::radioBtnWin__sub_object(unsigned short, unsigned short, unsigned short, unsigned short, char*, rootWin*, void*) 0x08005535   Thumb Code     0  radiobtnwin.o(i._ZN11radioBtnWinC1EttttPcP7rootWinPv)
    radioBtnWin::~radioBtnWin__deallocating() 0x0800557d   Thumb Code    18  radiobtnwin.o(i._ZN11radioBtnWinD0Ev)
    radioBtnWin::~radioBtnWin()              0x0800558f   Thumb Code    28  radiobtnwin.o(i._ZN11radioBtnWinD1Ev)
    radioBtnWin::~radioBtnWin__sub_object()  0x0800558f   Thumb Code     0  radiobtnwin.o(i._ZN11radioBtnWinD1Ev)
    trackBarWin::destroyWin()                0x080055ab   Thumb Code    12  trackbarwin.o(i._ZN11trackBarWin10destroyWinEv)
    trackBarWin::paintSlider(unsigned short, unsigned short) 0x080055b7   Thumb Code   232  trackbarwin.o(i._ZN11trackBarWin11paintSliderEtt)
    trackBarWin::registerWin()               0x0800569f   Thumb Code    12  trackbarwin.o(i._ZN11trackBarWin11registerWinEv)
    trackBarWin::generateValue()             0x080056ab   Thumb Code   148  trackbarwin.o(i._ZN11trackBarWin13generateValueEv)
    trackBarWin::releaseSlider()             0x0800573f   Thumb Code    46  trackbarwin.o(i._ZN11trackBarWin13releaseSliderEv)
    trackBarWin::sliderSliding(unsigned short, unsigned short) 0x0800576d   Thumb Code   130  trackbarwin.o(i._ZN11trackBarWin13sliderSlidingEtt)
    trackBarWin::unregisterWin()             0x080057f5   Thumb Code    12  trackbarwin.o(i._ZN11trackBarWin13unregisterWinEv)
    trackBarWin::getSliderValue()            0x08005801   Thumb Code    16  createwin.o(i._ZN11trackBarWin14getSliderValueEv)
    trackBarWin::paintWin()                  0x08005811   Thumb Code   130  trackbarwin.o(i._ZN11trackBarWin8paintWinEv)
    trackBarWin::trackBarWin(unsigned short, unsigned short, unsigned short, unsigned short, char*, rootWin*, void*, bool) 0x08005899   Thumb Code   132  trackbarwin.o(i._ZN11trackBarWinC1EttttPcP7rootWinPvb)
    trackBarWin::trackBarWin__sub_object(unsigned short, unsigned short, unsigned short, unsigned short, char*, rootWin*, void*, bool) 0x08005899   Thumb Code     0  trackbarwin.o(i._ZN11trackBarWinC1EttttPcP7rootWinPvb)
    trackBarWin::~trackBarWin__deallocating() 0x08005921   Thumb Code    18  trackbarwin.o(i._ZN11trackBarWinD0Ev)
    trackBarWin::~trackBarWin()              0x08005933   Thumb Code    16  trackbarwin.o(i._ZN11trackBarWinD1Ev)
    trackBarWin::~trackBarWin__sub_object()  0x08005933   Thumb Code     0  trackbarwin.o(i._ZN11trackBarWinD1Ev)
    trackTextWin::destroyWin()               0x08005943   Thumb Code    30  tracktextwin.o(i._ZN12trackTextWin10destroyWinEv)
    trackTextWin::registerWin()              0x08005961   Thumb Code    12  tracktextwin.o(i._ZN12trackTextWin11registerWinEv)
    trackTextWin::releaseSlider()            0x0800596d   Thumb Code    22  tracktextwin.o(i._ZN12trackTextWin13releaseSliderEv)
    trackTextWin::sliderSliding(unsigned short, unsigned short) 0x08005983   Thumb Code    40  tracktextwin.o(i._ZN12trackTextWin13sliderSlidingEtt)
    trackTextWin::trackTextInit()            0x080059ab   Thumb Code   252  tracktextwin.o(i._ZN12trackTextWin13trackTextInitEv)
    trackTextWin::unregisterWin()            0x08005aa7   Thumb Code    12  tracktextwin.o(i._ZN12trackTextWin13unregisterWinEv)
    trackTextWin::paintWin()                 0x08005ab3   Thumb Code    30  tracktextwin.o(i._ZN12trackTextWin8paintWinEv)
    trackTextWin::paintText()                0x08005ad1   Thumb Code   178  tracktextwin.o(i._ZN12trackTextWin9paintTextEv)
    trackTextWin::trackTextWin(unsigned short, unsigned short, unsigned short, unsigned short, char*, rootWin*, void*) 0x08005b85   Thumb Code    62  tracktextwin.o(i._ZN12trackTextWinC1EttttPcP7rootWinPv)
    trackTextWin::trackTextWin__sub_object(unsigned short, unsigned short, unsigned short, unsigned short, char*, rootWin*, void*) 0x08005b85   Thumb Code     0  tracktextwin.o(i._ZN12trackTextWinC1EttttPcP7rootWinPv)
    trackTextWin::~trackTextWin__deallocating() 0x08005bc9   Thumb Code    18  tracktextwin.o(i._ZN12trackTextWinD0Ev)
    trackTextWin::~trackTextWin()            0x08005bdb   Thumb Code    28  tracktextwin.o(i._ZN12trackTextWinD1Ev)
    trackTextWin::~trackTextWin__sub_object() 0x08005bdb   Thumb Code     0  tracktextwin.o(i._ZN12trackTextWinD1Ev)
    progressBarWin::destroyWin()             0x08005bf7   Thumb Code    12  progressbarwin.o(i._ZN14progressBarWin10destroyWinEv)
    progressBarWin::paintBarWin()            0x08005c03   Thumb Code    48  progressbarwin.o(i._ZN14progressBarWin11paintBarWinEv)
    progressBarWin::registerWin()            0x08005c33   Thumb Code    12  progressbarwin.o(i._ZN14progressBarWin11registerWinEv)
    progressBarWin::unregisterWin()          0x08005c3f   Thumb Code    12  progressbarwin.o(i._ZN14progressBarWin13unregisterWinEv)
    progressBarWin::setProgressValue(unsigned char) 0x08005c4b   Thumb Code    34  progressbarwin.o(i._ZN14progressBarWin16setProgressValueEh)
    progressBarWin::paintWin()               0x08005c6d   Thumb Code    88  progressbarwin.o(i._ZN14progressBarWin8paintWinEv)
    progressBarWin::progressBarWin(unsigned short, unsigned short, unsigned short, unsigned short, char*, rootWin*, void*) 0x08005cc9   Thumb Code    60  progressbarwin.o(i._ZN14progressBarWinC1EttttPcP7rootWinPv)
    progressBarWin::progressBarWin__sub_object(unsigned short, unsigned short, unsigned short, unsigned short, char*, rootWin*, void*) 0x08005cc9   Thumb Code     0  progressbarwin.o(i._ZN14progressBarWinC1EttttPcP7rootWinPv)
    progressBarWin::~progressBarWin__deallocating() 0x08005d09   Thumb Code    18  progressbarwin.o(i._ZN14progressBarWinD0Ev)
    progressBarWin::~progressBarWin()        0x08005d1b   Thumb Code    16  progressbarwin.o(i._ZN14progressBarWinD1Ev)
    progressBarWin::~progressBarWin__sub_object() 0x08005d1b   Thumb Code     0  progressbarwin.o(i._ZN14progressBarWinD1Ev)
    staticFrameWin::destroyWin()             0x08005d2b   Thumb Code    12  staticframewin.o(i._ZN14staticFrameWin10destroyWinEv)
    staticFrameWin::registerWin()            0x08005d37   Thumb Code    12  staticframewin.o(i._ZN14staticFrameWin11registerWinEv)
    staticFrameWin::unregisterWin()          0x08005d43   Thumb Code    12  staticframewin.o(i._ZN14staticFrameWin13unregisterWinEv)
    staticFrameWin::paintWin()               0x08005d4f   Thumb Code    98  staticframewin.o(i._ZN14staticFrameWin8paintWinEv)
    staticFrameWin::staticFrameWin(unsigned short, unsigned short, unsigned short, unsigned short, char*, rootWin*, void*) 0x08005db1   Thumb Code    50  staticframewin.o(i._ZN14staticFrameWinC1EttttPcP7rootWinPv)
    staticFrameWin::staticFrameWin__sub_object(unsigned short, unsigned short, unsigned short, unsigned short, char*, rootWin*, void*) 0x08005db1   Thumb Code     0  staticframewin.o(i._ZN14staticFrameWinC1EttttPcP7rootWinPv)
    staticFrameWin::~staticFrameWin__deallocating() 0x08005de9   Thumb Code    18  staticframewin.o(i._ZN14staticFrameWinD0Ev)
    staticFrameWin::~staticFrameWin()        0x08005dfb   Thumb Code    16  staticframewin.o(i._ZN14staticFrameWinD1Ev)
    staticFrameWin::~staticFrameWin__sub_object() 0x08005dfb   Thumb Code     0  staticframewin.o(i._ZN14staticFrameWinD1Ev)
    virKeyboardWin::destroyWin()             0x08005e0b   Thumb Code    20  virkeyboardwin.o(i._ZN14virKeyboardWin10destroyWinEv)
    virKeyboardWin::readFromBuf()            0x08005e21   Thumb Code   108  virkeyboardwin.o(i._ZN14virKeyboardWin11readFromBufEv)
    virKeyboardWin::registerWin()            0x08005e95   Thumb Code    26  virkeyboardwin.o(i._ZN14virKeyboardWin11registerWinEv)
    virKeyboardWin::keyBoardInit()           0x08005eb1   Thumb Code  1790  virkeyboardwin.o(i._ZN14virKeyboardWin12keyBoardInitEv)
    virKeyboardWin::intConverChar(unsigned, unsigned, char*) 0x080065b9   Thumb Code   272  virkeyboardwin.o(i._ZN14virKeyboardWin13intConverCharEjjPc)
    virKeyboardWin::unregisterWin()          0x080066c9   Thumb Code    12  virkeyboardwin.o(i._ZN14virKeyboardWin13unregisterWinEv)
    virKeyboardWin::keyboardSendChar(char)   0x080066d5   Thumb Code    62  virkeyboardwin.o(i._ZN14virKeyboardWin16keyboardSendCharEc)
    virKeyboardWin::wakeupAndConnect(rootWin*) 0x08006713   Thumb Code    28  virkeyboardwin.o(i._ZN14virKeyboardWin16wakeupAndConnectEP7rootWin)
    virKeyboardWin::paintWin()               0x0800672f   Thumb Code    12  virkeyboardwin.o(i._ZN14virKeyboardWin8paintWinEv)
    virKeyboardWin::saveToBuf()              0x0800673d   Thumb Code   108  virkeyboardwin.o(i._ZN14virKeyboardWin9saveToBufEv)
    virKeyboardWin::virKeyboardWin(unsigned short, unsigned short, unsigned short, unsigned short, char*, rootWin*, void*) 0x080067b1   Thumb Code    74  virkeyboardwin.o(i._ZN14virKeyboardWinC1EttttPcP7rootWinPv)
    virKeyboardWin::virKeyboardWin__sub_object(unsigned short, unsigned short, unsigned short, unsigned short, char*, rootWin*, void*) 0x080067b1   Thumb Code     0  virkeyboardwin.o(i._ZN14virKeyboardWinC1EttttPcP7rootWinPv)
    virKeyboardWin::~virKeyboardWin__deallocating() 0x08006801   Thumb Code    18  virkeyboardwin.o(i._ZN14virKeyboardWinD0Ev)
    virKeyboardWin::~virKeyboardWin()        0x08006813   Thumb Code    28  virkeyboardwin.o(i._ZN14virKeyboardWinD1Ev)
    virKeyboardWin::~virKeyboardWin__sub_object() 0x08006813   Thumb Code     0  virkeyboardwin.o(i._ZN14virKeyboardWinD1Ev)
    mainWin::destroyWin()                    0x0800682f   Thumb Code    20  mainwin.o(i._ZN7mainWin10destroyWinEv)
    mainWin::getBackWin()                    0x08006843   Thumb Code     6  mainwin.o(i._ZN7mainWin10getBackWinEv)
    mainWin::registerWin()                   0x08006849   Thumb Code    12  mainwin.o(i._ZN7mainWin11registerWinEv)
    mainWin::unregisterWin()                 0x08006855   Thumb Code    12  mainwin.o(i._ZN7mainWin13unregisterWinEv)
    mainWin::paintWin()                      0x08006861   Thumb Code     2  mainwin.o(i._ZN7mainWin8paintWinEv)
    mainWin::styleInit()                     0x08006865   Thumb Code   428  mainwin.o(i._ZN7mainWin9styleInitEv)
    mainWin::mainWin(unsigned short, unsigned short, unsigned short, unsigned short, char*, rootWin*, void*, unsigned char) 0x08006a19   Thumb Code    70  mainwin.o(i._ZN7mainWinC1EttttPcP7rootWinPvh)
    mainWin::mainWin__sub_object(unsigned short, unsigned short, unsigned short, unsigned short, char*, rootWin*, void*, unsigned char) 0x08006a19   Thumb Code     0  mainwin.o(i._ZN7mainWinC1EttttPcP7rootWinPvh)
    mainWin::~mainWin__deallocating()        0x08006a65   Thumb Code    18  mainwin.o(i._ZN7mainWinD0Ev)
    mainWin::~mainWin()                      0x08006a77   Thumb Code    28  mainwin.o(i._ZN7mainWinD1Ev)
    mainWin::~mainWin__sub_object()          0x08006a77   Thumb Code     0  mainwin.o(i._ZN7mainWinD1Ev)
    rootWin::destroyWin()                    0x08006a93   Thumb Code    20  rootwin.o(i._ZN7rootWin10destroyWinEv)
    rootWin::getBrother()                    0x08006aa7   Thumb Code     6  rootwin.o(i._ZN7rootWin10getBrotherEv)
    rootWin::getWinHigh()                    0x08006aad   Thumb Code     6  buttonwin.o(i._ZN7rootWin10getWinHighEv)
    rootWin::getWinName()                    0x08006ab3   Thumb Code     6  listbarwin.o(i._ZN7rootWin10getWinNameEv)
    rootWin::movtoFront()                    0x08006ab9   Thumb Code    80  rootwin.o(i._ZN7rootWin10movtoFrontEv)
    rootWin::setBrother(rootWin*)            0x08006b09   Thumb Code     4  rootwin.o(i._ZN7rootWin10setBrotherEPS_)
    rootWin::setWinHigh(unsigned short)      0x08006b0d   Thumb Code     4  listbarwin.o(i._ZN7rootWin10setWinHighEt)
    rootWin::setWinProc(void(*)(rootWin*, rootWin*, MsgType, unsigned, unsigned)) 0x08006b11   Thumb Code    10  rootwin.o(i._ZN7rootWin10setWinProcEPFvPS_S0_7MsgTypejjE)
    rootWin::getWinWidth()                   0x08006b1b   Thumb Code     6  buttonwin.o(i._ZN7rootWin11getWinWidthEv)
    rootWin::registerWin()                   0x08006b21   Thumb Code    24  rootwin.o(i._ZN7rootWin11registerWinEv)
    rootWin::addWintoTree()                  0x08006b39   Thumb Code    60  rootwin.o(i._ZN7rootWin12addWintoTreeEv)
    rootWin::destroyCAndB()                  0x08006b75   Thumb Code    60  rootwin.o(i._ZN7rootWin12destroyCAndBEv)
    rootWin::getAbsoluteX()                  0x08006bbd   Thumb Code     6  rootwin.o(i._ZN7rootWin12getAbsoluteXEv)
    rootWin::getAbsoluteY()                  0x08006bc3   Thumb Code     6  rootwin.o(i._ZN7rootWin12getAbsoluteYEv)
    rootWin::sendMSGtoBack(message*, void*)  0x08006bc9   Thumb Code    38  rootwin.o(i._ZN7rootWin13sendMSGtoBackEP7messagePv)
    rootWin::setAbsoluteXY()                 0x08006bef   Thumb Code    56  rootwin.o(i._ZN7rootWin13setAbsoluteXYEv)
    rootWin::unregisterWin()                 0x08006c27   Thumb Code    24  rootwin.o(i._ZN7rootWin13unregisterWinEv)
    rootWin::remWinfromTree()                0x08006c3f   Thumb Code    84  rootwin.o(i._ZN7rootWin14remWinfromTreeEv)
    rootWin::preTraversePaint(rootWin*)      0x08006c93   Thumb Code    56  rootwin.o(i._ZN7rootWin16preTraversePaintEPS_)
    rootWin::changSelectedStat()             0x08006ccb   Thumb Code    22  rootwin.o(i._ZN7rootWin17changSelectedStatEv)
    rootWin::getChild()                      0x08006ce1   Thumb Code     6  rootwin.o(i._ZN7rootWin8getChildEv)
    rootWin::getQueue()                      0x08006ce7   Thumb Code     6  mainwin.o(i._ZN7rootWin8getQueueEv)
    rootWin::isInArea(unsigned short, unsigned short) 0x08006ced   Thumb Code    64  rootwin.o(i._ZN7rootWin8isInAreaEtt)
    rootWin::paintAll()                      0x08006d2d   Thumb Code    28  rootwin.o(i._ZN7rootWin8paintAllEv)
    rootWin::setChild(rootWin*)              0x08006d49   Thumb Code     4  rootwin.o(i._ZN7rootWin8setChildEPS_)
    rootWin::getParent()                     0x08006d4d   Thumb Code     6  rootwin.o(i._ZN7rootWin9getParentEv)
    rootWin::locateWin(unsigned short, unsigned short) 0x08006d53   Thumb Code   118  rootwin.o(i._ZN7rootWin9locateWinEtt)
    rootWin::rootWin__sub_object(unsigned short, unsigned short, unsigned short, unsigned short, char*, rootWin*, void*) 0x08006dc9   Thumb Code   134  rootwin.o(i._ZN7rootWinC2EttttPcPS_Pv)
    rootWin::~rootWin__deallocating()        0x08006e59   Thumb Code    18  rootwin.o(i._ZN7rootWinD0Ev)
    rootWin::~rootWin()                      0x08006e6b   Thumb Code     0  rootwin.o(i._ZN7rootWinD2Ev)
    rootWin::~rootWin__sub_object()          0x08006e6b   Thumb Code     2  rootwin.o(i._ZN7rootWinD2Ev)
    buttonWin::destroyWin()                  0x08006e6d   Thumb Code    12  buttonwin.o(i._ZN9buttonWin10destroyWinEv)
    buttonWin::pressButton()                 0x08006e79   Thumb Code   186  buttonwin.o(i._ZN9buttonWin11pressButtonEv)
    buttonWin::registerWin()                 0x08006f33   Thumb Code    12  buttonwin.o(i._ZN9buttonWin11registerWinEv)
    buttonWin::releaseButton()               0x08006f3f   Thumb Code    26  buttonwin.o(i._ZN9buttonWin13releaseButtonEv)
    buttonWin::unregisterWin()               0x08006f59   Thumb Code    12  buttonwin.o(i._ZN9buttonWin13unregisterWinEv)
    buttonWin::paintWin()                    0x08006f65   Thumb Code   178  buttonwin.o(i._ZN9buttonWin8paintWinEv)
    buttonWin::buttonWin(unsigned short, unsigned short, unsigned short, unsigned short, char*, rootWin*, void*) 0x08007019   Thumb Code    68  buttonwin.o(i._ZN9buttonWinC1EttttPcP7rootWinPv)
    buttonWin::buttonWin__sub_object(unsigned short, unsigned short, unsigned short, unsigned short, char*, rootWin*, void*) 0x08007019   Thumb Code     0  buttonwin.o(i._ZN9buttonWinC1EttttPcP7rootWinPv)
    buttonWin::~buttonWin__deallocating()    0x08007061   Thumb Code    18  buttonwin.o(i._ZN9buttonWinD0Ev)
    buttonWin::~buttonWin()                  0x08007073   Thumb Code    16  buttonwin.o(i._ZN9buttonWinD1Ev)
    buttonWin::~buttonWin__sub_object()      0x08007073   Thumb Code     0  buttonwin.o(i._ZN9buttonWinD1Ev)
    dialogWin::dialogInit()                  0x08007085   Thumb Code   442  dialogwin.o(i._ZN9dialogWin10dialogInitEv)
    dialogWin::closeDialog()                 0x08007255   Thumb Code    20  dialogwin.o(i._ZN9dialogWin11closeDialogEv)
    dialogWin::readFromBuf()                 0x08007269   Thumb Code   110  dialogwin.o(i._ZN9dialogWin11readFromBufEv)
    dialogWin::registerWin()                 0x080072e1   Thumb Code    26  dialogwin.o(i._ZN9dialogWin11registerWinEv)
    dialogWin::saveToBuf()                   0x080072fd   Thumb Code   110  dialogwin.o(i._ZN9dialogWin9saveToBufEv)
    dialogWin::dialogWin(unsigned short, unsigned short, unsigned short, unsigned short, char*, rootWin*, void*, unsigned char) 0x08007375   Thumb Code    48  dialogwin.o(i._ZN9dialogWinC1EttttPcP7rootWinPvh)
    dialogWin::dialogWin__sub_object(unsigned short, unsigned short, unsigned short, unsigned short, char*, rootWin*, void*, unsigned char) 0x08007375   Thumb Code     0  dialogwin.o(i._ZN9dialogWinC1EttttPcP7rootWinPvh)
    dialogWin::~dialogWin__deallocating()    0x080073a9   Thumb Code    18  dialogwin.o(i._ZN9dialogWinD0Ev)
    dialogWin::~dialogWin()                  0x080073bb   Thumb Code    16  dialogwin.o(i._ZN9dialogWinD1Ev)
    dialogWin::~dialogWin__sub_object()      0x080073bb   Thumb Code     0  dialogwin.o(i._ZN9dialogWinD1Ev)
    optionWin::destroyWin()                  0x080073cb   Thumb Code    12  optionwin.o(i._ZN9optionWin10destroyWinEv)
    optionWin::clickOption()                 0x080073d7   Thumb Code    26  optionwin.o(i._ZN9optionWin11clickOptionEv)
    optionWin::paintOption()                 0x080073f1   Thumb Code   398  optionwin.o(i._ZN9optionWin11paintOptionEv)
    optionWin::registerWin()                 0x08007585   Thumb Code    12  optionwin.o(i._ZN9optionWin11registerWinEv)
    optionWin::unregisterWin()               0x08007591   Thumb Code    12  optionwin.o(i._ZN9optionWin13unregisterWinEv)
    optionWin::changSelectStat()             0x0800759d   Thumb Code    22  optionwin.o(i._ZN9optionWin15changSelectStatEv)
    optionWin::paintWin()                    0x080075b3   Thumb Code   218  optionwin.o(i._ZN9optionWin8paintWinEv)
    optionWin::optionWin(unsigned short, unsigned short, unsigned short, unsigned short, char*, rootWin*, void*, bool) 0x0800768d   Thumb Code    58  optionwin.o(i._ZN9optionWinC1EttttPcP7rootWinPvb)
    optionWin::optionWin__sub_object(unsigned short, unsigned short, unsigned short, unsigned short, char*, rootWin*, void*, bool) 0x0800768d   Thumb Code     0  optionwin.o(i._ZN9optionWinC1EttttPcP7rootWinPvb)
    optionWin::~optionWin__deallocating()    0x080076cd   Thumb Code    18  optionwin.o(i._ZN9optionWinD0Ev)
    optionWin::~optionWin()                  0x080076df   Thumb Code    16  optionwin.o(i._ZN9optionWinD1Ev)
    optionWin::~optionWin__sub_object()      0x080076df   Thumb Code     0  optionwin.o(i._ZN9optionWinD1Ev)
    operator delete (void*)                  0x080076ef   Thumb Code     8  delete.o(i._ZdlPv)
    operator new[] (unsigned)                0x080076f7   Thumb Code     8  array_new.o(i._Znaj)
    operator new(unsigned)                   0x08007701   Thumb Code    34  new.o(i._Znwj)
    __0printf$8                              0x08007729   Thumb Code    22  printf8.o(i.__0printf$8)
    __1printf$8                              0x08007729   Thumb Code     0  printf8.o(i.__0printf$8)
    __2printf                                0x08007729   Thumb Code     0  printf8.o(i.__0printf$8)
    __cxa_pure_virtual                       0x08007749   Thumb Code     6  pure_virt.o(i.__cxa_pure_virtual)
    __scatterload_copy                       0x0800774f   Thumb Code    14  handlers.o(i.__scatterload_copy)
    __scatterload_null                       0x0800775d   Thumb Code     2  handlers.o(i.__scatterload_null)
    __scatterload_zeroinit                   0x0800775f   Thumb Code    14  handlers.o(i.__scatterload_zeroinit)
    fputc                                    0x08007be9   Thumb Code    32  usartconfig.o(i.fputc)
    free                                     0x08007c0d   Thumb Code    76  malloc.o(i.free)
    getTouchUP                               0x08007c5d   Thumb Code     6  tgui_conf.o(i.getTouchUP)
    main                                     0x08007c69   Thumb Code    36  main.o(i.main)
    malloc                                   0x08007c8d   Thumb Code    92  malloc.o(i.malloc)
    pvPortMalloc                             0x0800867d   Thumb Code   296  heap_4.o(i.pvPortMalloc)
    pvTaskIncrementMutexHeldCount            0x080087b9   Thumb Code    26  tasks.o(i.pvTaskIncrementMutexHeldCount)
    pxPortInitialiseStack                    0x080087d9   Thumb Code    38  port.o(i.pxPortInitialiseStack)
    uxListRemove                             0x08008805   Thumb Code    40  list.o(i.uxListRemove)
    vListInitialise                          0x0800882d   Thumb Code    26  list.o(i.vListInitialise)
    vListInitialiseItem                      0x08008847   Thumb Code     6  list.o(i.vListInitialiseItem)
    vListInsert                              0x0800884d   Thumb Code    52  list.o(i.vListInsert)
    vListInsertEnd                           0x08008881   Thumb Code    24  list.o(i.vListInsertEnd)
    vPortEnterCritical                       0x08008899   Thumb Code    76  port.o(i.vPortEnterCritical)
    vPortExitCritical                        0x080088ed   Thumb Code    56  port.o(i.vPortExitCritical)
    vPortFree                                0x08008929   Thumb Code   140  heap_4.o(i.vPortFree)
    vPortSetupTimerInterrupt                 0x080089bd   Thumb Code    26  port.o(i.vPortSetupTimerInterrupt)
    vPortValidateInterruptPriority           0x080089dd   Thumb Code   106  port.o(i.vPortValidateInterruptPriority)
    vQueueAddToRegistry                      0x08008a55   Thumb Code    38  queue.o(i.vQueueAddToRegistry)
    vQueueWaitForMessageRestricted           0x08008a81   Thumb Code    74  queue.o(i.vQueueWaitForMessageRestricted)
    vTaskMissedYield                         0x08008acd   Thumb Code     8  tasks.o(i.vTaskMissedYield)
    vTaskPlaceOnEventList                    0x08008ad9   Thumb Code    52  tasks.o(i.vTaskPlaceOnEventList)
    vTaskPlaceOnEventListRestricted          0x08008b11   Thumb Code    60  tasks.o(i.vTaskPlaceOnEventListRestricted)
    vTaskPriorityInherit                     0x08008b51   Thumb Code   164  tasks.o(i.vTaskPriorityInherit)
    vTaskSetTimeOutState                     0x08008c01   Thumb Code    38  tasks.o(i.vTaskSetTimeOutState)
    vTaskStartScheduler                      0x08008c31   Thumb Code   118  tasks.o(i.vTaskStartScheduler)
    vTaskSuspendAll                          0x08008cc5   Thumb Code    12  tasks.o(i.vTaskSuspendAll)
    vTaskSwitchContext                       0x08008cd5   Thumb Code   118  tasks.o(i.vTaskSwitchContext)
    xPortStartScheduler                      0x08008d61   Thumb Code   288  port.o(i.xPortStartScheduler)
    xQueueGenericCreate                      0x08008e9d   Thumb Code    88  queue.o(i.xQueueGenericCreate)
    xQueueGenericReceive                     0x08008ef5   Thumb Code   446  queue.o(i.xQueueGenericReceive)
    xQueueGenericReset                       0x080090b9   Thumb Code   146  queue.o(i.xQueueGenericReset)
    xQueueGenericSend                        0x08009151   Thumb Code   420  queue.o(i.xQueueGenericSend)
    xQueueGenericSendFromISR                 0x080092f9   Thumb Code   248  queue.o(i.xQueueGenericSendFromISR)
    xTaskCheckForTimeOut                     0x080093f1   Thumb Code   132  tasks.o(i.xTaskCheckForTimeOut)
    xTaskCreate                              0x0800947d   Thumb Code    96  tasks.o(i.xTaskCreate)
    xTaskGetSchedulerState                   0x080094dd   Thumb Code    24  tasks.o(i.xTaskGetSchedulerState)
    xTaskGetTickCount                        0x080094fd   Thumb Code     6  tasks.o(i.xTaskGetTickCount)
    xTaskIncrementTick                       0x08009509   Thumb Code   282  tasks.o(i.xTaskIncrementTick)
    xTaskPriorityDisinherit                  0x08009651   Thumb Code   188  tasks.o(i.xTaskPriorityDisinherit)
    xTaskRemoveFromEventList                 0x08009719   Thumb Code   128  tasks.o(i.xTaskRemoveFromEventList)
    xTaskResumeAll                           0x080097b1   Thumb Code   224  tasks.o(i.xTaskResumeAll)
    xTimerCreateTimerTask                    0x080098b5   Thumb Code    66  timers.o(i.xTimerCreateTimerTask)
    xTimerGenericCommand                     0x0800990d   Thumb Code   126  timers.o(i.xTimerGenericCommand)
    ASCII16x24_Table                         0x08009b8c   Data        4560  fonts.o(.constdata)
    ASCII12x12_Table                         0x0800ad5c   Data        2304  fonts.o(.constdata)
    ASCII8x12_Table                          0x0800b65c   Data        2304  fonts.o(.constdata)
    ASCII8x8_Table                           0x0800bf5c   Data        1536  fonts.o(.constdata)
    vtable for controlWin                    0x0800c55c   Data          32  controlwin.o(.constdata__ZTV10controlWin)
    vtable for listBarWin                    0x0800c57c   Data          32  listbarwin.o(.constdata__ZTV10listBarWin)
    vtable for textBarWin                    0x0800c59c   Data          32  textbarwin.o(.constdata__ZTV10textBarWin)
    vtable for radioBtnWin                   0x0800c5bc   Data          32  radiobtnwin.o(.constdata__ZTV11radioBtnWin)
    vtable for trackBarWin                   0x0800c5dc   Data          32  trackbarwin.o(.constdata__ZTV11trackBarWin)
    vtable for trackTextWin                  0x0800c5fc   Data          32  tracktextwin.o(.constdata__ZTV12trackTextWin)
    vtable for progressBarWin                0x0800c61c   Data          32  progressbarwin.o(.constdata__ZTV14progressBarWin)
    vtable for staticFrameWin                0x0800c63c   Data          32  staticframewin.o(.constdata__ZTV14staticFrameWin)
    vtable for virKeyboardWin                0x0800c65c   Data          32  virkeyboardwin.o(.constdata__ZTV14virKeyboardWin)
    vtable for mainWin                       0x0800c67c   Data          32  mainwin.o(.constdata__ZTV7mainWin)
    vtable for rootWin                       0x0800c69c   Data          32  rootwin.o(.constdata__ZTV7rootWin)
    vtable for buttonWin                     0x0800c6bc   Data          32  buttonwin.o(.constdata__ZTV9buttonWin)
    vtable for dialogWin                     0x0800c6dc   Data          32  dialogwin.o(.constdata__ZTV9dialogWin)
    vtable for optionWin                     0x0800c6fc   Data          32  optionwin.o(.constdata__ZTV9optionWin)
    Region$$Table$$Base                      0x0800c8e4   Number         0  anon$$obj.o(Region$$Table)
    Region$$Table$$Limit                     0x0800c924   Number         0  anon$$obj.o(Region$$Table)
    SHT$$INIT_ARRAY$$Base                    0x0800c924   Number         0  createwin.o(.init_array)
    SHT$$INIT_ARRAY$$Limit                   0x0800c928   Number         0  cpp_init.o(.init_array)
    SystemCoreClock                          0x20000000   Data           4  system_stm32f4xx.o(.data)
    AHBPrescTable                            0x20000004   Data          16  system_stm32f4xx.o(.data)
    BufMaxNum                                0x20000024   Data           4  main.o(.data)
    USART1BufCount                           0x20000028   Data           4  stm32f4xx_it.o(.data)
    CTP_CFG_GT9157                           0x2000003c   Data         186  gt9xx.o(.data)
    CTP_CFG_GT911                            0x200000f6   Data         186  gt9xx.o(.data)
    config                                   0x200001b0   Data         242  gt9xx.o(.data)
    touchIC                                  0x200002a2   Data           1  gt9xx.o(.data)
    I2CTimeout                               0x200002c0   Data           4  touch_i2c.o(.data)
    StopCondition                            0x200002cc   Data           4  sdcardconfig.o(.data)
    TransferError                            0x200002d0   Data           1  sdcardconfig.o(.data)
    TransferEnd                              0x200002d4   Data           4  sdcardconfig.o(.data)
    DMAEndOfTransfer                         0x200002d8   Data           4  sdcardconfig.o(.data)
    win_id                                   0x200002dc   Data           2  tgui_conf.o(.data)
    TouchX_pre                               0x200002de   Data           2  tgui_conf.o(.data)
    TouchY_pre                               0x200002e0   Data           2  tgui_conf.o(.data)
    TouchX                                   0x200002e2   Data           2  tgui_conf.o(.data)
    TouchY                                   0x200002e4   Data           2  tgui_conf.o(.data)
    TouchUp                                  0x200002e6   Data           1  tgui_conf.o(.data)
    queue                                    0x200002e8   Data           4  createwin.o(.data)
    curClickWin                              0x200002ec   Data           4  createwin.o(.data)
    vkWin                                    0x200002f0   Data           4  createwin.o(.data)
    root1                                    0x200002f4   Data           4  createwin.o(.data)
    tempWin                                  0x200002f8   Data           4  createwin.o(.data)
    Font16x24                                0x200002fc   Data           8  fonts.o(.data)
    Font12x12                                0x20000304   Data           8  fonts.o(.data)
    Font8x12                                 0x2000030c   Data           8  fonts.o(.data)
    Font8x8                                  0x20000314   Data           8  fonts.o(.data)
    pxCurrentTCB                             0x20000320   Data           4  tasks.o(.data)
    __stdout                                 0x20000394   Data           4  stdout.o(.data)
    __microlib_freelist                      0x200003a4   Data           4  mvars.o(.data)
    __microlib_freelist_initialised          0x200003a8   Data           4  mvars.o(.data)
    USART1_Buf                               0x200003ac   Data          40  main.o(.bss)
    xQueueRegistry                           0x200003d4   Data          64  queue.o(.bss)
    __initial_sp                             0x20000908   Data           0  startup_stm32f429_439xx.o(STACK)
    LCD_BUFADDR                              0xd0000000   Data       768000  lcdconfig.o(EXRAM)
    win_buffer                               0xd00bb800   Data       768000  tgui_conf.o(EXRAM)
    __heap_base                              0xd0189c00   Data           0  startup_stm32f429_439xx.o(HEAP)
    __heap_limit                             0xd018bc00   Data           0  startup_stm32f429_439xx.o(HEAP)



==============================================================================

Memory Map of the image

  Image Entry point : 0x080001ad

  Load Region LR_IROM1 (Base: 0x08000000, Size: 0x001968d4, Max: 0x00100000, ABSOLUTE, COMPRESSED[0x0000fbac])

    Execution Region ER_IROM1 (Base: 0x08000000, Size: 0x0000c928, Max: 0x00100000, ABSOLUTE)

    Base Addr    Size         Type   Attr      Idx    E Section Name        Object

    0x08000000   0x000001ac   Data   RO            3    RESET               startup_stm32f429_439xx.o
    0x080001ac   0x00000000   Code   RO        10554  * .ARM.Collect$$$$00000000  mc_w.l(entry.o)
    0x080001ac   0x00000004   Code   RO        10866    .ARM.Collect$$$$00000001  mc_w.l(entry2.o)
    0x080001b0   0x00000004   Code   RO        10869    .ARM.Collect$$$$00000004  mc_w.l(entry5.o)
    0x080001b4   0x00000000   Code   RO        10871    .ARM.Collect$$$$00000008  mc_w.l(entry7b.o)
    0x080001b4   0x00000004   Code   RO        10872    .ARM.Collect$$$$00000009  mc_w.l(entry8a.o)
    0x080001b8   0x00000000   Code   RO        10873    .ARM.Collect$$$$0000000A  mc_w.l(entry8b.o)
    0x080001b8   0x00000008   Code   RO        10874    .ARM.Collect$$$$0000000B  mc_w.l(entry9a.o)
    0x080001c0   0x00000000   Code   RO        10876    .ARM.Collect$$$$0000000D  mc_w.l(entry10a.o)
    0x080001c0   0x00000000   Code   RO        10878    .ARM.Collect$$$$0000000F  mc_w.l(entry11a.o)
    0x080001c0   0x00000004   Code   RO        10867    .ARM.Collect$$$$00002712  mc_w.l(entry2.o)
    0x080001c4   0x000000b6   Code   RO        10157    .emb_text           port.o
    0x0800027a   0x00000002   PAD
    0x0800027c   0x0000002c   Code   RO            4    .text               startup_stm32f429_439xx.o
    0x080002a8   0x00000062   Code   RO        10557    .text               mc_w.l(uldiv.o)
    0x0800030a   0x00000024   Code   RO        10559    .text               mc_w.l(memcpya.o)
    0x0800032e   0x00000024   Code   RO        10561    .text               mc_w.l(memseta.o)
    0x08000352   0x00000002   PAD
    0x08000354   0x00000020   Code   RO        10835    .text               mc_w.l(cpp_init.o)
    0x08000374   0x00000004   Code   RO        10840    .text               cpprt_w.l(arm_newhandler_noexceptions.o)
    0x08000378   0x0000001e   Code   RO        10883    .text               mc_w.l(llshl.o)
    0x08000396   0x00000020   Code   RO        10885    .text               mc_w.l(llushr.o)
    0x080003b6   0x00000002   PAD
    0x080003b8   0x00000008   Code   RO        10916    .text               mc_w.l(cpp_memory.o)
    0x080003c0   0x00000002   Code   RO        10919    .text               mc_w.l(cpp_signal.o)
    0x080003c2   0x00000002   PAD
    0x080003c4   0x00000020   Code   RO        10921    .text               mc_w.l(cpp_unwinder.o)
    0x080003e4   0x0000001a   Code   RO        10954    .text               cpprt_w.l(arm_exceptions_terminate.o)
    0x080003fe   0x00000002   PAD
    0x08000400   0x00000050   Code   RO        10957    .text               cpprt_w.l(arm_exceptions_globs.o)
    0x08000450   0x00000024   Code   RO        10960    .text               mc_w.l(init.o)
    0x08000474   0x0000003c   Code   RO        10971    .text               cpprt_w.l(arm_exceptions_mem.o)
    0x080004b0   0x00000056   Code   RO        10984    .text               mc_w.l(__dczerorl2.o)
    0x08000506   0x00000004   Code   RO         5421    i.BusFault_Handler  stm32f4xx_it.o
    0x0800050a   0x00000016   Code   RO         1358    i.DMA2D_DeInit      stm32f4xx_dma2d.o
    0x08000520   0x00000018   Code   RO         1363    i.DMA2D_GetFlagStatus  stm32f4xx_dma2d.o
    0x08000538   0x000000e4   Code   RO         1366    i.DMA2D_Init        stm32f4xx_dma2d.o
    0x0800061c   0x00000014   Code   RO         1368    i.DMA2D_StartTransfer  stm32f4xx_dma2d.o
    0x08000630   0x00000008   Code   RO         6579    i.DMA2_Stream3_IRQHandler  sdcardconfig.o
    0x08000638   0x00000034   Code   RO         1220    i.DMA_ClearFlag     stm32f4xx_dma.o
    0x0800066c   0x00000002   Code   RO         5422    i.DebugMon_Handler  stm32f4xx_it.o
    0x0800066e   0x00000012   Code   RO         5549    i.Delay             delaytemp.o
    0x08000680   0x0000001e   Code   RO         5423    i.EXTI15_10_IRQHandler  stm32f4xx_it.o
    0x0800069e   0x00000002   PAD
    0x080006a0   0x0000000c   Code   RO         1485    i.EXTI_ClearITPendingBit  stm32f4xx_exti.o
    0x080006ac   0x00000018   Code   RO         1489    i.EXTI_GetITStatus  stm32f4xx_exti.o
    0x080006c4   0x00000094   Code   RO         1490    i.EXTI_Init         stm32f4xx_exti.o
    0x08000758   0x000000dc   Code   RO         5576    i.FLASHConfig       flashconfig.o
    0x08000834   0x00000048   Code   RO         1844    i.FMC_GetFlagStatus  stm32f4xx_fmc.o
    0x0800087c   0x00000020   Code   RO         1861    i.FMC_SDRAMCmdConfig  stm32f4xx_fmc.o
    0x0800089c   0x00000144   Code   RO         1863    i.FMC_SDRAMInit     stm32f4xx_fmc.o
    0x080009e0   0x00000018   Code   RO         1867    i.FMC_SetRefreshCount  stm32f4xx_fmc.o
    0x080009f8   0x00000090   Code   RO         2046    i.GPIO_Init         stm32f4xx_gpio.o
    0x08000a88   0x00000046   Code   RO         2047    i.GPIO_PinAFConfig  stm32f4xx_gpio.o
    0x08000ace   0x00000004   Code   RO         2053    i.GPIO_ResetBits    stm32f4xx_gpio.o
    0x08000ad2   0x00000004   Code   RO         2054    i.GPIO_SetBits      stm32f4xx_gpio.o
    0x08000ad6   0x00000008   Code   RO         2056    i.GPIO_ToggleBits   stm32f4xx_gpio.o
    0x08000ade   0x0000000a   Code   RO         2058    i.GPIO_WriteBit     stm32f4xx_gpio.o
    0x08000ae8   0x000000c8   Code   RO         6283    i.GTP_Get_Info      gt9xx.o
    0x08000bb0   0x00000084   Code   RO         6284    i.GTP_I2C_Read      gt9xx.o
    0x08000c34   0x00000070   Code   RO         6286    i.GTP_I2C_Test      gt9xx.o
    0x08000ca4   0x00000060   Code   RO         6287    i.GTP_I2C_Write     gt9xx.o
    0x08000d04   0x00000108   Code   RO         6290    i.GTP_Init_Panel    gt9xx.o
    0x08000e0c   0x00000158   Code   RO         6291    i.GTP_Read_Version  gt9xx.o
    0x08000f64   0x0000000c   Code   RO         6294    i.GTP_TouchProcess  gt9xx.o
    0x08000f70   0x00000048   Code   RO         6295    i.GTP_Touch_Down    gt9xx.o
    0x08000fb8   0x00000030   Code   RO         6296    i.GTP_Touch_Up      gt9xx.o
    0x08000fe8   0x00000018   Code   RO         6841    i.GUIGetPoint       tgui_conf.o
    0x08001000   0x00000030   Code   RO         6844    i.GUITouchDown      tgui_conf.o
    0x08001030   0x0000000c   Code   RO         6845    i.GUITouchUp        tgui_conf.o
    0x0800103c   0x000001f0   Code   RO         6298    i.Goodix_TS_Work_Func  gt9xx.o
    0x0800122c   0x00000004   Code   RO         5424    i.HardFault_Handler  stm32f4xx_it.o
    0x08001230   0x00000018   Code   RO         2334    i.I2C_AcknowledgeConfig  stm32f4xx_i2c.o
    0x08001248   0x0000002a   Code   RO         2337    i.I2C_CheckEvent    stm32f4xx_i2c.o
    0x08001272   0x00000018   Code   RO         2340    i.I2C_Cmd           stm32f4xx_i2c.o
    0x0800128a   0x00000002   PAD
    0x0800128c   0x000000b4   Code   RO         6501    i.I2C_GPIO_Config   touch_i2c.o
    0x08001340   0x00000078   Code   RO         6503    i.I2C_GTP_IRQEnable  touch_i2c.o
    0x080013b8   0x00000018   Code   RO         2348    i.I2C_GenerateSTART  stm32f4xx_i2c.o
    0x080013d0   0x00000018   Code   RO         2349    i.I2C_GenerateSTOP  stm32f4xx_i2c.o
    0x080013e8   0x0000003a   Code   RO         2350    i.I2C_GetFlagStatus  stm32f4xx_i2c.o
    0x08001422   0x00000002   PAD
    0x08001424   0x000000e8   Code   RO         2355    i.I2C_Init          stm32f4xx_i2c.o
    0x0800150c   0x0000004c   Code   RO         6504    i.I2C_Mode_Config   touch_i2c.o
    0x08001558   0x00000108   Code   RO         6505    i.I2C_ReadBytes     touch_i2c.o
    0x08001660   0x00000008   Code   RO         2360    i.I2C_ReceiveData   stm32f4xx_i2c.o
    0x08001668   0x00000074   Code   RO         6506    i.I2C_ResetChip     touch_i2c.o
    0x080016dc   0x00000010   Code   RO         2362    i.I2C_Send7bitAddress  stm32f4xx_i2c.o
    0x080016ec   0x00000004   Code   RO         2363    i.I2C_SendData      stm32f4xx_i2c.o
    0x080016f0   0x00000040   Code   RO         6507    i.I2C_TIMEOUT_UserCallback  touch_i2c.o
    0x08001730   0x00000014   Code   RO         6508    i.I2C_Touch_Init    touch_i2c.o
    0x08001744   0x0000007e   Code   RO         6299    i.I2C_Transfer      gt9xx.o
    0x080017c2   0x00000002   PAD
    0x080017c4   0x000000f8   Code   RO         6509    i.I2C_WriteBytes    touch_i2c.o
    0x080018bc   0x0000004e   Code   RO         5704    i.LCDConfig         lcdconfig.o
    0x0800190a   0x00000002   PAD
    0x0800190c   0x00000074   Code   RO         5705    i.LCD_Clear         lcdconfig.o
    0x08001980   0x00000030   Code   RO         5712    i.LCD_DisplayChar   lcdconfig.o
    0x080019b0   0x000000dc   Code   RO         5716    i.LCD_DrawChar      lcdconfig.o
    0x08001a8c   0x000000cc   Code   RO         5718    i.LCD_DrawCircle    lcdconfig.o
    0x08001b58   0x00000092   Code   RO         5720    i.LCD_DrawFullCircle  lcdconfig.o
    0x08001bea   0x00000002   PAD
    0x08001bec   0x000000a4   Code   RO         5722    i.LCD_DrawFullRect  lcdconfig.o
    0x08001c90   0x000000ac   Code   RO         5723    i.LCD_DrawLine      lcdconfig.o
    0x08001d3c   0x00000044   Code   RO         5725    i.LCD_DrawRect      lcdconfig.o
    0x08001d80   0x0000011e   Code   RO         5726    i.LCD_DrawUniLine   lcdconfig.o
    0x08001e9e   0x00000128   Code   RO         5728    i.LCD_FillTriangle  lcdconfig.o
    0x08001fc6   0x00000002   PAD
    0x08001fc8   0x00000308   Code   RO         5729    i.LCD_GPIO_Config   lcdconfig.o
    0x080022d0   0x0000007e   Code   RO         5732    i.LCD_Init          lcdconfig.o
    0x0800234e   0x00000002   PAD
    0x08002350   0x000000a8   Code   RO         5733    i.LCD_LayerInit     lcdconfig.o
    0x080023f8   0x00000014   Code   RO         5740    i.LCD_SetColors     lcdconfig.o
    0x0800240c   0x0000000c   Code   RO         5743    i.LCD_SetFont       lcdconfig.o
    0x08002418   0x0000002c   Code   RO         5744    i.LCD_SetLayer      lcdconfig.o
    0x08002444   0x0000000c   Code   RO         5745    i.LCD_SetTextColor  lcdconfig.o
    0x08002450   0x00000030   Code   RO         5746    i.LCD_SetTransparency  lcdconfig.o
    0x08002480   0x0000003c   Code   RO         6044    i.LED_BLUE_Config   ledconfig.o
    0x080024bc   0x0000003c   Code   RO         6048    i.LED_GREEN_Config  ledconfig.o
    0x080024f8   0x00000014   Code   RO         6051    i.LED_GREEN_Toggle  ledconfig.o
    0x0800250c   0x0000003c   Code   RO         6052    i.LED_RED_Config    ledconfig.o
    0x08002548   0x00000024   Code   RO         2620    i.LTDC_Cmd          stm32f4xx_ltdc.o
    0x0800256c   0x00000024   Code   RO         2624    i.LTDC_DitherCmd    stm32f4xx_ltdc.o
    0x08002590   0x00000188   Code   RO         2631    i.LTDC_Init         stm32f4xx_ltdc.o
    0x08002718   0x00000004   Code   RO         2634    i.LTDC_LayerAlpha   stm32f4xx_ltdc.o
    0x0800271c   0x00000016   Code   RO         2635    i.LTDC_LayerCmd     stm32f4xx_ltdc.o
    0x08002732   0x00000114   Code   RO         2636    i.LTDC_LayerInit    stm32f4xx_ltdc.o
    0x08002846   0x00000002   PAD
    0x08002848   0x0000000c   Code   RO         2643    i.LTDC_ReloadConfig  stm32f4xx_ltdc.o
    0x08002854   0x00000004   Code   RO         5425    i.MemManage_Handler  stm32f4xx_it.o
    0x08002858   0x00000002   Code   RO         5426    i.NMI_Handler       stm32f4xx_it.o
    0x0800285a   0x00000002   PAD
    0x0800285c   0x00000078   Code   RO          164    i.NVIC_Init         misc.o
    0x080028d4   0x00000014   Code   RO          165    i.NVIC_PriorityGroupConfig  misc.o
    0x080028e8   0x00000040   Code   RO         5751    i.PutPixel          lcdconfig.o
    0x08002928   0x00000020   Code   RO         2960    i.RCC_AHB1PeriphClockCmd  stm32f4xx_rcc.o
    0x08002948   0x00000020   Code   RO         2962    i.RCC_AHB1PeriphResetCmd  stm32f4xx_rcc.o
    0x08002968   0x00000020   Code   RO         2966    i.RCC_AHB3PeriphClockCmd  stm32f4xx_rcc.o
    0x08002988   0x00000020   Code   RO         2969    i.RCC_APB1PeriphClockCmd  stm32f4xx_rcc.o
    0x080029a8   0x00000020   Code   RO         2972    i.RCC_APB2PeriphClockCmd  stm32f4xx_rcc.o
    0x080029c8   0x000000e8   Code   RO         2981    i.RCC_GetClocksFreq  stm32f4xx_rcc.o
    0x08002ab0   0x00000040   Code   RO         2982    i.RCC_GetFlagStatus  stm32f4xx_rcc.o
    0x08002af0   0x00000018   Code   RO         2993    i.RCC_LTDCCLKDivConfig  stm32f4xx_rcc.o
    0x08002b08   0x0000000c   Code   RO         3002    i.RCC_PLLSAICmd     stm32f4xx_rcc.o
    0x08002b14   0x00000018   Code   RO         3003    i.RCC_PLLSAIConfig  stm32f4xx_rcc.o
    0x08002b2c   0x0000001e   Code   RO         5754    i.RGB888ToRGB565    lcdconfig.o
    0x08002b4a   0x00000002   PAD
    0x08002b4c   0x0000000c   Code   RO         3892    i.SDIO_ClearITPendingBit  stm32f4xx_sdio.o
    0x08002b58   0x00000018   Code   RO         3904    i.SDIO_GetITStatus  stm32f4xx_sdio.o
    0x08002b70   0x00000008   Code   RO         6583    i.SDIO_IRQHandler   sdcardconfig.o
    0x08002b78   0x00000020   Code   RO         3907    i.SDIO_ITConfig     stm32f4xx_sdio.o
    0x08002b98   0x00000064   Code   RO         6134    i.SDRAMConfig       sdramconfig.o
    0x08002bfc   0x000003a4   Code   RO         6135    i.SDRAM_GPIO_Config  sdramconfig.o
    0x08002fa0   0x000000b0   Code   RO         6136    i.SDRAM_InitSequence  sdramconfig.o
    0x08003050   0x00000024   Code   RO         6140    i.SDRAM_delay       sdramconfig.o
    0x08003074   0x00000028   Code   RO         6602    i.SD_ProcessDMAIRQ  sdcardconfig.o
    0x0800309c   0x000000ac   Code   RO         6603    i.SD_ProcessIRQSrc  sdcardconfig.o
    0x08003148   0x00000018   Code   RO         4115    i.SPI_Cmd           stm32f4xx_spi.o
    0x08003160   0x0000003c   Code   RO         4128    i.SPI_Init          stm32f4xx_spi.o
    0x0800319c   0x00000040   Code   RO         4280    i.SYSCFG_EXTILineConfig  stm32f4xx_syscfg.o
    0x080031dc   0x00000120   Code   RO           13    i.SetSysClock       system_stm32f4xx.o
    0x080032fc   0x00000034   Code   RO        10158    i.SysTick_Handler   port.o
    0x08003330   0x00000068   Code   RO           15    i.SystemInit        system_stm32f4xx.o
    0x08003398   0x000000a8   Code   RO         6194    i.USART1Config      usartconfig.o
    0x08003440   0x00000084   Code   RO         5427    i.USART1_IRQHandler  stm32f4xx_it.o
    0x080034c4   0x00000028   Code   RO         6195    i.USART1_NVICConfig  usartconfig.o
    0x080034ec   0x0000001c   Code   RO         6196    i.USART1_RX         usartconfig.o
    0x08003508   0x00000028   Code   RO         6197    i.USART1_TX         usartconfig.o
    0x08003530   0x0000001e   Code   RO         4904    i.USART_ClearITPendingBit  stm32f4xx_usart.o
    0x0800354e   0x00000018   Code   RO         4907    i.USART_Cmd         stm32f4xx_usart.o
    0x08003566   0x0000001a   Code   RO         4910    i.USART_GetFlagStatus  stm32f4xx_usart.o
    0x08003580   0x00000054   Code   RO         4911    i.USART_GetITStatus  stm32f4xx_usart.o
    0x080035d4   0x0000004a   Code   RO         4913    i.USART_ITConfig    stm32f4xx_usart.o
    0x0800361e   0x00000002   PAD
    0x08003620   0x000000d4   Code   RO         4914    i.USART_Init        stm32f4xx_usart.o
    0x080036f4   0x0000000a   Code   RO         4921    i.USART_ReceiveData  stm32f4xx_usart.o
    0x080036fe   0x0000001e   Code   RO         6201    i.USART_SendByte    usartconfig.o
    0x0800371c   0x00000008   Code   RO         4924    i.USART_SendData    stm32f4xx_usart.o
    0x08003724   0x00000004   Code   RO         5428    i.UsageFault_Handler  stm32f4xx_it.o
    0x08003728   0x000001b0   Code   RO         7540    i._Z11ClickHandlettP7rootWinPh  createwin.o
    0x080038d8   0x000000a8   Code   RO         7686    i._Z11itemWinProcP7rootWinS0_7MsgTypejj  listbarwin.o
    0x08003980   0x0000009c   Code   RO         8560    i._Z12keyboardProcP7rootWinS0_7MsgTypejj  virkeyboardwin.o
    0x08003a1c   0x000000e0   Code   RO         7541    i._Z12winWeakProc0P7rootWinS0_7MsgTypejj  createwin.o
    0x08003afc   0x00000054   Code   RO         7542    i._Z12winWeakProc1P7rootWinS0_7MsgTypejj  createwin.o
    0x08003b50   0x0000005c   Code   RO         7543    i._Z12winWeakProc2P7rootWinS0_7MsgTypejj  createwin.o
    0x08003bac   0x000000bc   Code   RO         7544    i._Z12winWeakProc3P7rootWinS0_7MsgTypejj  createwin.o
    0x08003c68   0x000000ec   Code   RO         7545    i._Z12winWeakProc4P7rootWinS0_7MsgTypejj  createwin.o
    0x08003d54   0x000000cc   Code   RO         7546    i._Z12winWeakProc5P7rootWinS0_7MsgTypejj  createwin.o
    0x08003e20   0x00000058   Code   RO         7547    i._Z12winWeakProc6P7rootWinS0_7MsgTypejj  createwin.o
    0x08003e78   0x0000008c   Code   RO         7548    i._Z12winWeakProc7P7rootWinS0_7MsgTypejj  createwin.o
    0x08003f04   0x00000074   Code   RO         8339    i._Z13optionWinProcP7rootWinS0_7MsgTypejj  radiobtnwin.o
    0x08003f78   0x00000060   Code   RO         7549    i._Z13winWeakProc61P7rootWinS0_7MsgTypejj  createwin.o
    0x08003fd8   0x00000054   Code   RO         7550    i._Z13winWeakProc71P7rootWinS0_7MsgTypejj  createwin.o
    0x0800402c   0x000000e8   Code   RO         7335    i._Z14buttonWeakProcP7rootWinS0_7MsgTypejj  mainwin.o
    0x08004114   0x000000b0   Code   RO         8750    i._Z14buttonWeakProcP7rootWinS0_7MsgTypejj  dialogwin.o
    0x080041c4   0x00000064   Code   RO         7551    i._Z14winDefaultProcP7rootWinS0_7MsgTypejj  createwin.o
    0x08004228   0x00000538   Code   RO         7552    i._Z4win0Pv         createwin.o
    0x08004760   0x0000002c   Code   RO         7553    i._Z7GUI_Runv       createwin.o
    0x0800478c   0x00000002   Code   RO         7176    i._ZN10controlWin10destroyWinEv  controlwin.o
    0x0800478e   0x00000002   Code   RO         7164    i._ZN10controlWin11registerWinEv  controlwin.o
    0x08004790   0x00000006   Code   RO         8660    i._ZN10controlWin12getBackColorEv  virkeyboardwin.o
    0x08004796   0x00000006   Code   RO         7291    i._ZN10controlWin12getTextColorEv  buttonwin.o
    0x0800479c   0x00000004   Code   RO         7419    i._ZN10controlWin12setBackColorEj  mainwin.o
    0x080047a0   0x00000004   Code   RO         7285    i._ZN10controlWin12setTextColorEj  buttonwin.o
    0x080047a4   0x00000002   Code   RO         7170    i._ZN10controlWin13unregisterWinEv  controlwin.o
    0x080047a6   0x000000b4   Code   RO         7123    i._ZN10controlWin16displayStrCenterE6_tFontjjPc  controlwin.o
    0x0800485a   0x0000000a   Code   RO         7297    i._ZN10controlWin7getFontEv  buttonwin.o
    0x08004864   0x0000004c   Code   RO         7125    i._ZN10controlWinC2EttttPcP7rootWinPv  controlwin.o
    0x080048b0   0x00000012   Code   RO         7126    i._ZN10controlWinD0Ev  controlwin.o
    0x080048c2   0x00000010   Code   RO         7127    i._ZN10controlWinD2Ev  controlwin.o
    0x080048d2   0x0000001a   Code   RO         7687    i._ZN10listBarWin10destroyWinEv  listbarwin.o
    0x080048ec   0x00000008   Code   RO         7812    i._ZN10listBarWin11getItemHighEv  listbarwin.o
    0x080048f4   0x00000074   Code   RO         7688    i._ZN10listBarWin11readFromBufEv  listbarwin.o
    0x08004968   0x0000000c   Code   RO         7689    i._ZN10listBarWin11registerWinEv  listbarwin.o
    0x08004974   0x000001aa   Code   RO         7690    i._ZN10listBarWin12pressListBarEv  listbarwin.o
    0x08004b1e   0x0000000c   Code   RO         7691    i._ZN10listBarWin13unregisterWinEv  listbarwin.o
    0x08004b2a   0x00000002   PAD
    0x08004b2c   0x00000120   Code   RO         7692    i._ZN10listBarWin14changeOpenListEv  listbarwin.o
    0x08004c4c   0x0000001a   Code   RO         7694    i._ZN10listBarWin14releaseListBarEv  listbarwin.o
    0x08004c66   0x00000018   Code   RO         7695    i._ZN10listBarWin15changeOpenStateEv  listbarwin.o
    0x08004c7e   0x00000002   PAD
    0x08004c80   0x000000d8   Code   RO         7696    i._ZN10listBarWin8itemInitEPPch  listbarwin.o
    0x08004d58   0x000001a8   Code   RO         7697    i._ZN10listBarWin8paintWinEv  listbarwin.o
    0x08004f00   0x00000074   Code   RO         7698    i._ZN10listBarWin9saveToBufEv  listbarwin.o
    0x08004f74   0x0000004c   Code   RO         7699    i._ZN10listBarWinC1EttttPcP7rootWinPv  listbarwin.o
    0x08004fc0   0x00000012   Code   RO         7700    i._ZN10listBarWinD0Ev  listbarwin.o
    0x08004fd2   0x0000001c   Code   RO         7701    i._ZN10listBarWinD1Ev  listbarwin.o
    0x08004fee   0x0000002a   Code   RO         8076    i._ZN10textBarWin10deleteCharEv  textbarwin.o
    0x08005018   0x00000012   Code   RO         8077    i._ZN10textBarWin10destroyWinEv  textbarwin.o
    0x0800502a   0x00000056   Code   RO         8078    i._ZN10textBarWin10returnLineEv  textbarwin.o
    0x08005080   0x000000b8   Code   RO         8080    i._ZN10textBarWin11displayCharEc  textbarwin.o
    0x08005138   0x0000000c   Code   RO         8081    i._ZN10textBarWin11registerWinEv  textbarwin.o
    0x08005144   0x0000000c   Code   RO         8083    i._ZN10textBarWin13unregisterWinEv  textbarwin.o
    0x08005150   0x0000006c   Code   RO         8084    i._ZN10textBarWin8paintWinEv  textbarwin.o
    0x080051bc   0x00000070   Code   RO         8085    i._ZN10textBarWin9writeCharEc  textbarwin.o
    0x0800522c   0x00000090   Code   RO         8086    i._ZN10textBarWinC1EttttPcP7rootWinPv  textbarwin.o
    0x080052bc   0x00000012   Code   RO         8087    i._ZN10textBarWinD0Ev  textbarwin.o
    0x080052ce   0x00000010   Code   RO         8088    i._ZN10textBarWinD1Ev  textbarwin.o
    0x080052de   0x00000010   Code   RO         8708    i._ZN11comboBoxWin12comboBoxInitEv  comboboxwin.o
    0x080052ee   0x0000000c   Code   RO         8709    i._ZN11comboBoxWin15comboBoxDestroyEv  comboboxwin.o
    0x080052fa   0x00000006   Code   RO         7806    i._ZN11comboBoxWin8getRwNumEv  listbarwin.o
    0x08005300   0x00000006   Code   RO         7413    i._ZN11comboBoxWin9getRwListEv  mainwin.o
    0x08005306   0x00000008   Code   RO         8710    i._ZN11comboBoxWinC1Ev  comboboxwin.o
    0x0800530e   0x00000002   Code   RO         8711    i._ZN11comboBoxWinD1Ev  comboboxwin.o
    0x08005310   0x0000001a   Code   RO         8340    i._ZN11radioBtnWin10destroyWinEv  radiobtnwin.o
    0x0800532a   0x0000000c   Code   RO         8341    i._ZN11radioBtnWin11registerWinEv  radiobtnwin.o
    0x08005336   0x00000060   Code   RO         8342    i._ZN11radioBtnWin12optionSelectEP9optionWin  radiobtnwin.o
    0x08005396   0x00000002   PAD
    0x08005398   0x0000018c   Code   RO         8343    i._ZN11radioBtnWin12radioBtnInitEPPchb  radiobtnwin.o
    0x08005524   0x0000000c   Code   RO         8344    i._ZN11radioBtnWin13unregisterWinEv  radiobtnwin.o
    0x08005530   0x00000002   Code   RO         8345    i._ZN11radioBtnWin8paintWinEv  radiobtnwin.o
    0x08005532   0x00000002   PAD
    0x08005534   0x00000048   Code   RO         8346    i._ZN11radioBtnWinC1EttttPcP7rootWinPv  radiobtnwin.o
    0x0800557c   0x00000012   Code   RO         8347    i._ZN11radioBtnWinD0Ev  radiobtnwin.o
    0x0800558e   0x0000001c   Code   RO         8348    i._ZN11radioBtnWinD1Ev  radiobtnwin.o
    0x080055aa   0x0000000c   Code   RO         7977    i._ZN11trackBarWin10destroyWinEv  trackbarwin.o
    0x080055b6   0x000000e8   Code   RO         7978    i._ZN11trackBarWin11paintSliderEtt  trackbarwin.o
    0x0800569e   0x0000000c   Code   RO         7979    i._ZN11trackBarWin11registerWinEv  trackbarwin.o
    0x080056aa   0x00000094   Code   RO         7980    i._ZN11trackBarWin13generateValueEv  trackbarwin.o
    0x0800573e   0x0000002e   Code   RO         7981    i._ZN11trackBarWin13releaseSliderEv  trackbarwin.o
    0x0800576c   0x00000088   Code   RO         7982    i._ZN11trackBarWin13sliderSlidingEtt  trackbarwin.o
    0x080057f4   0x0000000c   Code   RO         7983    i._ZN11trackBarWin13unregisterWinEv  trackbarwin.o
    0x08005800   0x00000010   Code   RO         7649    i._ZN11trackBarWin14getSliderValueEv  createwin.o
    0x08005810   0x00000088   Code   RO         7984    i._ZN11trackBarWin8paintWinEv  trackbarwin.o
    0x08005898   0x00000088   Code   RO         7985    i._ZN11trackBarWinC1EttttPcP7rootWinPvb  trackbarwin.o
    0x08005920   0x00000012   Code   RO         7986    i._ZN11trackBarWinD0Ev  trackbarwin.o
    0x08005932   0x00000010   Code   RO         7987    i._ZN11trackBarWinD1Ev  trackbarwin.o
    0x08005942   0x0000001e   Code   RO         8444    i._ZN12trackTextWin10destroyWinEv  tracktextwin.o
    0x08005960   0x0000000c   Code   RO         8445    i._ZN12trackTextWin11registerWinEv  tracktextwin.o
    0x0800596c   0x00000016   Code   RO         8446    i._ZN12trackTextWin13releaseSliderEv  tracktextwin.o
    0x08005982   0x00000028   Code   RO         8447    i._ZN12trackTextWin13sliderSlidingEtt  tracktextwin.o
    0x080059aa   0x000000fc   Code   RO         8448    i._ZN12trackTextWin13trackTextInitEv  tracktextwin.o
    0x08005aa6   0x0000000c   Code   RO         8449    i._ZN12trackTextWin13unregisterWinEv  tracktextwin.o
    0x08005ab2   0x0000001e   Code   RO         8450    i._ZN12trackTextWin8paintWinEv  tracktextwin.o
    0x08005ad0   0x000000b2   Code   RO         8451    i._ZN12trackTextWin9paintTextEv  tracktextwin.o
    0x08005b82   0x00000002   PAD
    0x08005b84   0x00000044   Code   RO         8452    i._ZN12trackTextWinC1EttttPcP7rootWinPv  tracktextwin.o
    0x08005bc8   0x00000012   Code   RO         8453    i._ZN12trackTextWinD0Ev  tracktextwin.o
    0x08005bda   0x0000001c   Code   RO         8454    i._ZN12trackTextWinD1Ev  tracktextwin.o
    0x08005bf6   0x0000000c   Code   RO         8193    i._ZN14progressBarWin10destroyWinEv  progressbarwin.o
    0x08005c02   0x00000030   Code   RO         8194    i._ZN14progressBarWin11paintBarWinEv  progressbarwin.o
    0x08005c32   0x0000000c   Code   RO         8195    i._ZN14progressBarWin11registerWinEv  progressbarwin.o
    0x08005c3e   0x0000000c   Code   RO         8196    i._ZN14progressBarWin13unregisterWinEv  progressbarwin.o
    0x08005c4a   0x00000022   Code   RO         8197    i._ZN14progressBarWin16setProgressValueEh  progressbarwin.o
    0x08005c6c   0x0000005c   Code   RO         8198    i._ZN14progressBarWin8paintWinEv  progressbarwin.o
    0x08005cc8   0x00000040   Code   RO         8199    i._ZN14progressBarWinC1EttttPcP7rootWinPv  progressbarwin.o
    0x08005d08   0x00000012   Code   RO         8200    i._ZN14progressBarWinD0Ev  progressbarwin.o
    0x08005d1a   0x00000010   Code   RO         8201    i._ZN14progressBarWinD1Ev  progressbarwin.o
    0x08005d2a   0x0000000c   Code   RO         7459    i._ZN14staticFrameWin10destroyWinEv  staticframewin.o
    0x08005d36   0x0000000c   Code   RO         7460    i._ZN14staticFrameWin11registerWinEv  staticframewin.o
    0x08005d42   0x0000000c   Code   RO         7461    i._ZN14staticFrameWin13unregisterWinEv  staticframewin.o
    0x08005d4e   0x00000062   Code   RO         7462    i._ZN14staticFrameWin8paintWinEv  staticframewin.o
    0x08005db0   0x00000038   Code   RO         7463    i._ZN14staticFrameWinC1EttttPcP7rootWinPv  staticframewin.o
    0x08005de8   0x00000012   Code   RO         7464    i._ZN14staticFrameWinD0Ev  staticframewin.o
    0x08005dfa   0x00000010   Code   RO         7465    i._ZN14staticFrameWinD1Ev  staticframewin.o
    0x08005e0a   0x00000014   Code   RO         8561    i._ZN14virKeyboardWin10destroyWinEv  virkeyboardwin.o
    0x08005e1e   0x00000002   PAD
    0x08005e20   0x00000074   Code   RO         8562    i._ZN14virKeyboardWin11readFromBufEv  virkeyboardwin.o
    0x08005e94   0x0000001a   Code   RO         8563    i._ZN14virKeyboardWin11registerWinEv  virkeyboardwin.o
    0x08005eae   0x00000002   PAD
    0x08005eb0   0x00000708   Code   RO         8564    i._ZN14virKeyboardWin12keyBoardInitEv  virkeyboardwin.o
    0x080065b8   0x00000110   Code   RO         8565    i._ZN14virKeyboardWin13intConverCharEjjPc  virkeyboardwin.o
    0x080066c8   0x0000000c   Code   RO         8566    i._ZN14virKeyboardWin13unregisterWinEv  virkeyboardwin.o
    0x080066d4   0x0000003e   Code   RO         8567    i._ZN14virKeyboardWin16keyboardSendCharEc  virkeyboardwin.o
    0x08006712   0x0000001c   Code   RO         8568    i._ZN14virKeyboardWin16wakeupAndConnectEP7rootWin  virkeyboardwin.o
    0x0800672e   0x0000000c   Code   RO         8569    i._ZN14virKeyboardWin8paintWinEv  virkeyboardwin.o
    0x0800673a   0x00000002   PAD
    0x0800673c   0x00000074   Code   RO         8570    i._ZN14virKeyboardWin9saveToBufEv  virkeyboardwin.o
    0x080067b0   0x00000050   Code   RO         8571    i._ZN14virKeyboardWinC1EttttPcP7rootWinPv  virkeyboardwin.o
    0x08006800   0x00000012   Code   RO         8572    i._ZN14virKeyboardWinD0Ev  virkeyboardwin.o
    0x08006812   0x0000001c   Code   RO         8573    i._ZN14virKeyboardWinD1Ev  virkeyboardwin.o
    0x0800682e   0x00000014   Code   RO         7336    i._ZN7mainWin10destroyWinEv  mainwin.o
    0x08006842   0x00000006   Code   RO         7337    i._ZN7mainWin10getBackWinEv  mainwin.o
    0x08006848   0x0000000c   Code   RO         7338    i._ZN7mainWin11registerWinEv  mainwin.o
    0x08006854   0x0000000c   Code   RO         7339    i._ZN7mainWin13unregisterWinEv  mainwin.o
    0x08006860   0x00000002   Code   RO         7340    i._ZN7mainWin8paintWinEv  mainwin.o
    0x08006862   0x00000002   PAD
    0x08006864   0x000001b4   Code   RO         7341    i._ZN7mainWin9styleInitEv  mainwin.o
    0x08006a18   0x0000004c   Code   RO         7342    i._ZN7mainWinC1EttttPcP7rootWinPvh  mainwin.o
    0x08006a64   0x00000012   Code   RO         7343    i._ZN7mainWinD0Ev   mainwin.o
    0x08006a76   0x0000001c   Code   RO         7344    i._ZN7mainWinD1Ev   mainwin.o
    0x08006a92   0x00000014   Code   RO         6899    i._ZN7rootWin10destroyWinEv  rootwin.o
    0x08006aa6   0x00000006   Code   RO         7052    i._ZN7rootWin10getBrotherEv  rootwin.o
    0x08006aac   0x00000006   Code   RO         7279    i._ZN7rootWin10getWinHighEv  buttonwin.o
    0x08006ab2   0x00000006   Code   RO         7794    i._ZN7rootWin10getWinNameEv  listbarwin.o
    0x08006ab8   0x00000050   Code   RO         6900    i._ZN7rootWin10movtoFrontEv  rootwin.o
    0x08006b08   0x00000004   Code   RO         7064    i._ZN7rootWin10setBrotherEPS_  rootwin.o
    0x08006b0c   0x00000004   Code   RO         7800    i._ZN7rootWin10setWinHighEt  listbarwin.o
    0x08006b10   0x0000000a   Code   RO         6901    i._ZN7rootWin10setWinProcEPFvPS_S0_7MsgTypejjE  rootwin.o
    0x08006b1a   0x00000006   Code   RO         7273    i._ZN7rootWin11getWinWidthEv  buttonwin.o
    0x08006b20   0x00000018   Code   RO         6902    i._ZN7rootWin11registerWinEv  rootwin.o
    0x08006b38   0x0000003c   Code   RO         6903    i._ZN7rootWin12addWintoTreeEv  rootwin.o
    0x08006b74   0x00000048   Code   RO         6904    i._ZN7rootWin12destroyCAndBEv  rootwin.o
    0x08006bbc   0x00000006   Code   RO         7040    i._ZN7rootWin12getAbsoluteXEv  rootwin.o
    0x08006bc2   0x00000006   Code   RO         7034    i._ZN7rootWin12getAbsoluteYEv  rootwin.o
    0x08006bc8   0x00000026   Code   RO         6905    i._ZN7rootWin13sendMSGtoBackEP7messagePv  rootwin.o
    0x08006bee   0x00000038   Code   RO         6906    i._ZN7rootWin13setAbsoluteXYEv  rootwin.o
    0x08006c26   0x00000018   Code   RO         6907    i._ZN7rootWin13unregisterWinEv  rootwin.o
    0x08006c3e   0x00000054   Code   RO         6908    i._ZN7rootWin14remWinfromTreeEv  rootwin.o
    0x08006c92   0x00000038   Code   RO         6910    i._ZN7rootWin16preTraversePaintEPS_  rootwin.o
    0x08006cca   0x00000016   Code   RO         6911    i._ZN7rootWin17changSelectedStatEv  rootwin.o
    0x08006ce0   0x00000006   Code   RO         7058    i._ZN7rootWin8getChildEv  rootwin.o
    0x08006ce6   0x00000006   Code   RO         7407    i._ZN7rootWin8getQueueEv  mainwin.o
    0x08006cec   0x00000040   Code   RO         6912    i._ZN7rootWin8isInAreaEtt  rootwin.o
    0x08006d2c   0x0000001c   Code   RO         6913    i._ZN7rootWin8paintAllEv  rootwin.o
    0x08006d48   0x00000004   Code   RO         7070    i._ZN7rootWin8setChildEPS_  rootwin.o
    0x08006d4c   0x00000006   Code   RO         7046    i._ZN7rootWin9getParentEv  rootwin.o
    0x08006d52   0x00000076   Code   RO         6914    i._ZN7rootWin9locateWinEtt  rootwin.o
    0x08006dc8   0x00000090   Code   RO         6916    i._ZN7rootWinC2EttttPcPS_Pv  rootwin.o
    0x08006e58   0x00000012   Code   RO         6917    i._ZN7rootWinD0Ev   rootwin.o
    0x08006e6a   0x00000002   Code   RO         6918    i._ZN7rootWinD2Ev   rootwin.o
    0x08006e6c   0x0000000c   Code   RO         7202    i._ZN9buttonWin10destroyWinEv  buttonwin.o
    0x08006e78   0x000000ba   Code   RO         7203    i._ZN9buttonWin11pressButtonEv  buttonwin.o
    0x08006f32   0x0000000c   Code   RO         7204    i._ZN9buttonWin11registerWinEv  buttonwin.o
    0x08006f3e   0x0000001a   Code   RO         7206    i._ZN9buttonWin13releaseButtonEv  buttonwin.o
    0x08006f58   0x0000000c   Code   RO         7207    i._ZN9buttonWin13unregisterWinEv  buttonwin.o
    0x08006f64   0x000000b2   Code   RO         7208    i._ZN9buttonWin8paintWinEv  buttonwin.o
    0x08007016   0x00000002   PAD
    0x08007018   0x00000048   Code   RO         7209    i._ZN9buttonWinC1EttttPcP7rootWinPv  buttonwin.o
    0x08007060   0x00000012   Code   RO         7210    i._ZN9buttonWinD0Ev  buttonwin.o
    0x08007072   0x00000010   Code   RO         7211    i._ZN9buttonWinD1Ev  buttonwin.o
    0x08007082   0x00000002   PAD
    0x08007084   0x000001d0   Code   RO         8751    i._ZN9dialogWin10dialogInitEv  dialogwin.o
    0x08007254   0x00000014   Code   RO         8752    i._ZN9dialogWin11closeDialogEv  dialogwin.o
    0x08007268   0x00000078   Code   RO         8753    i._ZN9dialogWin11readFromBufEv  dialogwin.o
    0x080072e0   0x0000001a   Code   RO         8754    i._ZN9dialogWin11registerWinEv  dialogwin.o
    0x080072fa   0x00000002   PAD
    0x080072fc   0x00000078   Code   RO         8755    i._ZN9dialogWin9saveToBufEv  dialogwin.o
    0x08007374   0x00000034   Code   RO         8756    i._ZN9dialogWinC1EttttPcP7rootWinPvh  dialogwin.o
    0x080073a8   0x00000012   Code   RO         8757    i._ZN9dialogWinD0Ev  dialogwin.o
    0x080073ba   0x00000010   Code   RO         8758    i._ZN9dialogWinD1Ev  dialogwin.o
    0x080073ca   0x0000000c   Code   RO         7868    i._ZN9optionWin10destroyWinEv  optionwin.o
    0x080073d6   0x0000001a   Code   RO         7869    i._ZN9optionWin11clickOptionEv  optionwin.o
    0x080073f0   0x00000194   Code   RO         7870    i._ZN9optionWin11paintOptionEv  optionwin.o
    0x08007584   0x0000000c   Code   RO         7871    i._ZN9optionWin11registerWinEv  optionwin.o
    0x08007590   0x0000000c   Code   RO         7873    i._ZN9optionWin13unregisterWinEv  optionwin.o
    0x0800759c   0x00000016   Code   RO         7874    i._ZN9optionWin15changSelectStatEv  optionwin.o
    0x080075b2   0x000000da   Code   RO         7875    i._ZN9optionWin8paintWinEv  optionwin.o
    0x0800768c   0x00000040   Code   RO         7876    i._ZN9optionWinC1EttttPcP7rootWinPvb  optionwin.o
    0x080076cc   0x00000012   Code   RO         7877    i._ZN9optionWinD0Ev  optionwin.o
    0x080076de   0x00000010   Code   RO         7878    i._ZN9optionWinD1Ev  optionwin.o
    0x080076ee   0x00000008   Code   RO        10438    i._ZdlPv            cpprt_w.l(delete.o)
    0x080076f6   0x00000008   Code   RO        10434    i._Znaj             cpprt_w.l(array_new.o)
    0x080076fe   0x00000002   PAD
    0x08007700   0x00000028   Code   RO        10441    i._Znwj             cpprt_w.l(new.o)
    0x08007728   0x00000020   Code   RO        10778    i.__0printf$8       mc_w.l(printf8.o)
    0x08007748   0x00000006   Code   RO        10445    i.__cxa_pure_virtual  cpprt_w.l(pure_virt.o)
    0x0800774e   0x0000000e   Code   RO        10978    i.__scatterload_copy  mc_w.l(handlers.o)
    0x0800775c   0x00000002   Code   RO        10979    i.__scatterload_null  mc_w.l(handlers.o)
    0x0800775e   0x0000000e   Code   RO        10980    i.__scatterload_zeroinit  mc_w.l(handlers.o)
    0x0800776c   0x00000018   Code   RO         7554    i.__sti___13_createWin_cpp_d520d27c  createwin.o
    0x08007784   0x00000410   Code   RO        10785    i._printf_core      mc_w.l(printf8.o)
    0x08007b94   0x00000024   Code   RO        10786    i._printf_post_padding  mc_w.l(printf8.o)
    0x08007bb8   0x0000002e   Code   RO        10787    i._printf_pre_padding  mc_w.l(printf8.o)
    0x08007be6   0x00000002   PAD
    0x08007be8   0x00000024   Code   RO         6205    i.fputc             usartconfig.o
    0x08007c0c   0x00000050   Code   RO        10887    i.free              mc_w.l(malloc.o)
    0x08007c5c   0x0000000c   Code   RO         6846    i.getTouchUP        tgui_conf.o
    0x08007c68   0x00000024   Code   RO         5161    i.main              main.o
    0x08007c8c   0x0000006c   Code   RO        10888    i.malloc            mc_w.l(malloc.o)
    0x08007cf8   0x00000098   Code   RO         9690    i.prvAddCurrentTaskToDelayedList  tasks.o
    0x08007d90   0x000000b8   Code   RO         9691    i.prvAddNewTaskToReadyList  tasks.o
    0x08007e48   0x00000064   Code   RO        10027    i.prvCheckForValidListAndQueue  timers.o
    0x08007eac   0x00000064   Code   RO         9692    i.prvCheckTasksWaitingTermination  tasks.o
    0x08007f10   0x0000002a   Code   RO         9492    i.prvCopyDataFromQueue  queue.o
    0x08007f3a   0x0000007c   Code   RO         9493    i.prvCopyDataToQueue  queue.o
    0x08007fb6   0x00000012   Code   RO         9693    i.prvDeleteTCB      tasks.o
    0x08007fc8   0x00000028   Code   RO        10028    i.prvGetNextExpireTime  timers.o
    0x08007ff0   0x0000007c   Code   RO        10237    i.prvHeapInit       heap_4.o
    0x0800806c   0x00000028   Code   RO         9694    i.prvIdleTask       tasks.o
    0x08008094   0x0000002a   Code   RO         9495    i.prvInitialiseNewQueue  queue.o
    0x080080be   0x000000b4   Code   RO         9695    i.prvInitialiseNewTask  tasks.o
    0x08008172   0x00000002   PAD
    0x08008174   0x00000068   Code   RO         9696    i.prvInitialiseTaskLists  tasks.o
    0x080081dc   0x00000068   Code   RO        10238    i.prvInsertBlockIntoFreeList  heap_4.o
    0x08008244   0x00000058   Code   RO        10030    i.prvInsertTimerInActiveList  timers.o
    0x0800829c   0x0000001a   Code   RO         9496    i.prvIsQueueEmpty   queue.o
    0x080082b6   0x0000001e   Code   RO         9497    i.prvIsQueueFull    queue.o
    0x080082d4   0x00000064   Code   RO        10031    i.prvProcessExpiredTimer  timers.o
    0x08008338   0x000000f8   Code   RO        10032    i.prvProcessReceivedCommands  timers.o
    0x08008430   0x00000074   Code   RO        10033    i.prvProcessTimerOrBlockTask  timers.o
    0x080084a4   0x00000034   Code   RO         9698    i.prvResetNextTaskUnblockTime  tasks.o
    0x080084d8   0x0000002c   Code   RO        10034    i.prvSampleTimeNow  timers.o
    0x08008504   0x000000a0   Code   RO        10035    i.prvSwitchTimerLists  timers.o
    0x080085a4   0x00000040   Code   RO        10159    i.prvTaskExitError  port.o
    0x080085e4   0x0000001a   Code   RO        10036    i.prvTimerTask      timers.o
    0x080085fe   0x0000007e   Code   RO         9498    i.prvUnlockQueue    queue.o
    0x0800867c   0x0000013c   Code   RO        10239    i.pvPortMalloc      heap_4.o
    0x080087b8   0x00000020   Code   RO         9701    i.pvTaskIncrementMutexHeldCount  tasks.o
    0x080087d8   0x0000002c   Code   RO        10160    i.pxPortInitialiseStack  port.o
    0x08008804   0x00000028   Code   RO         9455    i.uxListRemove      list.o
    0x0800882c   0x0000001a   Code   RO         9456    i.vListInitialise   list.o
    0x08008846   0x00000006   Code   RO         9457    i.vListInitialiseItem  list.o
    0x0800884c   0x00000034   Code   RO         9458    i.vListInsert       list.o
    0x08008880   0x00000018   Code   RO         9459    i.vListInsertEnd    list.o
    0x08008898   0x00000054   Code   RO        10162    i.vPortEnterCritical  port.o
    0x080088ec   0x0000003c   Code   RO        10163    i.vPortExitCritical  port.o
    0x08008928   0x00000094   Code   RO        10240    i.vPortFree         heap_4.o
    0x080089bc   0x00000020   Code   RO        10164    i.vPortSetupTimerInterrupt  port.o
    0x080089dc   0x00000078   Code   RO        10165    i.vPortValidateInterruptPriority  port.o
    0x08008a54   0x0000002c   Code   RO         9504    i.vQueueAddToRegistry  queue.o
    0x08008a80   0x0000004a   Code   RO         9508    i.vQueueWaitForMessageRestricted  queue.o
    0x08008aca   0x00000002   PAD
    0x08008acc   0x0000000c   Code   RO         9714    i.vTaskMissedYield  tasks.o
    0x08008ad8   0x00000038   Code   RO         9716    i.vTaskPlaceOnEventList  tasks.o
    0x08008b10   0x00000040   Code   RO         9717    i.vTaskPlaceOnEventListRestricted  tasks.o
    0x08008b50   0x000000b0   Code   RO         9719    i.vTaskPriorityInherit  tasks.o
    0x08008c00   0x00000030   Code   RO         9723    i.vTaskSetTimeOutState  tasks.o
    0x08008c30   0x00000094   Code   RO         9724    i.vTaskStartScheduler  tasks.o
    0x08008cc4   0x00000010   Code   RO         9726    i.vTaskSuspendAll   tasks.o
    0x08008cd4   0x0000008c   Code   RO         9727    i.vTaskSwitchContext  tasks.o
    0x08008d60   0x0000013c   Code   RO        10166    i.xPortStartScheduler  port.o
    0x08008e9c   0x00000058   Code   RO         9511    i.xQueueGenericCreate  queue.o
    0x08008ef4   0x000001c4   Code   RO         9512    i.xQueueGenericReceive  queue.o
    0x080090b8   0x00000098   Code   RO         9513    i.xQueueGenericReset  queue.o
    0x08009150   0x000001a8   Code   RO         9514    i.xQueueGenericSend  queue.o
    0x080092f8   0x000000f8   Code   RO         9515    i.xQueueGenericSendFromISR  queue.o
    0x080093f0   0x0000008c   Code   RO         9728    i.xTaskCheckForTimeOut  tasks.o
    0x0800947c   0x00000060   Code   RO         9729    i.xTaskCreate       tasks.o
    0x080094dc   0x00000020   Code   RO         9733    i.xTaskGetSchedulerState  tasks.o
    0x080094fc   0x0000000c   Code   RO         9734    i.xTaskGetTickCount  tasks.o
    0x08009508   0x00000148   Code   RO         9736    i.xTaskIncrementTick  tasks.o
    0x08009650   0x000000c8   Code   RO         9739    i.xTaskPriorityDisinherit  tasks.o
    0x08009718   0x00000098   Code   RO         9740    i.xTaskRemoveFromEventList  tasks.o
    0x080097b0   0x00000104   Code   RO         9742    i.xTaskResumeAll    tasks.o
    0x080098b4   0x00000058   Code   RO        10040    i.xTimerCreateTimerTask  timers.o
    0x0800990c   0x00000084   Code   RO        10041    i.xTimerGenericCommand  timers.o
    0x08009990   0x000000fc   Data   RO         6300    .constdata          gt9xx.o
    0x08009a8c   0x00000018   Data   RO         7570    .constdata          createwin.o
    0x08009aa4   0x000000e8   Data   RO         8588    .constdata          virkeyboardwin.o
    0x08009b8c   0x000029d0   Data   RO         9317    .constdata          fonts.o
    0x0800c55c   0x00000020   Data   RO         7163    .constdata__ZTV10controlWin  controlwin.o
    0x0800c57c   0x00000020   Data   RO         7793    .constdata__ZTV10listBarWin  listbarwin.o
    0x0800c59c   0x00000020   Data   RO         8166    .constdata__ZTV10textBarWin  textbarwin.o
    0x0800c5bc   0x00000020   Data   RO         8411    .constdata__ZTV11radioBtnWin  radiobtnwin.o
    0x0800c5dc   0x00000020   Data   RO         8053    .constdata__ZTV11trackBarWin  trackbarwin.o
    0x0800c5fc   0x00000020   Data   RO         8521    .constdata__ZTV12trackTextWin  tracktextwin.o
    0x0800c61c   0x00000020   Data   RO         8257    .constdata__ZTV14progressBarWin  progressbarwin.o
    0x0800c63c   0x00000020   Data   RO         7511    .constdata__ZTV14staticFrameWin  staticframewin.o
    0x0800c65c   0x00000020   Data   RO         8659    .constdata__ZTV14virKeyboardWin  virkeyboardwin.o
    0x0800c67c   0x00000020   Data   RO         7406    .constdata__ZTV7mainWin  mainwin.o
    0x0800c69c   0x00000020   Data   RO         7033    .constdata__ZTV7rootWin  rootwin.o
    0x0800c6bc   0x00000020   Data   RO         7272    .constdata__ZTV9buttonWin  buttonwin.o
    0x0800c6dc   0x00000020   Data   RO         8816    .constdata__ZTV9dialogWin  dialogwin.o
    0x0800c6fc   0x00000020   Data   RO         7944    .constdata__ZTV9optionWin  optionwin.o
    0x0800c71c   0x000000a1   Data   RO         6301    .conststring        gt9xx.o
    0x0800c7bd   0x00000003   PAD
    0x0800c7c0   0x00000030   Data   RO         7571    .conststring        createwin.o
    0x0800c7f0   0x000000f3   Data   RO         8589    .conststring        virkeyboardwin.o
    0x0800c8e3   0x00000001   PAD
    0x0800c8e4   0x00000040   Data   RO        10976    Region$$Table       anon$$obj.o
    0x0800c924   0x00000004   Data   RO         7573    .init_array         createwin.o
    0x0800c928   0x00000000   Data   RO        10833    .init_array         mc_w.l(cpp_init.o)


    Execution Region RW_IRAM1 (Base: 0x20000000, Size: 0x00000908, Max: 0x00030000, ABSOLUTE, COMPRESSED[0x00000118])

    Base Addr    Size         Type   Attr      Idx    E Section Name        Object

    0x20000000   0x00000014   Data   RW           16    .data               system_stm32f4xx.o
    0x20000014   0x00000010   Data   RW         3013    .data               stm32f4xx_rcc.o
    0x20000024   0x00000004   Data   RW         5164    .data               main.o
    0x20000028   0x00000004   Data   RW         5429    .data               stm32f4xx_it.o
    0x2000002c   0x00000010   Data   RW         5756    .data               lcdconfig.o
    0x2000003c   0x00000283   Data   RW         6302    .data               gt9xx.o
    0x200002bf   0x00000001   PAD
    0x200002c0   0x00000004   Data   RW         6510    .data               touch_i2c.o
    0x200002c4   0x00000018   Data   RW         6616    .data               sdcardconfig.o
    0x200002dc   0x0000000b   Data   RW         6847    .data               tgui_conf.o
    0x200002e7   0x00000001   PAD
    0x200002e8   0x00000014   Data   RW         7572    .data               createwin.o
    0x200002fc   0x00000021   Data   RW         9318    .data               fonts.o
    0x2000031d   0x00000003   PAD
    0x20000320   0x0000003c   Data   RW         9745    .data               tasks.o
    0x2000035c   0x00000014   Data   RW        10047    .data               timers.o
    0x20000370   0x0000000c   Data   RW        10167    .data               port.o
    0x2000037c   0x00000018   Data   RW        10244    .data               heap_4.o
    0x20000394   0x00000004   Data   RW        10880    .data               mc_w.l(stdout.o)
    0x20000398   0x00000004   Data   RW        10917    .data               mc_w.l(cpp_memory.o)
    0x2000039c   0x00000008   Data   RW        10922    .data               mc_w.l(cpp_unwinder.o)
    0x200003a4   0x00000004   Data   RW        10964    .data               mc_w.l(mvars.o)
    0x200003a8   0x00000004   Data   RW        10965    .data               mc_w.l(mvars.o)
    0x200003ac   0x00000028   Zero   RW         5163    .bss                main.o
    0x200003d4   0x00000040   Zero   RW         9523    .bss                queue.o
    0x20000414   0x000000c8   Zero   RW         9744    .bss                tasks.o
    0x200004dc   0x00000028   Zero   RW        10046    .bss                timers.o
    0x20000504   0x00000004   PAD
    0x20000508   0x00000400   Zero   RW            1    STACK               startup_stm32f429_439xx.o


    Execution Region RW_ERAM1 (Base: 0xd0000000, Size: 0x0018bc00, Max: 0x00800000, ABSOLUTE, COMPRESSED[0x0000316c])

    Base Addr    Size         Type   Attr      Idx    E Section Name        Object

    0xd0000000   0x000bb800   Data   RW         5757    EXRAM               lcdconfig.o
    0xd00bb800   0x000bb800   Data   RW         6848    EXRAM               tgui_conf.o
    0xd0177000   0x00012c00   Data   RW        10245    EXRAM               heap_4.o
    0xd0189c00   0x00002000   Zero   RW            2    HEAP                startup_stm32f429_439xx.o


==============================================================================

Image component sizes


      Code (inc. data)   RO Data    RW Data    ZI Data      Debug   Object Name

       564          4         32          0          0      20168   buttonwin.o
        38          0          0          0          0       1828   comboboxwin.o
       296          8         32          0          0      16120   controlwin.o
      3388        700         76         20          0      25062   createwin.o
        18          0          0          0          0        764   delaytemp.o
      1012         68         32          0          0      19928   dialogwin.o
         0          0          0          0          0      11712   event_groups.o
       220         10          0          0          0       1902   flashconfig.o
         0          0      10704         33          0       2014   fonts.o
      1902        466        413        643          0      14938   gt9xx.o
       692         62          0      76824          0       4235   heap_4.o
      3098        168          0     768016          0      16032   lcdconfig.o
       200         24          0          0          0       2025   ledconfig.o
       148          0          0          0          0       3026   list.o
      2000         90         32          0          0      26424   listbarwin.o
        36          0          0          4         40      20973   main.o
       858         34         32          0          0      21520   mainwin.o
       140         24          0          0          0       1663   misc.o
       804         12         32          0          0      19452   optionwin.o
       954         92          0         12          0      11085   port.o
       308          8         32          0          0      17500   progressbarwin.o
      1872         22          0          0         64      12773   queue.o
       778         10         32          0          0      20616   radiobtnwin.o
       958         22         32          0          0      25972   rootwin.o
       228         18          0         24          0      11488   sdcardconfig.o
      1244         28          0          0          0       2994   sdramconfig.o
        44         12        428          0       9216        952   startup_stm32f429_439xx.o
       224          6         32          0          0      17312   staticframewin.o
        52         14          0          0          0       1892   stm32f4xx_dma.o
       294         20          0          0          0       3008   stm32f4xx_dma2d.o
       184         16          0          0          0       2248   stm32f4xx_exti.o
       452         20          0          0          0       3675   stm32f4xx_fmc.o
       240          0          0          0          0       4289   stm32f4xx_gpio.o
       456         14          0          0          0       7020   stm32f4xx_i2c.o
       182         28          0          4          0      13477   stm32f4xx_it.o
       778         32          0          0          0       5003   stm32f4xx_ltdc.o
       516         70          0         16          0       8583   stm32f4xx_rcc.o
        68         16          0          0          0       1788   stm32f4xx_sdio.o
        84          0          0          0          0       1865   stm32f4xx_spi.o
        64          4          0          0          0        684   stm32f4xx_syscfg.o
       468          8          0          0          0       6403   stm32f4xx_usart.o
       392         32          0         20          0     343609   system_stm32f4xx.o
      2742        358          0         60        200      20592   tasks.o
       752          4         32          0          0      18428   textbarwin.o
        96         42          0     768011          0       2895   tgui_conf.o
      1142        118          0         20         40      16675   timers.o
      1088        112          0          4          0       5375   touch_i2c.o
       904         16         32          0          0      17564   trackbarwin.o
       690          6         32          0          0      19832   tracktextwin.o
       342         24          0          0          0       3688   usartconfig.o
      2752         40        507          0          0      24116   virkeyboardwin.o

    ----------------------------------------------------------------------
     36816       2882      12612    1613716       9564     883187   Object Totals
         0          0         64          0          0          0   (incl. Generated)
        54          0          4          5          4          0   (incl. Padding)

    ----------------------------------------------------------------------

      Code (inc. data)   RO Data    RW Data    ZI Data      Debug   Library Member Name

        80         12          0          0          0        104   arm_exceptions_globs.o
        60          0          0          0          0        108   arm_exceptions_mem.o
        26          0          0          0          0         76   arm_exceptions_terminate.o
         4          0          0          0          0         68   arm_newhandler_noexceptions.o
         8          0          0          0          0         76   array_new.o
         8          0          0          0          0         76   delete.o
        40          6          0          0          0         76   new.o
         6          0          0          0          0         68   pure_virt.o
        86          0          0          0          0          0   __dczerorl2.o
        32         10          0          0          0         80   cpp_init.o
         8          4          0          4          0         68   cpp_memory.o
         2          0          0          0          0         68   cpp_signal.o
        32          6          0          8          0        252   cpp_unwinder.o
         0          0          0          0          0          0   entry.o
         0          0          0          0          0          0   entry10a.o
         0          0          0          0          0          0   entry11a.o
         8          4          0          0          0          0   entry2.o
         4          0          0          0          0          0   entry5.o
         0          0          0          0          0          0   entry7b.o
         4          0          0          0          0          0   entry8a.o
         0          0          0          0          0          0   entry8b.o
         8          4          0          0          0          0   entry9a.o
        30          0          0          0          0          0   handlers.o
        36          8          0          0          0         68   init.o
        30          0          0          0          0         68   llshl.o
        32          0          0          0          0         68   llushr.o
       188         20          0          0          0        160   malloc.o
        36          0          0          0          0         68   memcpya.o
        36          0          0          0          0        108   memseta.o
         0          0          0          8          0          0   mvars.o
      1154         54          0          0          0        352   printf8.o
         0          0          0          4          0          0   stdout.o
        98          0          0          0          0         92   uldiv.o

    ----------------------------------------------------------------------
      2068        128          0         24          0       2104   Library Totals
        12          0          0          0          0          0   (incl. Padding)

    ----------------------------------------------------------------------

      Code (inc. data)   RO Data    RW Data    ZI Data      Debug   Library Name

       232         18          0          0          0        652   cpprt_w.l
      1824        110          0         24          0       1452   mc_w.l

    ----------------------------------------------------------------------
      2068        128          0         24          0       2104   Library Totals

    ----------------------------------------------------------------------

==============================================================================


      Code (inc. data)   RO Data    RW Data    ZI Data      Debug   

     38884       3010      12612    1613740       9564     845835   Grand Totals
     38884       3010      12612      12932       9564     845835   ELF Image Totals (compressed)
     38884       3010      12612      12932          0          0   ROM Totals

==============================================================================

    Total RO  Size (Code + RO Data)                51496 (  50.29kB)
    Total RW  Size (RW Data + ZI Data)           1623304 (1585.26kB)
    Total ROM Size (Code + RO Data + RW Data)      64428 (  62.92kB)

==============================================================================

