Component: ARM Compiler 5.05 update 2 (build 169) Tool: armlink [4d0f33]

==============================================================================

Section Cross References

    startup_stm32f429_439xx.o(RESET) refers to startup_stm32f429_439xx.o(STACK) for __initial_sp
    startup_stm32f429_439xx.o(RESET) refers to startup_stm32f429_439xx.o(.text) for Reset_Handler
    startup_stm32f429_439xx.o(RESET) refers to stm32f4xx_it.o(i.NMI_Handler) for NMI_Handler
    startup_stm32f429_439xx.o(RESET) refers to stm32f4xx_it.o(i.HardFault_Handler) for HardFault_Handler
    startup_stm32f429_439xx.o(RESET) refers to stm32f4xx_it.o(i.MemManage_Handler) for MemManage_Handler
    startup_stm32f429_439xx.o(RESET) refers to stm32f4xx_it.o(i.BusFault_Handler) for BusFault_Handler
    startup_stm32f429_439xx.o(RESET) refers to stm32f4xx_it.o(i.UsageFault_Handler) for UsageFault_Handler
    startup_stm32f429_439xx.o(RESET) refers to port.o(.emb_text) for SVC_Handler
    startup_stm32f429_439xx.o(RESET) refers to stm32f4xx_it.o(i.DebugMon_Handler) for DebugMon_Handler
    startup_stm32f429_439xx.o(RESET) refers to port.o(i.SysTick_Handler) for SysTick_Handler
    startup_stm32f429_439xx.o(RESET) refers to stm32f4xx_it.o(i.USART1_IRQHandler) for USART1_IRQHandler
    startup_stm32f429_439xx.o(RESET) refers to stm32f4xx_it.o(i.EXTI15_10_IRQHandler) for EXTI15_10_IRQHandler
    startup_stm32f429_439xx.o(RESET) refers to sdcardconfig.o(i.SDIO_IRQHandler) for SDIO_IRQHandler
    startup_stm32f429_439xx.o(RESET) refers to sdcardconfig.o(i.DMA2_Stream3_IRQHandler) for DMA2_Stream3_IRQHandler
    startup_stm32f429_439xx.o(.text) refers to system_stm32f4xx.o(i.SystemInit) for SystemInit
    startup_stm32f429_439xx.o(.text) refers to sdramconfig.o(i.SDRAMConfig) for SDRAMConfig
    startup_stm32f429_439xx.o(.text) refers to entry.o(.ARM.Collect$$$$00000000) for __main
    system_stm32f4xx.o(i.SystemCoreClockUpdate) refers to system_stm32f4xx.o(.data) for SystemCoreClock
    system_stm32f4xx.o(i.SystemInit) refers to system_stm32f4xx.o(i.SetSysClock) for SetSysClock
    stm32f4xx_adc.o(i.ADC_DeInit) refers to stm32f4xx_rcc.o(i.RCC_APB2PeriphResetCmd) for RCC_APB2PeriphResetCmd
    stm32f4xx_can.o(i.CAN_DeInit) refers to stm32f4xx_rcc.o(i.RCC_APB1PeriphResetCmd) for RCC_APB1PeriphResetCmd
    stm32f4xx_can.o(i.CAN_GetITStatus) refers to stm32f4xx_can.o(i.CheckITStatus) for CheckITStatus
    stm32f4xx_cryp.o(i.CRYP_DeInit) refers to stm32f4xx_rcc.o(i.RCC_AHB2PeriphResetCmd) for RCC_AHB2PeriphResetCmd
    stm32f4xx_cryp_aes.o(i.CRYP_AES_CBC) refers to stm32f4xx_cryp.o(i.CRYP_KeyStructInit) for CRYP_KeyStructInit
    stm32f4xx_cryp_aes.o(i.CRYP_AES_CBC) refers to stm32f4xx_cryp.o(i.CRYP_FIFOFlush) for CRYP_FIFOFlush
    stm32f4xx_cryp_aes.o(i.CRYP_AES_CBC) refers to stm32f4xx_cryp.o(i.CRYP_Init) for CRYP_Init
    stm32f4xx_cryp_aes.o(i.CRYP_AES_CBC) refers to stm32f4xx_cryp.o(i.CRYP_KeyInit) for CRYP_KeyInit
    stm32f4xx_cryp_aes.o(i.CRYP_AES_CBC) refers to stm32f4xx_cryp.o(i.CRYP_Cmd) for CRYP_Cmd
    stm32f4xx_cryp_aes.o(i.CRYP_AES_CBC) refers to stm32f4xx_cryp.o(i.CRYP_GetFlagStatus) for CRYP_GetFlagStatus
    stm32f4xx_cryp_aes.o(i.CRYP_AES_CBC) refers to stm32f4xx_cryp.o(i.CRYP_IVInit) for CRYP_IVInit
    stm32f4xx_cryp_aes.o(i.CRYP_AES_CBC) refers to stm32f4xx_cryp.o(i.CRYP_GetCmdStatus) for CRYP_GetCmdStatus
    stm32f4xx_cryp_aes.o(i.CRYP_AES_CBC) refers to stm32f4xx_cryp.o(i.CRYP_DataIn) for CRYP_DataIn
    stm32f4xx_cryp_aes.o(i.CRYP_AES_CBC) refers to stm32f4xx_cryp.o(i.CRYP_DataOut) for CRYP_DataOut
    stm32f4xx_cryp_aes.o(i.CRYP_AES_CCM) refers to stm32f4xx_cryp.o(i.CRYP_KeyStructInit) for CRYP_KeyStructInit
    stm32f4xx_cryp_aes.o(i.CRYP_AES_CCM) refers to stm32f4xx_cryp.o(i.CRYP_FIFOFlush) for CRYP_FIFOFlush
    stm32f4xx_cryp_aes.o(i.CRYP_AES_CCM) refers to stm32f4xx_cryp.o(i.CRYP_KeyInit) for CRYP_KeyInit
    stm32f4xx_cryp_aes.o(i.CRYP_AES_CCM) refers to stm32f4xx_cryp.o(i.CRYP_IVInit) for CRYP_IVInit
    stm32f4xx_cryp_aes.o(i.CRYP_AES_CCM) refers to stm32f4xx_cryp.o(i.CRYP_Init) for CRYP_Init
    stm32f4xx_cryp_aes.o(i.CRYP_AES_CCM) refers to stm32f4xx_cryp.o(i.CRYP_PhaseConfig) for CRYP_PhaseConfig
    stm32f4xx_cryp_aes.o(i.CRYP_AES_CCM) refers to stm32f4xx_cryp.o(i.CRYP_DataIn) for CRYP_DataIn
    stm32f4xx_cryp_aes.o(i.CRYP_AES_CCM) refers to stm32f4xx_cryp.o(i.CRYP_Cmd) for CRYP_Cmd
    stm32f4xx_cryp_aes.o(i.CRYP_AES_CCM) refers to stm32f4xx_cryp.o(i.CRYP_GetCmdStatus) for CRYP_GetCmdStatus
    stm32f4xx_cryp_aes.o(i.CRYP_AES_CCM) refers to stm32f4xx_cryp.o(i.CRYP_GetFlagStatus) for CRYP_GetFlagStatus
    stm32f4xx_cryp_aes.o(i.CRYP_AES_CCM) refers to stm32f4xx_cryp.o(i.CRYP_DataOut) for CRYP_DataOut
    stm32f4xx_cryp_aes.o(i.CRYP_AES_CTR) refers to stm32f4xx_cryp.o(i.CRYP_KeyStructInit) for CRYP_KeyStructInit
    stm32f4xx_cryp_aes.o(i.CRYP_AES_CTR) refers to stm32f4xx_cryp.o(i.CRYP_KeyInit) for CRYP_KeyInit
[...]
    trackBarWin::registerWin()               0x080053fb   Thumb Code    12  trackbarwin.o(i._ZN11trackBarWin11registerWinEv)
    trackBarWin::generateValue()             0x08005407   Thumb Code   148  trackbarwin.o(i._ZN11trackBarWin13generateValueEv)
    trackBarWin::releaseSlider()             0x0800549b   Thumb Code    46  trackbarwin.o(i._ZN11trackBarWin13releaseSliderEv)
    trackBarWin::sliderSliding(unsigned short, unsigned short) 0x080054c9   Thumb Code   130  trackbarwin.o(i._ZN11trackBarWin13sliderSlidingEtt)
    trackBarWin::unregisterWin()             0x08005551   Thumb Code    12  trackbarwin.o(i._ZN11trackBarWin13unregisterWinEv)
    trackBarWin::getSliderValue()            0x0800555d   Thumb Code    16  createwin.o(i._ZN11trackBarWin14getSliderValueEv)
    trackBarWin::paintWin()                  0x0800556d   Thumb Code   130  trackbarwin.o(i._ZN11trackBarWin8paintWinEv)
    trackBarWin::trackBarWin(unsigned short, unsigned short, unsigned short, unsigned short, char*, rootWin*, void*, bool) 0x080055f5   Thumb Code   132  trackbarwin.o(i._ZN11trackBarWinC1EttttPcP7rootWinPvb)
    trackBarWin::trackBarWin__sub_object(unsigned short, unsigned short, unsigned short, unsigned short, char*, rootWin*, void*, bool) 0x080055f5   Thumb Code     0  trackbarwin.o(i._ZN11trackBarWinC1EttttPcP7rootWinPvb)
    trackBarWin::~trackBarWin__deallocating() 0x0800567d   Thumb Code    18  trackbarwin.o(i._ZN11trackBarWinD0Ev)
    trackBarWin::~trackBarWin()              0x0800568f   Thumb Code    16  trackbarwin.o(i._ZN11trackBarWinD1Ev)
    trackBarWin::~trackBarWin__sub_object()  0x0800568f   Thumb Code     0  trackbarwin.o(i._ZN11trackBarWinD1Ev)
    GUIRectangle::rectIntersect(GUIArea*, GUIArea*) 0x0800569f   Thumb Code   152  guirectangle.o(i._ZN12GUIRectangle13rectIntersectEP7GUIAreaS1_)
    GUIRectangle::max(unsigned short, unsigned short) 0x08005737   Thumb Code    14  guirectangle.o(i._ZN12GUIRectangle3maxEtt)
    GUIRectangle::min(unsigned short, unsigned short) 0x08005745   Thumb Code    14  guirectangle.o(i._ZN12GUIRectangle3minEtt)
    GUIRectangle::rectCut(unsigned short, unsigned short, unsigned short, unsigned short) 0x08005753   Thumb Code   450  guirectangle.o(i._ZN12GUIRectangle7rectCutEtttt)
    GUIRectangle::drawFull()                 0x08005915   Thumb Code    94  guirectangle.o(i._ZN12GUIRectangle8drawFullEv)
    GUIRectangle::GUIRectangle(unsigned short, unsigned short, unsigned short, unsigned short, unsigned, unsigned) 0x08005975   Thumb Code    40  guirectangle.o(i._ZN12GUIRectangleC1Ettttjj)
    GUIRectangle::GUIRectangle__sub_object(unsigned short, unsigned short, unsigned short, unsigned short, unsigned, unsigned) 0x08005975   Thumb Code     0  guirectangle.o(i._ZN12GUIRectangleC1Ettttjj)
    trackTextWin::destroyWin()               0x080059a5   Thumb Code    30  tracktextwin.o(i._ZN12trackTextWin10destroyWinEv)
    trackTextWin::registerWin()              0x080059c3   Thumb Code    12  tracktextwin.o(i._ZN12trackTextWin11registerWinEv)
    trackTextWin::releaseSlider()            0x080059cf   Thumb Code    22  tracktextwin.o(i._ZN12trackTextWin13releaseSliderEv)
    trackTextWin::sliderSliding(unsigned short, unsigned short) 0x080059e5   Thumb Code    40  tracktextwin.o(i._ZN12trackTextWin13sliderSlidingEtt)
    trackTextWin::trackTextInit()            0x08005a0d   Thumb Code   266  tracktextwin.o(i._ZN12trackTextWin13trackTextInitEv)
    trackTextWin::unregisterWin()            0x08005b17   Thumb Code    12  tracktextwin.o(i._ZN12trackTextWin13unregisterWinEv)
    trackTextWin::paintWin()                 0x08005b23   Thumb Code    30  tracktextwin.o(i._ZN12trackTextWin8paintWinEv)
    trackTextWin::paintText()                0x08005b41   Thumb Code   178  tracktextwin.o(i._ZN12trackTextWin9paintTextEv)
    trackTextWin::trackTextWin(unsigned short, unsigned short, unsigned short, unsigned short, char*, rootWin*, void*) 0x08005bf5   Thumb Code    66  tracktextwin.o(i._ZN12trackTextWinC1EttttPcP7rootWinPv)
    trackTextWin::trackTextWin__sub_object(unsigned short, unsigned short, unsigned short, unsigned short, char*, rootWin*, void*) 0x08005bf5   Thumb Code     0  tracktextwin.o(i._ZN12trackTextWinC1EttttPcP7rootWinPv)
    trackTextWin::~trackTextWin__deallocating() 0x08005c3d   Thumb Code    18  tracktextwin.o(i._ZN12trackTextWinD0Ev)
    trackTextWin::~trackTextWin()            0x08005c4f   Thumb Code    28  tracktextwin.o(i._ZN12trackTextWinD1Ev)
    trackTextWin::~trackTextWin__sub_object() 0x08005c4f   Thumb Code     0  tracktextwin.o(i._ZN12trackTextWinD1Ev)
    progressBarWin::destroyWin()             0x08005c6b   Thumb Code    12  progressbarwin.o(i._ZN14progressBarWin10destroyWinEv)
    progressBarWin::registerWin()            0x08005c77   Thumb Code    12  progressbarwin.o(i._ZN14progressBarWin11registerWinEv)
    progressBarWin::unregisterWin()          0x08005c83   Thumb Code    12  progressbarwin.o(i._ZN14progressBarWin13unregisterWinEv)
    progressBarWin::setProgressValue(unsigned char) 0x08005c8f   Thumb Code    34  progressbarwin.o(i._ZN14progressBarWin16setProgressValueEh)
    progressBarWin::paintWin()               0x08005cb1   Thumb Code    88  progressbarwin.o(i._ZN14progressBarWin8paintWinEv)
    progressBarWin::progressBarWin(unsigned short, unsigned short, unsigned short, unsigned short, char*, rootWin*, void*) 0x08005d0d   Thumb Code    60  progressbarwin.o(i._ZN14progressBarWinC1EttttPcP7rootWinPv)
    progressBarWin::progressBarWin__sub_object(unsigned short, unsigned short, unsigned short, unsigned short, char*, rootWin*, void*) 0x08005d0d   Thumb Code     0  progressbarwin.o(i._ZN14progressBarWinC1EttttPcP7rootWinPv)
    progressBarWin::~progressBarWin__deallocating() 0x08005d4d   Thumb Code    18  progressbarwin.o(i._ZN14progressBarWinD0Ev)
    progressBarWin::~progressBarWin()        0x08005d5f   Thumb Code    16  progressbarwin.o(i._ZN14progressBarWinD1Ev)
    progressBarWin::~progressBarWin__sub_object() 0x08005d5f   Thumb Code     0  progressbarwin.o(i._ZN14progressBarWinD1Ev)
    staticFrameWin::destroyWin()             0x08005d6f   Thumb Code    12  staticframewin.o(i._ZN14staticFrameWin10destroyWinEv)
    staticFrameWin::registerWin()            0x08005d7b   Thumb Code    12  staticframewin.o(i._ZN14staticFrameWin11registerWinEv)
    staticFrameWin::unregisterWin()          0x08005d87   Thumb Code    12  staticframewin.o(i._ZN14staticFrameWin13unregisterWinEv)
    staticFrameWin::paintWin()               0x08005d93   Thumb Code    98  staticframewin.o(i._ZN14staticFrameWin8paintWinEv)
    staticFrameWin::staticFrameWin(unsigned short, unsigned short, unsigned short, unsigned short, char*, rootWin*, void*) 0x08005df5   Thumb Code    50  staticframewin.o(i._ZN14staticFrameWinC1EttttPcP7rootWinPv)
    staticFrameWin::staticFrameWin__sub_object(unsigned short, unsigned short, unsigned short, unsigned short, char*, rootWin*, void*) 0x08005df5   Thumb Code     0  staticframewin.o(i._ZN14staticFrameWinC1EttttPcP7rootWinPv)
    staticFrameWin::~staticFrameWin__deallocating() 0x08005e2d   Thumb Code    18  staticframewin.o(i._ZN14staticFrameWinD0Ev)
    staticFrameWin::~staticFrameWin()        0x08005e3f   Thumb Code    16  staticframewin.o(i._ZN14staticFrameWinD1Ev)
    staticFrameWin::~staticFrameWin__sub_object() 0x08005e3f   Thumb Code     0  staticframewin.o(i._ZN14staticFrameWinD1Ev)
    virKeyboardWin::destroyWin()             0x08005e4f   Thumb Code    20  virkeyboardwin.o(i._ZN14virKeyboardWin10destroyWinEv)
    virKeyboardWin::readFromBuf()            0x08005e65   Thumb Code   108  virkeyboardwin.o(i._ZN14virKeyboardWin11readFromBufEv)
    virKeyboardWin::registerWin()            0x08005ed9   Thumb Code    26  virkeyboardwin.o(i._ZN14virKeyboardWin11registerWinEv)
    virKeyboardWin::keyBoardInit()           0x08005ef5   Thumb Code  1790  virkeyboardwin.o(i._ZN14virKeyboardWin12keyBoardInitEv)
    virKeyboardWin::intConverChar(unsigned, unsigned, char*) 0x080065fd   Thumb Code   272  virkeyboardwin.o(i._ZN14virKeyboardWin13intConverCharEjjPc)
    virKeyboardWin::unregisterWin()          0x0800670d   Thumb Code    12  virkeyboardwin.o(i._ZN14virKeyboardWin13unregisterWinEv)
    virKeyboardWin::keyboardSendChar(char)   0x08006719   Thumb Code    62  virkeyboardwin.o(i._ZN14virKeyboardWin16keyboardSendCharEc)
    virKeyboardWin::wakeupAndConnect(rootWin*) 0x08006757   Thumb Code    28  virkeyboardwin.o(i._ZN14virKeyboardWin16wakeupAndConnectEP7rootWin)
    virKeyboardWin::paintWin()               0x08006773   Thumb Code    12  virkeyboardwin.o(i._ZN14virKeyboardWin8paintWinEv)
    virKeyboardWin::saveToBuf()              0x08006781   Thumb Code   108  virkeyboardwin.o(i._ZN14virKeyboardWin9saveToBufEv)
    virKeyboardWin::virKeyboardWin(unsigned short, unsigned short, unsigned short, unsigned short, char*, rootWin*, void*) 0x080067f5   Thumb Code    88  virkeyboardwin.o(i._ZN14virKeyboardWinC1EttttPcP7rootWinPv)
    virKeyboardWin::virKeyboardWin__sub_object(unsigned short, unsigned short, unsigned short, unsigned short, char*, rootWin*, void*) 0x080067f5   Thumb Code     0  virkeyboardwin.o(i._ZN14virKeyboardWinC1EttttPcP7rootWinPv)
    virKeyboardWin::~virKeyboardWin__deallocating() 0x08006851   Thumb Code    18  virkeyboardwin.o(i._ZN14virKeyboardWinD0Ev)
    virKeyboardWin::~virKeyboardWin()        0x08006863   Thumb Code    28  virkeyboardwin.o(i._ZN14virKeyboardWinD1Ev)
    virKeyboardWin::~virKeyboardWin__sub_object() 0x08006863   Thumb Code     0  virkeyboardwin.o(i._ZN14virKeyboardWinD1Ev)
    GUIArea::getY1()                         0x0800687f   Thumb Code     6  guirectangle.o(i._ZN7GUIArea5getY1Ev)
    GUIArea::getY2()                         0x08006885   Thumb Code     6  guirectangle.o(i._ZN7GUIArea5getY2Ev)
    GUIArea::GUIArea(unsigned short, unsigned short, unsigned short, unsigned short) 0x0800688b   Thumb Code    14  guirectangle.o(i._ZN7GUIAreaC1Etttt)
    GUIArea::GUIArea__sub_object(unsigned short, unsigned short, unsigned short, unsigned short) 0x0800688b   Thumb Code     0  guirectangle.o(i._ZN7GUIAreaC1Etttt)
    mainWin::destroyWin()                    0x08006899   Thumb Code    20  mainwin.o(i._ZN7mainWin10destroyWinEv)
    mainWin::getBackWin()                    0x080068ad   Thumb Code     6  mainwin.o(i._ZN7mainWin10getBackWinEv)
    mainWin::registerWin()                   0x080068b3   Thumb Code    12  mainwin.o(i._ZN7mainWin11registerWinEv)
    mainWin::unregisterWin()                 0x080068bf   Thumb Code    12  mainwin.o(i._ZN7mainWin13unregisterWinEv)
    mainWin::paintWin()                      0x080068cb   Thumb Code     2  mainwin.o(i._ZN7mainWin8paintWinEv)
    mainWin::styleInit()                     0x080068cd   Thumb Code   428  mainwin.o(i._ZN7mainWin9styleInitEv)
    mainWin::mainWin(unsigned short, unsigned short, unsigned short, unsigned short, char*, rootWin*, void*, unsigned char) 0x08006a81   Thumb Code    74  mainwin.o(i._ZN7mainWinC1EttttPcP7rootWinPvh)
    mainWin::mainWin__sub_object(unsigned short, unsigned short, unsigned short, unsigned short, char*, rootWin*, void*, unsigned char) 0x08006a81   Thumb Code     0  mainwin.o(i._ZN7mainWinC1EttttPcP7rootWinPvh)
    mainWin::~mainWin__deallocating()        0x08006ad1   Thumb Code    18  mainwin.o(i._ZN7mainWinD0Ev)
    mainWin::~mainWin()                      0x08006ae3   Thumb Code    28  mainwin.o(i._ZN7mainWinD1Ev)
    mainWin::~mainWin__sub_object()          0x08006ae3   Thumb Code     0  mainwin.o(i._ZN7mainWinD1Ev)
    rootWin::destroyWin()                    0x08006aff   Thumb Code    20  rootwin.o(i._ZN7rootWin10destroyWinEv)
    rootWin::getBrother()                    0x08006b13   Thumb Code     6  rootwin.o(i._ZN7rootWin10getBrotherEv)
    rootWin::getWinHigh()                    0x08006b19   Thumb Code     6  buttonwin.o(i._ZN7rootWin10getWinHighEv)
    rootWin::getWinName()                    0x08006b1f   Thumb Code     6  listbarwin.o(i._ZN7rootWin10getWinNameEv)
    rootWin::markDelete()                    0x08006b25   Thumb Code   266  rootwin.o(i._ZN7rootWin10markDeleteEv)
    rootWin::movtoFront()                    0x08006c2f   Thumb Code    80  rootwin.o(i._ZN7rootWin10movtoFrontEv)
    rootWin::setBrother(rootWin*)            0x08006c7f   Thumb Code     4  rootwin.o(i._ZN7rootWin10setBrotherEPS_)
    rootWin::setWinHigh(unsigned short)      0x08006c83   Thumb Code     4  listbarwin.o(i._ZN7rootWin10setWinHighEt)
    rootWin::setWinProc(void(*)(rootWin*, rootWin*, MsgType, unsigned, unsigned)) 0x08006c87   Thumb Code    10  rootwin.o(i._ZN7rootWin10setWinProcEPFvPS_S0_7MsgTypejjE)
    rootWin::getWinWidth()                   0x08006c91   Thumb Code     6  buttonwin.o(i._ZN7rootWin11getWinWidthEv)
    rootWin::markCovered()                   0x08006c97   Thumb Code   266  rootwin.o(i._ZN7rootWin11markCoveredEv)
    rootWin::registerWin()                   0x08006da1   Thumb Code    36  rootwin.o(i._ZN7rootWin11registerWinEv)
    rootWin::travDelMark(rootWin*, unsigned short, unsigned short) 0x08006dc5   Thumb Code   150  rootwin.o(i._ZN7rootWin11travDelMarkEPS_tt)
    rootWin::addWintoTree()                  0x08006e5b   Thumb Code    60  rootwin.o(i._ZN7rootWin12addWintoTreeEv)
    rootWin::destroyCAndB()                  0x08006e99   Thumb Code    60  rootwin.o(i._ZN7rootWin12destroyCAndBEv)
    rootWin::getAbsoluteX()                  0x08006ee1   Thumb Code     6  rootwin.o(i._ZN7rootWin12getAbsoluteXEv)
    rootWin::getAbsoluteY()                  0x08006ee7   Thumb Code     6  rootwin.o(i._ZN7rootWin12getAbsoluteYEv)
    rootWin::getCoverHead()                  0x08006eed   Thumb Code     6  rootwin.o(i._ZN7rootWin12getCoverHeadEv)
    rootWin::setCoverHead(node*)             0x08006ef3   Thumb Code     4  rootwin.o(i._ZN7rootWin12setCoverHeadEP4node)
    rootWin::sendMSGtoBack(message*, void*)  0x08006ef7   Thumb Code    38  rootwin.o(i._ZN7rootWin13sendMSGtoBackEP7messagePv)
    rootWin::setAbsoluteXY()                 0x08006f1d   Thumb Code    56  rootwin.o(i._ZN7rootWin13setAbsoluteXYEv)
    rootWin::unregisterWin()                 0x08006f55   Thumb Code    36  rootwin.o(i._ZN7rootWin13unregisterWinEv)
    rootWin::remWinfromTree()                0x08006f79   Thumb Code    84  rootwin.o(i._ZN7rootWin14remWinfromTreeEv)
    rootWin::preTraversePaint(rootWin*)      0x08006fcd   Thumb Code    56  rootwin.o(i._ZN7rootWin16preTraversePaintEPS_)
    rootWin::changSelectedStat()             0x08007005   Thumb Code    22  rootwin.o(i._ZN7rootWin17changSelectedStatEv)
    rootWin::getChild()                      0x0800701b   Thumb Code     6  rootwin.o(i._ZN7rootWin8getChildEv)
    rootWin::getQueue()                      0x08007021   Thumb Code     6  mainwin.o(i._ZN7rootWin8getQueueEv)
    rootWin::isInArea(unsigned short, unsigned short) 0x08007027   Thumb Code    64  rootwin.o(i._ZN7rootWin8isInAreaEtt)
    rootWin::paintAll()                      0x08007069   Thumb Code    76  rootwin.o(i._ZN7rootWin8paintAllEv)
    rootWin::setChild(rootWin*)              0x080070dd   Thumb Code     4  rootwin.o(i._ZN7rootWin8setChildEPS_)
    rootWin::travMark(rootWin*, unsigned short, unsigned short) 0x080070e1   Thumb Code   184  rootwin.o(i._ZN7rootWin8travMarkEPS_tt)
    rootWin::getParent()                     0x08007199   Thumb Code     6  rootwin.o(i._ZN7rootWin9getParentEv)
    rootWin::locateWin(unsigned short, unsigned short) 0x0800719f   Thumb Code   118  rootwin.o(i._ZN7rootWin9locateWinEtt)
    rootWin::rootWin__sub_object(unsigned short, unsigned short, unsigned short, unsigned short, char*, rootWin*, void*) 0x08007215   Thumb Code   140  rootwin.o(i._ZN7rootWinC2EttttPcPS_Pv)
    rootWin::~rootWin__deallocating()        0x080072a9   Thumb Code    18  rootwin.o(i._ZN7rootWinD0Ev)
    rootWin::~rootWin()                      0x080072bb   Thumb Code     0  rootwin.o(i._ZN7rootWinD2Ev)
    rootWin::~rootWin__sub_object()          0x080072bb   Thumb Code     2  rootwin.o(i._ZN7rootWinD2Ev)
    GUIShape::addInvalidArea(unsigned short, unsigned short, unsigned short, unsigned short) 0x080072bd   Thumb Code   146  createwin.o(i._ZN8GUIShape14addInvalidAreaEtttt)
    GUIShape::getInvalidList()               0x0800734f   Thumb Code     6  guirectangle.o(i._ZN8GUIShape14getInvalidListEv)
    buttonWin::destroyWin()                  0x08007355   Thumb Code    12  buttonwin.o(i._ZN9buttonWin10destroyWinEv)
    buttonWin::pressButton()                 0x08007361   Thumb Code   186  buttonwin.o(i._ZN9buttonWin11pressButtonEv)
    buttonWin::registerWin()                 0x0800741b   Thumb Code    12  buttonwin.o(i._ZN9buttonWin11registerWinEv)
    buttonWin::releaseButton()               0x08007427   Thumb Code    26  buttonwin.o(i._ZN9buttonWin13releaseButtonEv)
    buttonWin::unregisterWin()               0x08007441   Thumb Code    12  buttonwin.o(i._ZN9buttonWin13unregisterWinEv)
    buttonWin::paintWin()                    0x0800744d   Thumb Code   178  buttonwin.o(i._ZN9buttonWin8paintWinEv)
    buttonWin::buttonWin(unsigned short, unsigned short, unsigned short, unsigned short, char*, rootWin*, void*) 0x08007501   Thumb Code    68  buttonwin.o(i._ZN9buttonWinC1EttttPcP7rootWinPv)
    buttonWin::buttonWin__sub_object(unsigned short, unsigned short, unsigned short, unsigned short, char*, rootWin*, void*) 0x08007501   Thumb Code     0  buttonwin.o(i._ZN9buttonWinC1EttttPcP7rootWinPv)
    buttonWin::~buttonWin__deallocating()    0x0800754d   Thumb Code    18  buttonwin.o(i._ZN9buttonWinD0Ev)
    buttonWin::~buttonWin()                  0x0800755f   Thumb Code    16  buttonwin.o(i._ZN9buttonWinD1Ev)
    buttonWin::~buttonWin__sub_object()      0x0800755f   Thumb Code     0  buttonwin.o(i._ZN9buttonWinD1Ev)
    dialogWin::dialogInit()                  0x08007571   Thumb Code   442  dialogwin.o(i._ZN9dialogWin10dialogInitEv)
    dialogWin::closeDialog()                 0x08007741   Thumb Code    20  dialogwin.o(i._ZN9dialogWin11closeDialogEv)
    dialogWin::readFromBuf()                 0x08007755   Thumb Code   110  dialogwin.o(i._ZN9dialogWin11readFromBufEv)
    dialogWin::registerWin()                 0x080077cd   Thumb Code    26  dialogwin.o(i._ZN9dialogWin11registerWinEv)
    dialogWin::saveToBuf()                   0x080077e9   Thumb Code   110  dialogwin.o(i._ZN9dialogWin9saveToBufEv)
    dialogWin::dialogWin(unsigned short, unsigned short, unsigned short, unsigned short, char*, rootWin*, void*, unsigned char) 0x08007861   Thumb Code    62  dialogwin.o(i._ZN9dialogWinC1EttttPcP7rootWinPvh)
    dialogWin::dialogWin__sub_object(unsigned short, unsigned short, unsigned short, unsigned short, char*, rootWin*, void*, unsigned char) 0x08007861   Thumb Code     0  dialogwin.o(i._ZN9dialogWinC1EttttPcP7rootWinPvh)
    dialogWin::~dialogWin__deallocating()    0x080078a5   Thumb Code    18  dialogwin.o(i._ZN9dialogWinD0Ev)
    dialogWin::~dialogWin()                  0x080078b7   Thumb Code    16  dialogwin.o(i._ZN9dialogWinD1Ev)
    dialogWin::~dialogWin__sub_object()      0x080078b7   Thumb Code     0  dialogwin.o(i._ZN9dialogWinD1Ev)
    optionWin::destroyWin()                  0x080078c7   Thumb Code    12  optionwin.o(i._ZN9optionWin10destroyWinEv)
    optionWin::clickOption()                 0x080078d3   Thumb Code    26  optionwin.o(i._ZN9optionWin11clickOptionEv)
    optionWin::paintOption()                 0x080078ed   Thumb Code   398  optionwin.o(i._ZN9optionWin11paintOptionEv)
    optionWin::registerWin()                 0x08007a81   Thumb Code    12  optionwin.o(i._ZN9optionWin11registerWinEv)
    optionWin::unregisterWin()               0x08007a8d   Thumb Code    12  optionwin.o(i._ZN9optionWin13unregisterWinEv)
    optionWin::changSelectStat()             0x08007a99   Thumb Code    22  optionwin.o(i._ZN9optionWin15changSelectStatEv)
    optionWin::paintWin()                    0x08007aaf   Thumb Code   218  optionwin.o(i._ZN9optionWin8paintWinEv)
    optionWin::optionWin(unsigned short, unsigned short, unsigned short, unsigned short, char*, rootWin*, void*, bool) 0x08007b89   Thumb Code    58  optionwin.o(i._ZN9optionWinC1EttttPcP7rootWinPvb)
    optionWin::optionWin__sub_object(unsigned short, unsigned short, unsigned short, unsigned short, char*, rootWin*, void*, bool) 0x08007b89   Thumb Code     0  optionwin.o(i._ZN9optionWinC1EttttPcP7rootWinPvb)
    optionWin::~optionWin__deallocating()    0x08007bc9   Thumb Code    18  optionwin.o(i._ZN9optionWinD0Ev)
    optionWin::~optionWin()                  0x08007bdb   Thumb Code    16  optionwin.o(i._ZN9optionWinD1Ev)
    optionWin::~optionWin__sub_object()      0x08007bdb   Thumb Code     0  optionwin.o(i._ZN9optionWinD1Ev)
    operator delete (void*)                  0x08007beb   Thumb Code     8  delete.o(i._ZdlPv)
    operator new[] (unsigned)                0x08007bf3   Thumb Code     8  array_new.o(i._Znaj)
    operator new(unsigned)                   0x08007bfd   Thumb Code    34  new.o(i._Znwj)
    __0printf$8                              0x08007c25   Thumb Code    22  printf8.o(i.__0printf$8)
    __1printf$8                              0x08007c25   Thumb Code     0  printf8.o(i.__0printf$8)
    __2printf                                0x08007c25   Thumb Code     0  printf8.o(i.__0printf$8)
    __cxa_pure_virtual                       0x08007c45   Thumb Code     6  pure_virt.o(i.__cxa_pure_virtual)
    __scatterload_copy                       0x08007c4b   Thumb Code    14  handlers.o(i.__scatterload_copy)
    __scatterload_null                       0x08007c59   Thumb Code     2  handlers.o(i.__scatterload_null)
    __scatterload_zeroinit                   0x08007c5b   Thumb Code    14  handlers.o(i.__scatterload_zeroinit)
    fputc                                    0x080080e5   Thumb Code    32  usartconfig.o(i.fputc)
    free                                     0x08008109   Thumb Code    76  malloc.o(i.free)
    getTouchUP                               0x08008159   Thumb Code     6  tgui_conf.o(i.getTouchUP)
    main                                     0x08008165   Thumb Code    36  main.o(i.main)
    malloc                                   0x08008189   Thumb Code    92  malloc.o(i.malloc)
    pvPortMalloc                             0x08008b79   Thumb Code   296  heap_4.o(i.pvPortMalloc)
    pvTaskIncrementMutexHeldCount            0x08008cb5   Thumb Code    26  tasks.o(i.pvTaskIncrementMutexHeldCount)
    pxPortInitialiseStack                    0x08008cd5   Thumb Code    38  port.o(i.pxPortInitialiseStack)
    uxListRemove                             0x08008d01   Thumb Code    40  list.o(i.uxListRemove)
    vListInitialise                          0x08008d29   Thumb Code    26  list.o(i.vListInitialise)
    vListInitialiseItem                      0x08008d43   Thumb Code     6  list.o(i.vListInitialiseItem)
    vListInsert                              0x08008d49   Thumb Code    52  list.o(i.vListInsert)
    vListInsertEnd                           0x08008d7d   Thumb Code    24  list.o(i.vListInsertEnd)
    vPortEnterCritical                       0x08008d95   Thumb Code    76  port.o(i.vPortEnterCritical)
    vPortExitCritical                        0x08008de9   Thumb Code    56  port.o(i.vPortExitCritical)
    vPortFree                                0x08008e25   Thumb Code   140  heap_4.o(i.vPortFree)
    vPortSetupTimerInterrupt                 0x08008eb9   Thumb Code    26  port.o(i.vPortSetupTimerInterrupt)
    vPortValidateInterruptPriority           0x08008ed9   Thumb Code   106  port.o(i.vPortValidateInterruptPriority)
    vQueueAddToRegistry                      0x08008f51   Thumb Code    38  queue.o(i.vQueueAddToRegistry)
    vQueueWaitForMessageRestricted           0x08008f7d   Thumb Code    74  queue.o(i.vQueueWaitForMessageRestricted)
    vTaskMissedYield                         0x08008fc9   Thumb Code     8  tasks.o(i.vTaskMissedYield)
    vTaskPlaceOnEventList                    0x08008fd5   Thumb Code    52  tasks.o(i.vTaskPlaceOnEventList)
    vTaskPlaceOnEventListRestricted          0x0800900d   Thumb Code    60  tasks.o(i.vTaskPlaceOnEventListRestricted)
    vTaskPriorityInherit                     0x0800904d   Thumb Code   164  tasks.o(i.vTaskPriorityInherit)
    vTaskSetTimeOutState                     0x080090fd   Thumb Code    38  tasks.o(i.vTaskSetTimeOutState)
    vTaskStartScheduler                      0x0800912d   Thumb Code   118  tasks.o(i.vTaskStartScheduler)
    vTaskSuspendAll                          0x080091c1   Thumb Code    12  tasks.o(i.vTaskSuspendAll)
    vTaskSwitchContext                       0x080091d1   Thumb Code   118  tasks.o(i.vTaskSwitchContext)
    xPortStartScheduler                      0x0800925d   Thumb Code   288  port.o(i.xPortStartScheduler)
    xQueueGenericCreate                      0x08009399   Thumb Code    88  queue.o(i.xQueueGenericCreate)
    xQueueGenericReceive                     0x080093f1   Thumb Code   446  queue.o(i.xQueueGenericReceive)
    xQueueGenericReset                       0x080095b5   Thumb Code   146  queue.o(i.xQueueGenericReset)
    xQueueGenericSend                        0x0800964d   Thumb Code   420  queue.o(i.xQueueGenericSend)
    xQueueGenericSendFromISR                 0x080097f5   Thumb Code   248  queue.o(i.xQueueGenericSendFromISR)
    xTaskCheckForTimeOut                     0x080098ed   Thumb Code   132  tasks.o(i.xTaskCheckForTimeOut)
    xTaskCreate                              0x08009979   Thumb Code    96  tasks.o(i.xTaskCreate)
    xTaskGetSchedulerState                   0x080099d9   Thumb Code    24  tasks.o(i.xTaskGetSchedulerState)
    xTaskGetTickCount                        0x080099f9   Thumb Code     6  tasks.o(i.xTaskGetTickCount)
    xTaskIncrementTick                       0x08009a05   Thumb Code   282  tasks.o(i.xTaskIncrementTick)
    xTaskPriorityDisinherit                  0x08009b4d   Thumb Code   188  tasks.o(i.xTaskPriorityDisinherit)
    xTaskRemoveFromEventList                 0x08009c15   Thumb Code   128  tasks.o(i.xTaskRemoveFromEventList)
    xTaskResumeAll                           0x08009cad   Thumb Code   224  tasks.o(i.xTaskResumeAll)
    xTimerCreateTimerTask                    0x08009db1   Thumb Code    66  timers.o(i.xTimerCreateTimerTask)
    xTimerGenericCommand                     0x08009e09   Thumb Code   126  timers.o(i.xTimerGenericCommand)
    GUIList<GUIArea>::setCurrNode(GUINode<GUIArea>*) 0x08009e8d   Thumb Code     4  guirectangle.o(t._ZN7GUIListI7GUIAreaE11setCurrNodeEP7GUINodeIS0_E)
    GUINode<GUIArea>::getNextNode()          0x08009e91   Thumb Code     6  guirectangle.o(t._ZN7GUINodeI7GUIAreaE11getNextNodeEv)
    GUINode<GUIArea>::setNextNode(GUINode<GUIArea>*) 0x08009e97   Thumb Code     4  createwin.o(t._ZN7GUINodeI7GUIAreaE11setNextNodeEPS1_)
    GUINode<GUIArea>::getData()              0x08009e9b   Thumb Code     6  guirectangle.o(t._ZN7GUINodeI7GUIAreaE7getDataEv)
    GUINode<GUIArea>::GUINode(GUIArea*)      0x08009ea1   Thumb Code     8  createwin.o(t._ZN7GUINodeI7GUIAreaEC1EPS0_)
    GUINode<GUIArea>::GUINode__sub_object(GUIArea*) 0x08009ea1   Thumb Code     0  createwin.o(t._ZN7GUINodeI7GUIAreaEC1EPS0_)
    ASCII16x24_Table                         0x0800a0a4   Data        4560  fonts.o(.constdata)
    ASCII12x12_Table                         0x0800b274   Data        2304  fonts.o(.constdata)
    ASCII8x12_Table                          0x0800bb74   Data        2304  fonts.o(.constdata)
    ASCII8x8_Table                           0x0800c474   Data        1536  fonts.o(.constdata)
    vtable for controlWin                    0x0800ca74   Data          32  controlwin.o(.constdata__ZTV10controlWin)
    vtable for listBarWin                    0x0800ca94   Data          48  listbarwin.o(.constdata__ZTV10listBarWin)
    vtable for textBarWin                    0x0800cac4   Data          32  textbarwin.o(.constdata__ZTV10textBarWin)
    vtable for comboBoxWin                   0x0800cae4   Data          16  comboboxwin.o(.constdata__ZTV11comboBoxWin)
    vtable for radioBtnWin                   0x0800caf4   Data          48  radiobtnwin.o(.constdata__ZTV11radioBtnWin)
    vtable for trackBarWin                   0x0800cb24   Data          32  trackbarwin.o(.constdata__ZTV11trackBarWin)
    vtable for GUIRectangle                  0x0800cb44   Data          24  guirectangle.o(.constdata__ZTV12GUIRectangle)
    vtable for trackTextWin                  0x0800cb5c   Data          48  tracktextwin.o(.constdata__ZTV12trackTextWin)
    vtable for progressBarWin                0x0800cb8c   Data          32  progressbarwin.o(.constdata__ZTV14progressBarWin)
    vtable for staticFrameWin                0x0800cbac   Data          32  staticframewin.o(.constdata__ZTV14staticFrameWin)
    vtable for virKeyboardWin                0x0800cbcc   Data          48  virkeyboardwin.o(.constdata__ZTV14virKeyboardWin)
    vtable for mainWin                       0x0800cbfc   Data          48  mainwin.o(.constdata__ZTV7mainWin)
    vtable for rootWin                       0x0800cc2c   Data          32  rootwin.o(.constdata__ZTV7rootWin)
    vtable for GUIShape                      0x0800cc4c   Data          24  guirectangle.o(.constdata__ZTV8GUIShape)
    vtable for buttonWin                     0x0800cc64   Data          32  buttonwin.o(.constdata__ZTV9buttonWin)
    vtable for dialogWin                     0x0800cc84   Data          48  dialogwin.o(.constdata__ZTV9dialogWin)
    vtable for optionWin                     0x0800ccb4   Data          32  optionwin.o(.constdata__ZTV9optionWin)
    Region$$Table$$Base                      0x0800ce9c   Number         0  anon$$obj.o(Region$$Table)
    Region$$Table$$Limit                     0x0800cedc   Number         0  anon$$obj.o(Region$$Table)
    SHT$$INIT_ARRAY$$Base                    0x0800cedc   Number         0  createwin.o(.init_array)
    SHT$$INIT_ARRAY$$Limit                   0x0800cee0   Number         0  cpp_init.o(.init_array)
    SystemCoreClock                          0x20000000   Data           4  system_stm32f4xx.o(.data)
    AHBPrescTable                            0x20000004   Data          16  system_stm32f4xx.o(.data)
    BufMaxNum                                0x20000024   Data           4  main.o(.data)
    USART1BufCount                           0x20000028   Data           4  stm32f4xx_it.o(.data)
    CTP_CFG_GT9157                           0x2000003c   Data         186  gt9xx.o(.data)
    CTP_CFG_GT911                            0x200000f6   Data         186  gt9xx.o(.data)
    config                                   0x200001b0   Data         242  gt9xx.o(.data)
    touchIC                                  0x200002a2   Data           1  gt9xx.o(.data)
    I2CTimeout                               0x200002c0   Data           4  touch_i2c.o(.data)
    StopCondition                            0x200002cc   Data           4  sdcardconfig.o(.data)
    TransferError                            0x200002d0   Data           1  sdcardconfig.o(.data)
    TransferEnd                              0x200002d4   Data           4  sdcardconfig.o(.data)
    DMAEndOfTransfer                         0x200002d8   Data           4  sdcardconfig.o(.data)
    win_id                                   0x200002dc   Data           2  tgui_conf.o(.data)
    TouchX_pre                               0x200002de   Data           2  tgui_conf.o(.data)
    TouchY_pre                               0x200002e0   Data           2  tgui_conf.o(.data)
    TouchX                                   0x200002e2   Data           2  tgui_conf.o(.data)
    TouchY                                   0x200002e4   Data           2  tgui_conf.o(.data)
    TouchUp                                  0x200002e6   Data           1  tgui_conf.o(.data)
    queue                                    0x200002e8   Data           4  createwin.o(.data)
    curClickWin                              0x200002ec   Data           4  createwin.o(.data)
    vkWin                                    0x200002f0   Data           4  createwin.o(.data)
    tempWin                                  0x200002f4   Data           4  createwin.o(.data)
    Font16x24                                0x200002f8   Data           8  fonts.o(.data)
    Font12x12                                0x20000300   Data           8  fonts.o(.data)
    Font8x12                                 0x20000308   Data           8  fonts.o(.data)
    Font8x8                                  0x20000310   Data           8  fonts.o(.data)
    pxCurrentTCB                             0x2000031c   Data           4  tasks.o(.data)
    __stdout                                 0x20000390   Data           4  stdout.o(.data)
    __microlib_freelist                      0x200003a0   Data           4  mvars.o(.data)
    __microlib_freelist_initialised          0x200003a4   Data           4  mvars.o(.data)
    USART1_Buf                               0x200003a8   Data          40  main.o(.bss)
    xQueueRegistry                           0x200003d0   Data          64  queue.o(.bss)
    __initial_sp                             0x20000900   Data           0  startup_stm32f429_439xx.o(STACK)
    LCD_BUFADDR                              0xd0000000   Data       768000  lcdconfig.o(EXRAM)
    win_buffer                               0xd00bb800   Data       768000  tgui_conf.o(EXRAM)
    __heap_base                              0xd0189c00   Data           0  startup_stm32f429_439xx.o(HEAP)
    __heap_limit                             0xd018bc00   Data           0  startup_stm32f429_439xx.o(HEAP)



==============================================================================

Memory Map of the image

  Image Entry point : 0x080001ad

  Load Region LR_IROM1 (Base: 0x08000000, Size: 0x00196e88, Max: 0x00100000, ABSOLUTE, COMPRESSED[0x00010164])

    Execution Region ER_IROM1 (Base: 0x08000000, Size: 0x0000cee0, Max: 0x00100000, ABSOLUTE)

    Base Addr    Size         Type   Attr      Idx    E Section Name        Object

    0x08000000   0x000001ac   Data   RO            3    RESET               startup_stm32f429_439xx.o
    0x080001ac   0x00000000   Code   RO        11183  * .ARM.Collect$$$$00000000  mc_w.l(entry.o)
    0x080001ac   0x00000004   Code   RO        11495    .ARM.Collect$$$$00000001  mc_w.l(entry2.o)
    0x080001b0   0x00000004   Code   RO        11498    .ARM.Collect$$$$00000004  mc_w.l(entry5.o)
    0x080001b4   0x00000000   Code   RO        11500    .ARM.Collect$$$$00000008  mc_w.l(entry7b.o)
    0x080001b4   0x00000004   Code   RO        11501    .ARM.Collect$$$$00000009  mc_w.l(entry8a.o)
    0x080001b8   0x00000000   Code   RO        11502    .ARM.Collect$$$$0000000A  mc_w.l(entry8b.o)
    0x080001b8   0x00000008   Code   RO        11503    .ARM.Collect$$$$0000000B  mc_w.l(entry9a.o)
    0x080001c0   0x00000000   Code   RO        11505    .ARM.Collect$$$$0000000D  mc_w.l(entry10a.o)
    0x080001c0   0x00000000   Code   RO        11507    .ARM.Collect$$$$0000000F  mc_w.l(entry11a.o)
    0x080001c0   0x00000004   Code   RO        11496    .ARM.Collect$$$$00002712  mc_w.l(entry2.o)
    0x080001c4   0x000000b6   Code   RO        10786    .emb_text           port.o
    0x0800027a   0x00000002   PAD
    0x0800027c   0x0000002c   Code   RO            4    .text               startup_stm32f429_439xx.o
    0x080002a8   0x00000062   Code   RO        11186    .text               mc_w.l(uldiv.o)
    0x0800030a   0x00000024   Code   RO        11188    .text               mc_w.l(memcpya.o)
    0x0800032e   0x00000024   Code   RO        11190    .text               mc_w.l(memseta.o)
    0x08000352   0x00000002   PAD
    0x08000354   0x00000020   Code   RO        11464    .text               mc_w.l(cpp_init.o)
    0x08000374   0x00000004   Code   RO        11469    .text               cpprt_w.l(arm_newhandler_noexceptions.o)
    0x08000378   0x0000001e   Code   RO        11512    .text               mc_w.l(llshl.o)
    0x08000396   0x00000020   Code   RO        11514    .text               mc_w.l(llushr.o)
    0x080003b6   0x00000002   PAD
    0x080003b8   0x00000008   Code   RO        11545    .text               mc_w.l(cpp_memory.o)
    0x080003c0   0x00000002   Code   RO        11548    .text               mc_w.l(cpp_signal.o)
    0x080003c2   0x00000002   PAD
    0x080003c4   0x00000020   Code   RO        11550    .text               mc_w.l(cpp_unwinder.o)
    0x080003e4   0x0000001a   Code   RO        11583    .text               cpprt_w.l(arm_exceptions_terminate.o)
    0x080003fe   0x00000002   PAD
    0x08000400   0x00000050   Code   RO        11586    .text               cpprt_w.l(arm_exceptions_globs.o)
    0x08000450   0x00000024   Code   RO        11589    .text               mc_w.l(init.o)
    0x08000474   0x0000003c   Code   RO        11600    .text               cpprt_w.l(arm_exceptions_mem.o)
    0x080004b0   0x00000056   Code   RO        11613    .text               mc_w.l(__dczerorl2.o)
    0x08000506   0x00000004   Code   RO         5429    i.BusFault_Handler  stm32f4xx_it.o
    0x0800050a   0x00000016   Code   RO         1358    i.DMA2D_DeInit      stm32f4xx_dma2d.o
    0x08000520   0x00000018   Code   RO         1363    i.DMA2D_GetFlagStatus  stm32f4xx_dma2d.o
    0x08000538   0x000000e4   Code   RO         1366    i.DMA2D_Init        stm32f4xx_dma2d.o
    0x0800061c   0x00000014   Code   RO         1368    i.DMA2D_StartTransfer  stm32f4xx_dma2d.o
    0x08000630   0x00000008   Code   RO         6587    i.DMA2_Stream3_IRQHandler  sdcardconfig.o
    0x08000638   0x00000034   Code   RO         1220    i.DMA_ClearFlag     stm32f4xx_dma.o
    0x0800066c   0x00000002   Code   RO         5430    i.DebugMon_Handler  stm32f4xx_it.o
    0x0800066e   0x00000012   Code   RO         5557    i.Delay             delaytemp.o
    0x08000680   0x0000001e   Code   RO         5431    i.EXTI15_10_IRQHandler  stm32f4xx_it.o
    0x0800069e   0x00000002   PAD
    0x080006a0   0x0000000c   Code   RO         1485    i.EXTI_ClearITPendingBit  stm32f4xx_exti.o
    0x080006ac   0x00000018   Code   RO         1489    i.EXTI_GetITStatus  stm32f4xx_exti.o
    0x080006c4   0x00000094   Code   RO         1490    i.EXTI_Init         stm32f4xx_exti.o
    0x08000758   0x000000dc   Code   RO         5584    i.FLASHConfig       flashconfig.o
    0x08000834   0x00000048   Code   RO         1844    i.FMC_GetFlagStatus  stm32f4xx_fmc.o
    0x0800087c   0x00000020   Code   RO         1861    i.FMC_SDRAMCmdConfig  stm32f4xx_fmc.o
    0x0800089c   0x00000144   Code   RO         1863    i.FMC_SDRAMInit     stm32f4xx_fmc.o
    0x080009e0   0x00000018   Code   RO         1867    i.FMC_SetRefreshCount  stm32f4xx_fmc.o
    0x080009f8   0x00000090   Code   RO         2046    i.GPIO_Init         stm32f4xx_gpio.o
    0x08000a88   0x00000046   Code   RO         2047    i.GPIO_PinAFConfig  stm32f4xx_gpio.o
    0x08000ace   0x00000004   Code   RO         2053    i.GPIO_ResetBits    stm32f4xx_gpio.o
    0x08000ad2   0x00000004   Code   RO         2054    i.GPIO_SetBits      stm32f4xx_gpio.o
    0x08000ad6   0x00000008   Code   RO         2056    i.GPIO_ToggleBits   stm32f4xx_gpio.o
    0x08000ade   0x0000000a   Code   RO         2058    i.GPIO_WriteBit     stm32f4xx_gpio.o
    0x08000ae8   0x000000c8   Code   RO         6291    i.GTP_Get_Info      gt9xx.o
    0x08000bb0   0x00000084   Code   RO         6292    i.GTP_I2C_Read      gt9xx.o
    0x08000c34   0x00000070   Code   RO         6294    i.GTP_I2C_Test      gt9xx.o
    0x08000ca4   0x00000060   Code   RO         6295    i.GTP_I2C_Write     gt9xx.o
    0x08000d04   0x00000108   Code   RO         6298    i.GTP_Init_Panel    gt9xx.o
    0x08000e0c   0x00000158   Code   RO         6299    i.GTP_Read_Version  gt9xx.o
    0x08000f64   0x0000000c   Code   RO         6302    i.GTP_TouchProcess  gt9xx.o
    0x08000f70   0x00000048   Code   RO         6303    i.GTP_Touch_Down    gt9xx.o
    0x08000fb8   0x00000030   Code   RO         6304    i.GTP_Touch_Up      gt9xx.o
    0x08000fe8   0x0000002c   Code   RO         6849    i.GUIDma2d          tgui_conf.o
    0x08001014   0x00000018   Code   RO         6850    i.GUIGetPoint       tgui_conf.o
    0x0800102c   0x00000030   Code   RO         6855    i.GUITouchDown      tgui_conf.o
    0x0800105c   0x0000000c   Code   RO         6856    i.GUITouchUp        tgui_conf.o
    0x08001068   0x000001f0   Code   RO         6306    i.Goodix_TS_Work_Func  gt9xx.o
    0x08001258   0x00000004   Code   RO         5432    i.HardFault_Handler  stm32f4xx_it.o
    0x0800125c   0x00000018   Code   RO         2334    i.I2C_AcknowledgeConfig  stm32f4xx_i2c.o
    0x08001274   0x0000002a   Code   RO         2337    i.I2C_CheckEvent    stm32f4xx_i2c.o
    0x0800129e   0x00000018   Code   RO         2340    i.I2C_Cmd           stm32f4xx_i2c.o
    0x080012b6   0x00000002   PAD
    0x080012b8   0x000000b4   Code   RO         6509    i.I2C_GPIO_Config   touch_i2c.o
    0x0800136c   0x00000078   Code   RO         6511    i.I2C_GTP_IRQEnable  touch_i2c.o
    0x080013e4   0x00000018   Code   RO         2348    i.I2C_GenerateSTART  stm32f4xx_i2c.o
    0x080013fc   0x00000018   Code   RO         2349    i.I2C_GenerateSTOP  stm32f4xx_i2c.o
    0x08001414   0x0000003a   Code   RO         2350    i.I2C_GetFlagStatus  stm32f4xx_i2c.o
    0x0800144e   0x00000002   PAD
    0x08001450   0x000000e8   Code   RO         2355    i.I2C_Init          stm32f4xx_i2c.o
    0x08001538   0x0000004c   Code   RO         6512    i.I2C_Mode_Config   touch_i2c.o
    0x08001584   0x00000108   Code   RO         6513    i.I2C_ReadBytes     touch_i2c.o
    0x0800168c   0x00000008   Code   RO         2360    i.I2C_ReceiveData   stm32f4xx_i2c.o
    0x08001694   0x00000074   Code   RO         6514    i.I2C_ResetChip     touch_i2c.o
    0x08001708   0x00000010   Code   RO         2362    i.I2C_Send7bitAddress  stm32f4xx_i2c.o
    0x08001718   0x00000004   Code   RO         2363    i.I2C_SendData      stm32f4xx_i2c.o
    0x0800171c   0x00000040   Code   RO         6515    i.I2C_TIMEOUT_UserCallback  touch_i2c.o
    0x0800175c   0x00000014   Code   RO         6516    i.I2C_Touch_Init    touch_i2c.o
    0x08001770   0x0000007e   Code   RO         6307    i.I2C_Transfer      gt9xx.o
    0x080017ee   0x00000002   PAD
    0x080017f0   0x000000f8   Code   RO         6517    i.I2C_WriteBytes    touch_i2c.o
    0x080018e8   0x0000004e   Code   RO         5712    i.LCDConfig         lcdconfig.o
    0x08001936   0x00000002   PAD
    0x08001938   0x00000074   Code   RO         5713    i.LCD_Clear         lcdconfig.o
    0x080019ac   0x00000030   Code   RO         5720    i.LCD_DisplayChar   lcdconfig.o
    0x080019dc   0x000000dc   Code   RO         5724    i.LCD_DrawChar      lcdconfig.o
    0x08001ab8   0x000000cc   Code   RO         5726    i.LCD_DrawCircle    lcdconfig.o
    0x08001b84   0x00000092   Code   RO         5728    i.LCD_DrawFullCircle  lcdconfig.o
    0x08001c16   0x00000002   PAD
    0x08001c18   0x000000a4   Code   RO         5730    i.LCD_DrawFullRect  lcdconfig.o
    0x08001cbc   0x000000ac   Code   RO         5731    i.LCD_DrawLine      lcdconfig.o
    0x08001d68   0x00000044   Code   RO         5733    i.LCD_DrawRect      lcdconfig.o
    0x08001dac   0x0000011e   Code   RO         5734    i.LCD_DrawUniLine   lcdconfig.o
    0x08001eca   0x00000002   PAD
    0x08001ecc   0x00000308   Code   RO         5737    i.LCD_GPIO_Config   lcdconfig.o
    0x080021d4   0x0000007e   Code   RO         5740    i.LCD_Init          lcdconfig.o
    0x08002252   0x00000002   PAD
    0x08002254   0x000000a8   Code   RO         5741    i.LCD_LayerInit     lcdconfig.o
    0x080022fc   0x00000014   Code   RO         5748    i.LCD_SetColors     lcdconfig.o
    0x08002310   0x0000000c   Code   RO         5751    i.LCD_SetFont       lcdconfig.o
    0x0800231c   0x0000002c   Code   RO         5752    i.LCD_SetLayer      lcdconfig.o
    0x08002348   0x0000000c   Code   RO         5753    i.LCD_SetTextColor  lcdconfig.o
    0x08002354   0x00000030   Code   RO         5754    i.LCD_SetTransparency  lcdconfig.o
    0x08002384   0x0000003c   Code   RO         6052    i.LED_BLUE_Config   ledconfig.o
    0x080023c0   0x0000003c   Code   RO         6056    i.LED_GREEN_Config  ledconfig.o
    0x080023fc   0x00000014   Code   RO         6059    i.LED_GREEN_Toggle  ledconfig.o
    0x08002410   0x0000003c   Code   RO         6060    i.LED_RED_Config    ledconfig.o
    0x0800244c   0x00000024   Code   RO         2620    i.LTDC_Cmd          stm32f4xx_ltdc.o
    0x08002470   0x00000024   Code   RO         2624    i.LTDC_DitherCmd    stm32f4xx_ltdc.o
    0x08002494   0x00000188   Code   RO         2631    i.LTDC_Init         stm32f4xx_ltdc.o
    0x0800261c   0x00000004   Code   RO         2634    i.LTDC_LayerAlpha   stm32f4xx_ltdc.o
    0x08002620   0x00000016   Code   RO         2635    i.LTDC_LayerCmd     stm32f4xx_ltdc.o
    0x08002636   0x00000114   Code   RO         2636    i.LTDC_LayerInit    stm32f4xx_ltdc.o
    0x0800274a   0x00000002   PAD
    0x0800274c   0x0000000c   Code   RO         2643    i.LTDC_ReloadConfig  stm32f4xx_ltdc.o
    0x08002758   0x00000004   Code   RO         5433    i.MemManage_Handler  stm32f4xx_it.o
    0x0800275c   0x00000002   Code   RO         5434    i.NMI_Handler       stm32f4xx_it.o
    0x0800275e   0x00000002   PAD
    0x08002760   0x00000078   Code   RO          164    i.NVIC_Init         misc.o
    0x080027d8   0x00000014   Code   RO          165    i.NVIC_PriorityGroupConfig  misc.o
    0x080027ec   0x00000040   Code   RO         5759    i.PutPixel          lcdconfig.o
    0x0800282c   0x00000020   Code   RO         2960    i.RCC_AHB1PeriphClockCmd  stm32f4xx_rcc.o
    0x0800284c   0x00000020   Code   RO         2962    i.RCC_AHB1PeriphResetCmd  stm32f4xx_rcc.o
    0x0800286c   0x00000020   Code   RO         2966    i.RCC_AHB3PeriphClockCmd  stm32f4xx_rcc.o
    0x0800288c   0x00000020   Code   RO         2969    i.RCC_APB1PeriphClockCmd  stm32f4xx_rcc.o
    0x080028ac   0x00000020   Code   RO         2972    i.RCC_APB2PeriphClockCmd  stm32f4xx_rcc.o
    0x080028cc   0x000000e8   Code   RO         2981    i.RCC_GetClocksFreq  stm32f4xx_rcc.o
    0x080029b4   0x00000040   Code   RO         2982    i.RCC_GetFlagStatus  stm32f4xx_rcc.o
    0x080029f4   0x00000018   Code   RO         2993    i.RCC_LTDCCLKDivConfig  stm32f4xx_rcc.o
    0x08002a0c   0x0000000c   Code   RO         3002    i.RCC_PLLSAICmd     stm32f4xx_rcc.o
    0x08002a18   0x00000018   Code   RO         3003    i.RCC_PLLSAIConfig  stm32f4xx_rcc.o
    0x08002a30   0x0000001e   Code   RO         5762    i.RGB888ToRGB565    lcdconfig.o
    0x08002a4e   0x00000002   PAD
    0x08002a50   0x0000000c   Code   RO         3892    i.SDIO_ClearITPendingBit  stm32f4xx_sdio.o
    0x08002a5c   0x00000018   Code   RO         3904    i.SDIO_GetITStatus  stm32f4xx_sdio.o
    0x08002a74   0x00000008   Code   RO         6591    i.SDIO_IRQHandler   sdcardconfig.o
    0x08002a7c   0x00000020   Code   RO         3907    i.SDIO_ITConfig     stm32f4xx_sdio.o
    0x08002a9c   0x00000064   Code   RO         6142    i.SDRAMConfig       sdramconfig.o
    0x08002b00   0x000003a4   Code   RO         6143    i.SDRAM_GPIO_Config  sdramconfig.o
    0x08002ea4   0x000000b0   Code   RO         6144    i.SDRAM_InitSequence  sdramconfig.o
    0x08002f54   0x00000024   Code   RO         6148    i.SDRAM_delay       sdramconfig.o
    0x08002f78   0x00000028   Code   RO         6610    i.SD_ProcessDMAIRQ  sdcardconfig.o
    0x08002fa0   0x000000ac   Code   RO         6611    i.SD_ProcessIRQSrc  sdcardconfig.o
    0x0800304c   0x00000018   Code   RO         4115    i.SPI_Cmd           stm32f4xx_spi.o
    0x08003064   0x0000003c   Code   RO         4128    i.SPI_Init          stm32f4xx_spi.o
    0x080030a0   0x00000040   Code   RO         4280    i.SYSCFG_EXTILineConfig  stm32f4xx_syscfg.o
    0x080030e0   0x00000120   Code   RO           13    i.SetSysClock       system_stm32f4xx.o
    0x08003200   0x00000034   Code   RO        10787    i.SysTick_Handler   port.o
    0x08003234   0x00000068   Code   RO           15    i.SystemInit        system_stm32f4xx.o
    0x0800329c   0x000000a8   Code   RO         6202    i.USART1Config      usartconfig.o
    0x08003344   0x00000084   Code   RO         5435    i.USART1_IRQHandler  stm32f4xx_it.o
    0x080033c8   0x00000028   Code   RO         6203    i.USART1_NVICConfig  usartconfig.o
    0x080033f0   0x0000001c   Code   RO         6204    i.USART1_RX         usartconfig.o
    0x0800340c   0x00000028   Code   RO         6205    i.USART1_TX         usartconfig.o
    0x08003434   0x0000001e   Code   RO         4904    i.USART_ClearITPendingBit  stm32f4xx_usart.o
    0x08003452   0x00000018   Code   RO         4907    i.USART_Cmd         stm32f4xx_usart.o
    0x0800346a   0x0000001a   Code   RO         4910    i.USART_GetFlagStatus  stm32f4xx_usart.o
    0x08003484   0x00000054   Code   RO         4911    i.USART_GetITStatus  stm32f4xx_usart.o
    0x080034d8   0x0000004a   Code   RO         4913    i.USART_ITConfig    stm32f4xx_usart.o
    0x08003522   0x00000002   PAD
    0x08003524   0x000000d4   Code   RO         4914    i.USART_Init        stm32f4xx_usart.o
    0x080035f8   0x0000000a   Code   RO         4921    i.USART_ReceiveData  stm32f4xx_usart.o
    0x08003602   0x0000001e   Code   RO         6209    i.USART_SendByte    usartconfig.o
    0x08003620   0x00000008   Code   RO         4924    i.USART_SendData    stm32f4xx_usart.o
    0x08003628   0x00000004   Code   RO         5436    i.UsageFault_Handler  stm32f4xx_it.o
    0x0800362c   0x00000154   Code   RO         7612    i._Z11ClickHandlettP7rootWinPh  createwin.o
    0x08003780   0x000000a8   Code   RO         7794    i._Z11itemWinProcP7rootWinS0_7MsgTypejj  listbarwin.o
    0x08003828   0x0000009c   Code   RO         8687    i._Z12keyboardProcP7rootWinS0_7MsgTypejj  virkeyboardwin.o
    0x080038c4   0x000000d4   Code   RO         7613    i._Z12winWeakProc0P7rootWinS0_7MsgTypejj  createwin.o
    0x08003998   0x00000036   Code   RO         7614    i._Z12winWeakProc1P7rootWinS0_7MsgTypejj  createwin.o
    0x080039ce   0x00000002   PAD
    0x080039d0   0x00000040   Code   RO         7615    i._Z12winWeakProc2P7rootWinS0_7MsgTypejj  createwin.o
    0x08003a10   0x000000bc   Code   RO         7616    i._Z12winWeakProc3P7rootWinS0_7MsgTypejj  createwin.o
    0x08003acc   0x000000a4   Code   RO         7617    i._Z12winWeakProc4P7rootWinS0_7MsgTypejj  createwin.o
    0x08003b70   0x000000b4   Code   RO         7618    i._Z12winWeakProc5P7rootWinS0_7MsgTypejj  createwin.o
    0x08003c24   0x00000038   Code   RO         7619    i._Z12winWeakProc6P7rootWinS0_7MsgTypejj  createwin.o
    0x08003c5c   0x00000078   Code   RO         7620    i._Z12winWeakProc7P7rootWinS0_7MsgTypejj  createwin.o
    0x08003cd4   0x00000074   Code   RO         8455    i._Z13optionWinProcP7rootWinS0_7MsgTypejj  radiobtnwin.o
    0x08003d48   0x00000048   Code   RO         7621    i._Z13winWeakProc61P7rootWinS0_7MsgTypejj  createwin.o
    0x08003d90   0x00000034   Code   RO         7622    i._Z13winWeakProc71P7rootWinS0_7MsgTypejj  createwin.o
    0x08003dc4   0x000000ce   Code   RO         7397    i._Z14buttonWeakProcP7rootWinS0_7MsgTypejj  mainwin.o
    0x08003e92   0x00000094   Code   RO         8892    i._Z14buttonWeakProcP7rootWinS0_7MsgTypejj  dialogwin.o
    0x08003f26   0x00000002   PAD
    0x08003f28   0x00000064   Code   RO         7623    i._Z14winDefaultProcP7rootWinS0_7MsgTypejj  createwin.o
    0x08003f8c   0x0000055c   Code   RO         7624    i._Z4win0Pv         createwin.o
    0x080044e8   0x0000002c   Code   RO         7625    i._Z7GUI_Runv       createwin.o
    0x08004514   0x00000002   Code   RO         7242    i._ZN10controlWin10destroyWinEv  controlwin.o
    0x08004516   0x00000002   Code   RO         7230    i._ZN10controlWin11registerWinEv  controlwin.o
    0x08004518   0x00000006   Code   RO         8793    i._ZN10controlWin12getBackColorEv  virkeyboardwin.o
    0x0800451e   0x00000006   Code   RO         7351    i._ZN10controlWin12getTextColorEv  buttonwin.o
    0x08004524   0x00000004   Code   RO         7487    i._ZN10controlWin12setBackColorEj  mainwin.o
    0x08004528   0x00000004   Code   RO         7493    i._ZN10controlWin12setTextColorEj  mainwin.o
    0x0800452c   0x00000002   Code   RO         7236    i._ZN10controlWin13unregisterWinEv  controlwin.o
    0x0800452e   0x000000b4   Code   RO         7189    i._ZN10controlWin16displayStrCenterE6_tFontjjPc  controlwin.o
    0x080045e2   0x0000000a   Code   RO         7357    i._ZN10controlWin7getFontEv  buttonwin.o
    0x080045ec   0x0000004c   Code   RO         7191    i._ZN10controlWinC2EttttPcP7rootWinPv  controlwin.o
    0x08004638   0x00000012   Code   RO         7192    i._ZN10controlWinD0Ev  controlwin.o
    0x0800464a   0x00000010   Code   RO         7193    i._ZN10controlWinD2Ev  controlwin.o
    0x0800465a   0x0000001a   Code   RO         7795    i._ZN10listBarWin10destroyWinEv  listbarwin.o
    0x08004674   0x00000008   Code   RO         7926    i._ZN10listBarWin11getItemHighEv  listbarwin.o
    0x0800467c   0x00000080   Code   RO         7796    i._ZN10listBarWin11readFromBufEv  listbarwin.o
    0x080046fc   0x0000000c   Code   RO         7797    i._ZN10listBarWin11registerWinEv  listbarwin.o
    0x08004708   0x000001aa   Code   RO         7798    i._ZN10listBarWin12pressListBarEv  listbarwin.o
    0x080048b2   0x0000000c   Code   RO         7799    i._ZN10listBarWin13unregisterWinEv  listbarwin.o
    0x080048be   0x000000d8   Code   RO         7800    i._ZN10listBarWin14changeOpenListEv  listbarwin.o
    0x08004996   0x0000001a   Code   RO         7802    i._ZN10listBarWin14releaseListBarEv  listbarwin.o
    0x080049b0   0x00000018   Code   RO         7803    i._ZN10listBarWin15changeOpenStateEv  listbarwin.o
    0x080049c8   0x000000d8   Code   RO         7804    i._ZN10listBarWin8itemInitEPPch  listbarwin.o
    0x08004aa0   0x000001a8   Code   RO         7805    i._ZN10listBarWin8paintWinEv  listbarwin.o
    0x08004c48   0x00000080   Code   RO         7806    i._ZN10listBarWin9saveToBufEv  listbarwin.o
    0x08004cc8   0x0000005c   Code   RO         7807    i._ZN10listBarWinC1EttttPcP7rootWinPv  listbarwin.o
    0x08004d24   0x00000012   Code   RO         7808    i._ZN10listBarWinD0Ev  listbarwin.o
    0x08004d36   0x0000001c   Code   RO         7809    i._ZN10listBarWinD1Ev  listbarwin.o
    0x08004d52   0x00000026   Code   RO         8194    i._ZN10textBarWin10deleteCharEv  textbarwin.o
    0x08004d78   0x00000012   Code   RO         8195    i._ZN10textBarWin10destroyWinEv  textbarwin.o
    0x08004d8a   0x00000056   Code   RO         8196    i._ZN10textBarWin10returnLineEv  textbarwin.o
    0x08004de0   0x000000b8   Code   RO         8198    i._ZN10textBarWin11displayCharEc  textbarwin.o
    0x08004e98   0x0000000c   Code   RO         8199    i._ZN10textBarWin11registerWinEv  textbarwin.o
    0x08004ea4   0x0000000c   Code   RO         8201    i._ZN10textBarWin13unregisterWinEv  textbarwin.o
    0x08004eb0   0x0000006c   Code   RO         8202    i._ZN10textBarWin8paintWinEv  textbarwin.o
    0x08004f1c   0x00000070   Code   RO         8203    i._ZN10textBarWin9writeCharEc  textbarwin.o
    0x08004f8c   0x00000090   Code   RO         8204    i._ZN10textBarWinC1EttttPcP7rootWinPv  textbarwin.o
    0x0800501c   0x00000012   Code   RO         8205    i._ZN10textBarWinD0Ev  textbarwin.o
    0x0800502e   0x00000010   Code   RO         8206    i._ZN10textBarWinD1Ev  textbarwin.o
    0x0800503e   0x00000010   Code   RO         8843    i._ZN11comboBoxWin12comboBoxInitEv  comboboxwin.o
    0x0800504e   0x0000000c   Code   RO         8844    i._ZN11comboBoxWin15comboBoxDestroyEv  comboboxwin.o
    0x0800505a   0x00000006   Code   RO         7920    i._ZN11comboBoxWin8getRwNumEv  listbarwin.o
    0x08005060   0x00000006   Code   RO         7481    i._ZN11comboBoxWin9getRwListEv  mainwin.o
    0x08005066   0x00000002   PAD
    0x08005068   0x00000010   Code   RO         8845    i._ZN11comboBoxWinC1Ev  comboboxwin.o
    0x08005078   0x00000002   Code   RO         8847    i._ZN11comboBoxWinD1Ev  comboboxwin.o
    0x0800507a   0x0000001a   Code   RO         8456    i._ZN11radioBtnWin10destroyWinEv  radiobtnwin.o
    0x08005094   0x0000000c   Code   RO         8457    i._ZN11radioBtnWin11registerWinEv  radiobtnwin.o
    0x080050a0   0x00000050   Code   RO         8458    i._ZN11radioBtnWin12optionSelectEP9optionWin  radiobtnwin.o
    0x080050f0   0x0000018c   Code   RO         8459    i._ZN11radioBtnWin12radioBtnInitEPPchb  radiobtnwin.o
    0x0800527c   0x0000000c   Code   RO         8460    i._ZN11radioBtnWin13unregisterWinEv  radiobtnwin.o
    0x08005288   0x00000002   Code   RO         8461    i._ZN11radioBtnWin8paintWinEv  radiobtnwin.o
    0x0800528a   0x00000002   PAD
    0x0800528c   0x0000004c   Code   RO         8462    i._ZN11radioBtnWinC1EttttPcP7rootWinPv  radiobtnwin.o
    0x080052d8   0x00000012   Code   RO         8463    i._ZN11radioBtnWinD0Ev  radiobtnwin.o
    0x080052ea   0x0000001c   Code   RO         8464    i._ZN11radioBtnWinD1Ev  radiobtnwin.o
    0x08005306   0x0000000c   Code   RO         8095    i._ZN11trackBarWin10destroyWinEv  trackbarwin.o
    0x08005312   0x000000e8   Code   RO         8096    i._ZN11trackBarWin11paintSliderEtt  trackbarwin.o
    0x080053fa   0x0000000c   Code   RO         8097    i._ZN11trackBarWin11registerWinEv  trackbarwin.o
    0x08005406   0x00000094   Code   RO         8098    i._ZN11trackBarWin13generateValueEv  trackbarwin.o
    0x0800549a   0x0000002e   Code   RO         8099    i._ZN11trackBarWin13releaseSliderEv  trackbarwin.o
    0x080054c8   0x00000088   Code   RO         8100    i._ZN11trackBarWin13sliderSlidingEtt  trackbarwin.o
    0x08005550   0x0000000c   Code   RO         8101    i._ZN11trackBarWin13unregisterWinEv  trackbarwin.o
    0x0800555c   0x00000010   Code   RO         7739    i._ZN11trackBarWin14getSliderValueEv  createwin.o
    0x0800556c   0x00000088   Code   RO         8102    i._ZN11trackBarWin8paintWinEv  trackbarwin.o
    0x080055f4   0x00000088   Code   RO         8103    i._ZN11trackBarWinC1EttttPcP7rootWinPvb  trackbarwin.o
    0x0800567c   0x00000012   Code   RO         8104    i._ZN11trackBarWinD0Ev  trackbarwin.o
    0x0800568e   0x00000010   Code   RO         8105    i._ZN11trackBarWinD1Ev  trackbarwin.o
    0x0800569e   0x00000098   Code   RO         9293    i._ZN12GUIRectangle13rectIntersectEP7GUIAreaS1_  guirectangle.o
    0x08005736   0x0000000e   Code   RO         9294    i._ZN12GUIRectangle3maxEtt  guirectangle.o
    0x08005744   0x0000000e   Code   RO         9295    i._ZN12GUIRectangle3minEtt  guirectangle.o
    0x08005752   0x000001c2   Code   RO         9297    i._ZN12GUIRectangle7rectCutEtttt  guirectangle.o
    0x08005914   0x0000005e   Code   RO         9298    i._ZN12GUIRectangle8drawFullEv  guirectangle.o
    0x08005972   0x00000002   PAD
    0x08005974   0x00000030   Code   RO         9300    i._ZN12GUIRectangleC1Ettttjj  guirectangle.o
    0x080059a4   0x0000001e   Code   RO         8565    i._ZN12trackTextWin10destroyWinEv  tracktextwin.o
    0x080059c2   0x0000000c   Code   RO         8566    i._ZN12trackTextWin11registerWinEv  tracktextwin.o
    0x080059ce   0x00000016   Code   RO         8567    i._ZN12trackTextWin13releaseSliderEv  tracktextwin.o
    0x080059e4   0x00000028   Code   RO         8568    i._ZN12trackTextWin13sliderSlidingEtt  tracktextwin.o
    0x08005a0c   0x0000010a   Code   RO         8569    i._ZN12trackTextWin13trackTextInitEv  tracktextwin.o
    0x08005b16   0x0000000c   Code   RO         8570    i._ZN12trackTextWin13unregisterWinEv  tracktextwin.o
    0x08005b22   0x0000001e   Code   RO         8571    i._ZN12trackTextWin8paintWinEv  tracktextwin.o
    0x08005b40   0x000000b2   Code   RO         8572    i._ZN12trackTextWin9paintTextEv  tracktextwin.o
    0x08005bf2   0x00000002   PAD
    0x08005bf4   0x00000048   Code   RO         8573    i._ZN12trackTextWinC1EttttPcP7rootWinPv  tracktextwin.o
    0x08005c3c   0x00000012   Code   RO         8574    i._ZN12trackTextWinD0Ev  tracktextwin.o
    0x08005c4e   0x0000001c   Code   RO         8575    i._ZN12trackTextWinD1Ev  tracktextwin.o
    0x08005c6a   0x0000000c   Code   RO         8309    i._ZN14progressBarWin10destroyWinEv  progressbarwin.o
    0x08005c76   0x0000000c   Code   RO         8311    i._ZN14progressBarWin11registerWinEv  progressbarwin.o
    0x08005c82   0x0000000c   Code   RO         8312    i._ZN14progressBarWin13unregisterWinEv  progressbarwin.o
    0x08005c8e   0x00000022   Code   RO         8313    i._ZN14progressBarWin16setProgressValueEh  progressbarwin.o
    0x08005cb0   0x0000005c   Code   RO         8314    i._ZN14progressBarWin8paintWinEv  progressbarwin.o
    0x08005d0c   0x00000040   Code   RO         8315    i._ZN14progressBarWinC1EttttPcP7rootWinPv  progressbarwin.o
    0x08005d4c   0x00000012   Code   RO         8316    i._ZN14progressBarWinD0Ev  progressbarwin.o
    0x08005d5e   0x00000010   Code   RO         8317    i._ZN14progressBarWinD1Ev  progressbarwin.o
    0x08005d6e   0x0000000c   Code   RO         7531    i._ZN14staticFrameWin10destroyWinEv  staticframewin.o
    0x08005d7a   0x0000000c   Code   RO         7532    i._ZN14staticFrameWin11registerWinEv  staticframewin.o
    0x08005d86   0x0000000c   Code   RO         7533    i._ZN14staticFrameWin13unregisterWinEv  staticframewin.o
    0x08005d92   0x00000062   Code   RO         7534    i._ZN14staticFrameWin8paintWinEv  staticframewin.o
    0x08005df4   0x00000038   Code   RO         7535    i._ZN14staticFrameWinC1EttttPcP7rootWinPv  staticframewin.o
    0x08005e2c   0x00000012   Code   RO         7536    i._ZN14staticFrameWinD0Ev  staticframewin.o
    0x08005e3e   0x00000010   Code   RO         7537    i._ZN14staticFrameWinD1Ev  staticframewin.o
    0x08005e4e   0x00000014   Code   RO         8688    i._ZN14virKeyboardWin10destroyWinEv  virkeyboardwin.o
    0x08005e62   0x00000002   PAD
    0x08005e64   0x00000074   Code   RO         8689    i._ZN14virKeyboardWin11readFromBufEv  virkeyboardwin.o
    0x08005ed8   0x0000001a   Code   RO         8690    i._ZN14virKeyboardWin11registerWinEv  virkeyboardwin.o
    0x08005ef2   0x00000002   PAD
    0x08005ef4   0x00000708   Code   RO         8691    i._ZN14virKeyboardWin12keyBoardInitEv  virkeyboardwin.o
    0x080065fc   0x00000110   Code   RO         8692    i._ZN14virKeyboardWin13intConverCharEjjPc  virkeyboardwin.o
    0x0800670c   0x0000000c   Code   RO         8693    i._ZN14virKeyboardWin13unregisterWinEv  virkeyboardwin.o
    0x08006718   0x0000003e   Code   RO         8694    i._ZN14virKeyboardWin16keyboardSendCharEc  virkeyboardwin.o
    0x08006756   0x0000001c   Code   RO         8695    i._ZN14virKeyboardWin16wakeupAndConnectEP7rootWin  virkeyboardwin.o
    0x08006772   0x0000000c   Code   RO         8696    i._ZN14virKeyboardWin8paintWinEv  virkeyboardwin.o
    0x0800677e   0x00000002   PAD
    0x08006780   0x00000074   Code   RO         8697    i._ZN14virKeyboardWin9saveToBufEv  virkeyboardwin.o
    0x080067f4   0x0000005c   Code   RO         8698    i._ZN14virKeyboardWinC1EttttPcP7rootWinPv  virkeyboardwin.o
    0x08006850   0x00000012   Code   RO         8699    i._ZN14virKeyboardWinD0Ev  virkeyboardwin.o
    0x08006862   0x0000001c   Code   RO         8700    i._ZN14virKeyboardWinD1Ev  virkeyboardwin.o
    0x0800687e   0x00000006   Code   RO         9376    i._ZN7GUIArea5getY1Ev  guirectangle.o
    0x08006884   0x00000006   Code   RO         9382    i._ZN7GUIArea5getY2Ev  guirectangle.o
    0x0800688a   0x0000000e   Code   RO         9364    i._ZN7GUIAreaC1Etttt  guirectangle.o
    0x08006898   0x00000014   Code   RO         7398    i._ZN7mainWin10destroyWinEv  mainwin.o
    0x080068ac   0x00000006   Code   RO         7399    i._ZN7mainWin10getBackWinEv  mainwin.o
    0x080068b2   0x0000000c   Code   RO         7400    i._ZN7mainWin11registerWinEv  mainwin.o
    0x080068be   0x0000000c   Code   RO         7401    i._ZN7mainWin13unregisterWinEv  mainwin.o
    0x080068ca   0x00000002   Code   RO         7402    i._ZN7mainWin8paintWinEv  mainwin.o
    0x080068cc   0x000001b4   Code   RO         7403    i._ZN7mainWin9styleInitEv  mainwin.o
    0x08006a80   0x00000050   Code   RO         7404    i._ZN7mainWinC1EttttPcP7rootWinPvh  mainwin.o
    0x08006ad0   0x00000012   Code   RO         7405    i._ZN7mainWinD0Ev   mainwin.o
    0x08006ae2   0x0000001c   Code   RO         7406    i._ZN7mainWinD1Ev   mainwin.o
    0x08006afe   0x00000014   Code   RO         6925    i._ZN7rootWin10destroyWinEv  rootwin.o
    0x08006b12   0x00000006   Code   RO         7102    i._ZN7rootWin10getBrotherEv  rootwin.o
    0x08006b18   0x00000006   Code   RO         7345    i._ZN7rootWin10getWinHighEv  buttonwin.o
    0x08006b1e   0x00000006   Code   RO         7908    i._ZN7rootWin10getWinNameEv  listbarwin.o
    0x08006b24   0x0000010a   Code   RO         6926    i._ZN7rootWin10markDeleteEv  rootwin.o
    0x08006c2e   0x00000050   Code   RO         6927    i._ZN7rootWin10movtoFrontEv  rootwin.o
    0x08006c7e   0x00000004   Code   RO         7114    i._ZN7rootWin10setBrotherEPS_  rootwin.o
    0x08006c82   0x00000004   Code   RO         7914    i._ZN7rootWin10setWinHighEt  listbarwin.o
    0x08006c86   0x0000000a   Code   RO         6928    i._ZN7rootWin10setWinProcEPFvPS_S0_7MsgTypejjE  rootwin.o
    0x08006c90   0x00000006   Code   RO         7339    i._ZN7rootWin11getWinWidthEv  buttonwin.o
    0x08006c96   0x0000010a   Code   RO         6929    i._ZN7rootWin11markCoveredEv  rootwin.o
    0x08006da0   0x00000024   Code   RO         6930    i._ZN7rootWin11registerWinEv  rootwin.o
    0x08006dc4   0x00000096   Code   RO         6931    i._ZN7rootWin11travDelMarkEPS_tt  rootwin.o
    0x08006e5a   0x0000003c   Code   RO         6932    i._ZN7rootWin12addWintoTreeEv  rootwin.o
    0x08006e96   0x00000002   PAD
    0x08006e98   0x00000048   Code   RO         6933    i._ZN7rootWin12destroyCAndBEv  rootwin.o
    0x08006ee0   0x00000006   Code   RO         7090    i._ZN7rootWin12getAbsoluteXEv  rootwin.o
    0x08006ee6   0x00000006   Code   RO         7084    i._ZN7rootWin12getAbsoluteYEv  rootwin.o
    0x08006eec   0x00000006   Code   RO         7126    i._ZN7rootWin12getCoverHeadEv  rootwin.o
    0x08006ef2   0x00000004   Code   RO         7132    i._ZN7rootWin12setCoverHeadEP4node  rootwin.o
    0x08006ef6   0x00000026   Code   RO         6934    i._ZN7rootWin13sendMSGtoBackEP7messagePv  rootwin.o
    0x08006f1c   0x00000038   Code   RO         6935    i._ZN7rootWin13setAbsoluteXYEv  rootwin.o
    0x08006f54   0x00000024   Code   RO         6936    i._ZN7rootWin13unregisterWinEv  rootwin.o
    0x08006f78   0x00000054   Code   RO         6937    i._ZN7rootWin14remWinfromTreeEv  rootwin.o
    0x08006fcc   0x00000038   Code   RO         6939    i._ZN7rootWin16preTraversePaintEPS_  rootwin.o
    0x08007004   0x00000016   Code   RO         6940    i._ZN7rootWin17changSelectedStatEv  rootwin.o
    0x0800701a   0x00000006   Code   RO         7108    i._ZN7rootWin8getChildEv  rootwin.o
    0x08007020   0x00000006   Code   RO         7475    i._ZN7rootWin8getQueueEv  mainwin.o
    0x08007026   0x00000040   Code   RO         6941    i._ZN7rootWin8isInAreaEtt  rootwin.o
    0x08007066   0x00000002   PAD
    0x08007068   0x00000074   Code   RO         6942    i._ZN7rootWin8paintAllEv  rootwin.o
    0x080070dc   0x00000004   Code   RO         7120    i._ZN7rootWin8setChildEPS_  rootwin.o
    0x080070e0   0x000000b8   Code   RO         6943    i._ZN7rootWin8travMarkEPS_tt  rootwin.o
    0x08007198   0x00000006   Code   RO         7096    i._ZN7rootWin9getParentEv  rootwin.o
    0x0800719e   0x00000076   Code   RO         6944    i._ZN7rootWin9locateWinEtt  rootwin.o
    0x08007214   0x00000094   Code   RO         6946    i._ZN7rootWinC2EttttPcPS_Pv  rootwin.o
    0x080072a8   0x00000012   Code   RO         6947    i._ZN7rootWinD0Ev   rootwin.o
    0x080072ba   0x00000002   Code   RO         6948    i._ZN7rootWinD2Ev   rootwin.o
    0x080072bc   0x00000092   Code   RO         7721    i._ZN8GUIShape14addInvalidAreaEtttt  createwin.o
    0x0800734e   0x00000006   Code   RO         9406    i._ZN8GUIShape14getInvalidListEv  guirectangle.o
    0x08007354   0x0000000c   Code   RO         7268    i._ZN9buttonWin10destroyWinEv  buttonwin.o
    0x08007360   0x000000ba   Code   RO         7269    i._ZN9buttonWin11pressButtonEv  buttonwin.o
    0x0800741a   0x0000000c   Code   RO         7270    i._ZN9buttonWin11registerWinEv  buttonwin.o
    0x08007426   0x0000001a   Code   RO         7272    i._ZN9buttonWin13releaseButtonEv  buttonwin.o
    0x08007440   0x0000000c   Code   RO         7273    i._ZN9buttonWin13unregisterWinEv  buttonwin.o
    0x0800744c   0x000000b2   Code   RO         7274    i._ZN9buttonWin8paintWinEv  buttonwin.o
    0x080074fe   0x00000002   PAD
    0x08007500   0x0000004c   Code   RO         7275    i._ZN9buttonWinC1EttttPcP7rootWinPv  buttonwin.o
    0x0800754c   0x00000012   Code   RO         7276    i._ZN9buttonWinD0Ev  buttonwin.o
    0x0800755e   0x00000010   Code   RO         7277    i._ZN9buttonWinD1Ev  buttonwin.o
    0x0800756e   0x00000002   PAD
    0x08007570   0x000001d0   Code   RO         8893    i._ZN9dialogWin10dialogInitEv  dialogwin.o
    0x08007740   0x00000014   Code   RO         8894    i._ZN9dialogWin11closeDialogEv  dialogwin.o
    0x08007754   0x00000078   Code   RO         8895    i._ZN9dialogWin11readFromBufEv  dialogwin.o
    0x080077cc   0x0000001a   Code   RO         8896    i._ZN9dialogWin11registerWinEv  dialogwin.o
    0x080077e6   0x00000002   PAD
    0x080077e8   0x00000078   Code   RO         8897    i._ZN9dialogWin9saveToBufEv  dialogwin.o
    0x08007860   0x00000044   Code   RO         8898    i._ZN9dialogWinC1EttttPcP7rootWinPvh  dialogwin.o
    0x080078a4   0x00000012   Code   RO         8899    i._ZN9dialogWinD0Ev  dialogwin.o
    0x080078b6   0x00000010   Code   RO         8900    i._ZN9dialogWinD1Ev  dialogwin.o
    0x080078c6   0x0000000c   Code   RO         7986    i._ZN9optionWin10destroyWinEv  optionwin.o
    0x080078d2   0x0000001a   Code   RO         7987    i._ZN9optionWin11clickOptionEv  optionwin.o
    0x080078ec   0x00000194   Code   RO         7988    i._ZN9optionWin11paintOptionEv  optionwin.o
    0x08007a80   0x0000000c   Code   RO         7989    i._ZN9optionWin11registerWinEv  optionwin.o
    0x08007a8c   0x0000000c   Code   RO         7991    i._ZN9optionWin13unregisterWinEv  optionwin.o
    0x08007a98   0x00000016   Code   RO         7992    i._ZN9optionWin15changSelectStatEv  optionwin.o
    0x08007aae   0x000000da   Code   RO         7993    i._ZN9optionWin8paintWinEv  optionwin.o
    0x08007b88   0x00000040   Code   RO         7994    i._ZN9optionWinC1EttttPcP7rootWinPvb  optionwin.o
    0x08007bc8   0x00000012   Code   RO         7995    i._ZN9optionWinD0Ev  optionwin.o
    0x08007bda   0x00000010   Code   RO         7996    i._ZN9optionWinD1Ev  optionwin.o
    0x08007bea   0x00000008   Code   RO        11067    i._ZdlPv            cpprt_w.l(delete.o)
    0x08007bf2   0x00000008   Code   RO        11063    i._Znaj             cpprt_w.l(array_new.o)
    0x08007bfa   0x00000002   PAD
    0x08007bfc   0x00000028   Code   RO        11070    i._Znwj             cpprt_w.l(new.o)
    0x08007c24   0x00000020   Code   RO        11407    i.__0printf$8       mc_w.l(printf8.o)
    0x08007c44   0x00000006   Code   RO        11074    i.__cxa_pure_virtual  cpprt_w.l(pure_virt.o)
    0x08007c4a   0x0000000e   Code   RO        11607    i.__scatterload_copy  mc_w.l(handlers.o)
    0x08007c58   0x00000002   Code   RO        11608    i.__scatterload_null  mc_w.l(handlers.o)
    0x08007c5a   0x0000000e   Code   RO        11609    i.__scatterload_zeroinit  mc_w.l(handlers.o)
    0x08007c68   0x00000018   Code   RO         7626    i.__sti___13_createWin_cpp_d520d27c  createwin.o
    0x08007c80   0x00000410   Code   RO        11414    i._printf_core      mc_w.l(printf8.o)
    0x08008090   0x00000024   Code   RO        11415    i._printf_post_padding  mc_w.l(printf8.o)
    0x080080b4   0x0000002e   Code   RO        11416    i._printf_pre_padding  mc_w.l(printf8.o)
    0x080080e2   0x00000002   PAD
    0x080080e4   0x00000024   Code   RO         6213    i.fputc             usartconfig.o
    0x08008108   0x00000050   Code   RO        11516    i.free              mc_w.l(malloc.o)
    0x08008158   0x0000000c   Code   RO         6857    i.getTouchUP        tgui_conf.o
    0x08008164   0x00000024   Code   RO         5161    i.main              main.o
    0x08008188   0x0000006c   Code   RO        11517    i.malloc            mc_w.l(malloc.o)
    0x080081f4   0x00000098   Code   RO        10319    i.prvAddCurrentTaskToDelayedList  tasks.o
    0x0800828c   0x000000b8   Code   RO        10320    i.prvAddNewTaskToReadyList  tasks.o
    0x08008344   0x00000064   Code   RO        10656    i.prvCheckForValidListAndQueue  timers.o
    0x080083a8   0x00000064   Code   RO        10321    i.prvCheckTasksWaitingTermination  tasks.o
    0x0800840c   0x0000002a   Code   RO        10121    i.prvCopyDataFromQueue  queue.o
    0x08008436   0x0000007c   Code   RO        10122    i.prvCopyDataToQueue  queue.o
    0x080084b2   0x00000012   Code   RO        10322    i.prvDeleteTCB      tasks.o
    0x080084c4   0x00000028   Code   RO        10657    i.prvGetNextExpireTime  timers.o
    0x080084ec   0x0000007c   Code   RO        10866    i.prvHeapInit       heap_4.o
    0x08008568   0x00000028   Code   RO        10323    i.prvIdleTask       tasks.o
    0x08008590   0x0000002a   Code   RO        10124    i.prvInitialiseNewQueue  queue.o
    0x080085ba   0x000000b4   Code   RO        10324    i.prvInitialiseNewTask  tasks.o
    0x0800866e   0x00000002   PAD
    0x08008670   0x00000068   Code   RO        10325    i.prvInitialiseTaskLists  tasks.o
    0x080086d8   0x00000068   Code   RO        10867    i.prvInsertBlockIntoFreeList  heap_4.o
    0x08008740   0x00000058   Code   RO        10659    i.prvInsertTimerInActiveList  timers.o
    0x08008798   0x0000001a   Code   RO        10125    i.prvIsQueueEmpty   queue.o
    0x080087b2   0x0000001e   Code   RO        10126    i.prvIsQueueFull    queue.o
    0x080087d0   0x00000064   Code   RO        10660    i.prvProcessExpiredTimer  timers.o
    0x08008834   0x000000f8   Code   RO        10661    i.prvProcessReceivedCommands  timers.o
    0x0800892c   0x00000074   Code   RO        10662    i.prvProcessTimerOrBlockTask  timers.o
    0x080089a0   0x00000034   Code   RO        10327    i.prvResetNextTaskUnblockTime  tasks.o
    0x080089d4   0x0000002c   Code   RO        10663    i.prvSampleTimeNow  timers.o
    0x08008a00   0x000000a0   Code   RO        10664    i.prvSwitchTimerLists  timers.o
    0x08008aa0   0x00000040   Code   RO        10788    i.prvTaskExitError  port.o
    0x08008ae0   0x0000001a   Code   RO        10665    i.prvTimerTask      timers.o
    0x08008afa   0x0000007e   Code   RO        10127    i.prvUnlockQueue    queue.o
    0x08008b78   0x0000013c   Code   RO        10868    i.pvPortMalloc      heap_4.o
    0x08008cb4   0x00000020   Code   RO        10330    i.pvTaskIncrementMutexHeldCount  tasks.o
    0x08008cd4   0x0000002c   Code   RO        10789    i.pxPortInitialiseStack  port.o
    0x08008d00   0x00000028   Code   RO        10084    i.uxListRemove      list.o
    0x08008d28   0x0000001a   Code   RO        10085    i.vListInitialise   list.o
    0x08008d42   0x00000006   Code   RO        10086    i.vListInitialiseItem  list.o
    0x08008d48   0x00000034   Code   RO        10087    i.vListInsert       list.o
    0x08008d7c   0x00000018   Code   RO        10088    i.vListInsertEnd    list.o
    0x08008d94   0x00000054   Code   RO        10791    i.vPortEnterCritical  port.o
    0x08008de8   0x0000003c   Code   RO        10792    i.vPortExitCritical  port.o
    0x08008e24   0x00000094   Code   RO        10869    i.vPortFree         heap_4.o
    0x08008eb8   0x00000020   Code   RO        10793    i.vPortSetupTimerInterrupt  port.o
    0x08008ed8   0x00000078   Code   RO        10794    i.vPortValidateInterruptPriority  port.o
    0x08008f50   0x0000002c   Code   RO        10133    i.vQueueAddToRegistry  queue.o
    0x08008f7c   0x0000004a   Code   RO        10137    i.vQueueWaitForMessageRestricted  queue.o
    0x08008fc6   0x00000002   PAD
    0x08008fc8   0x0000000c   Code   RO        10343    i.vTaskMissedYield  tasks.o
    0x08008fd4   0x00000038   Code   RO        10345    i.vTaskPlaceOnEventList  tasks.o
    0x0800900c   0x00000040   Code   RO        10346    i.vTaskPlaceOnEventListRestricted  tasks.o
    0x0800904c   0x000000b0   Code   RO        10348    i.vTaskPriorityInherit  tasks.o
    0x080090fc   0x00000030   Code   RO        10352    i.vTaskSetTimeOutState  tasks.o
    0x0800912c   0x00000094   Code   RO        10353    i.vTaskStartScheduler  tasks.o
    0x080091c0   0x00000010   Code   RO        10355    i.vTaskSuspendAll   tasks.o
    0x080091d0   0x0000008c   Code   RO        10356    i.vTaskSwitchContext  tasks.o
    0x0800925c   0x0000013c   Code   RO        10795    i.xPortStartScheduler  port.o
    0x08009398   0x00000058   Code   RO        10140    i.xQueueGenericCreate  queue.o
    0x080093f0   0x000001c4   Code   RO        10141    i.xQueueGenericReceive  queue.o
    0x080095b4   0x00000098   Code   RO        10142    i.xQueueGenericReset  queue.o
    0x0800964c   0x000001a8   Code   RO        10143    i.xQueueGenericSend  queue.o
    0x080097f4   0x000000f8   Code   RO        10144    i.xQueueGenericSendFromISR  queue.o
    0x080098ec   0x0000008c   Code   RO        10357    i.xTaskCheckForTimeOut  tasks.o
    0x08009978   0x00000060   Code   RO        10358    i.xTaskCreate       tasks.o
    0x080099d8   0x00000020   Code   RO        10362    i.xTaskGetSchedulerState  tasks.o
    0x080099f8   0x0000000c   Code   RO        10363    i.xTaskGetTickCount  tasks.o
    0x08009a04   0x00000148   Code   RO        10365    i.xTaskIncrementTick  tasks.o
    0x08009b4c   0x000000c8   Code   RO        10368    i.xTaskPriorityDisinherit  tasks.o
    0x08009c14   0x00000098   Code   RO        10369    i.xTaskRemoveFromEventList  tasks.o
    0x08009cac   0x00000104   Code   RO        10371    i.xTaskResumeAll    tasks.o
    0x08009db0   0x00000058   Code   RO        10669    i.xTimerCreateTimerTask  timers.o
    0x08009e08   0x00000084   Code   RO        10670    i.xTimerGenericCommand  timers.o
    0x08009e8c   0x00000004   Code   RO         9412    t._ZN7GUIListI7GUIAreaE11setCurrNodeEP7GUINodeIS0_E  guirectangle.o
    0x08009e90   0x00000006   Code   RO         9394    t._ZN7GUINodeI7GUIAreaE11getNextNodeEv  guirectangle.o
    0x08009e96   0x00000004   Code   RO         7727    t._ZN7GUINodeI7GUIAreaE11setNextNodeEPS1_  createwin.o
    0x08009e9a   0x00000006   Code   RO         9388    t._ZN7GUINodeI7GUIAreaE7getDataEv  guirectangle.o
    0x08009ea0   0x00000008   Code   RO         7733    t._ZN7GUINodeI7GUIAreaEC1EPS0_  createwin.o
    0x08009ea8   0x000000fc   Data   RO         6308    .constdata          gt9xx.o
    0x08009fa4   0x00000018   Data   RO         7642    .constdata          createwin.o
    0x08009fbc   0x000000e8   Data   RO         8719    .constdata          virkeyboardwin.o
    0x0800a0a4   0x000029d0   Data   RO         9946    .constdata          fonts.o
    0x0800ca74   0x00000020   Data   RO         7229    .constdata__ZTV10controlWin  controlwin.o
    0x0800ca94   0x00000030   Data   RO         7907    .constdata__ZTV10listBarWin  listbarwin.o
    0x0800cac4   0x00000020   Data   RO         8282    .constdata__ZTV10textBarWin  textbarwin.o
    0x0800cae4   0x00000010   Data   RO         8883    .constdata__ZTV11comboBoxWin  comboboxwin.o
    0x0800caf4   0x00000030   Data   RO         8532    .constdata__ZTV11radioBtnWin  radiobtnwin.o
    0x0800cb24   0x00000020   Data   RO         8171    .constdata__ZTV11trackBarWin  trackbarwin.o
    0x0800cb44   0x00000018   Data   RO         9363    .constdata__ZTV12GUIRectangle  guirectangle.o
    0x0800cb5c   0x00000030   Data   RO         8648    .constdata__ZTV12trackTextWin  tracktextwin.o
    0x0800cb8c   0x00000020   Data   RO         8373    .constdata__ZTV14progressBarWin  progressbarwin.o
    0x0800cbac   0x00000020   Data   RO         7583    .constdata__ZTV14staticFrameWin  staticframewin.o
    0x0800cbcc   0x00000030   Data   RO         8792    .constdata__ZTV14virKeyboardWin  virkeyboardwin.o
    0x0800cbfc   0x00000030   Data   RO         7474    .constdata__ZTV7mainWin  mainwin.o
    0x0800cc2c   0x00000020   Data   RO         7083    .constdata__ZTV7rootWin  rootwin.o
    0x0800cc4c   0x00000018   Data   RO         9419    .constdata__ZTV8GUIShape  guirectangle.o
    0x0800cc64   0x00000020   Data   RO         7338    .constdata__ZTV9buttonWin  buttonwin.o
    0x0800cc84   0x00000030   Data   RO         8964    .constdata__ZTV9dialogWin  dialogwin.o
    0x0800ccb4   0x00000020   Data   RO         8062    .constdata__ZTV9optionWin  optionwin.o
    0x0800ccd4   0x000000a1   Data   RO         6309    .conststring        gt9xx.o
    0x0800cd75   0x00000003   PAD
    0x0800cd78   0x00000030   Data   RO         7643    .conststring        createwin.o
    0x0800cda8   0x000000f3   Data   RO         8720    .conststring        virkeyboardwin.o
    0x0800ce9b   0x00000001   PAD
    0x0800ce9c   0x00000040   Data   RO        11605    Region$$Table       anon$$obj.o
    0x0800cedc   0x00000004   Data   RO         7645    .init_array         createwin.o
    0x0800cee0   0x00000000   Data   RO        11462    .init_array         mc_w.l(cpp_init.o)


    Execution Region RW_IRAM1 (Base: 0x20000000, Size: 0x00000900, Max: 0x00030000, ABSOLUTE, COMPRESSED[0x00000118])

    Base Addr    Size         Type   Attr      Idx    E Section Name        Object

    0x20000000   0x00000014   Data   RW           16    .data               system_stm32f4xx.o
    0x20000014   0x00000010   Data   RW         3013    .data               stm32f4xx_rcc.o
    0x20000024   0x00000004   Data   RW         5164    .data               main.o
    0x20000028   0x00000004   Data   RW         5437    .data               stm32f4xx_it.o
    0x2000002c   0x00000010   Data   RW         5764    .data               lcdconfig.o
    0x2000003c   0x00000283   Data   RW         6310    .data               gt9xx.o
    0x200002bf   0x00000001   PAD
    0x200002c0   0x00000004   Data   RW         6518    .data               touch_i2c.o
    0x200002c4   0x00000018   Data   RW         6624    .data               sdcardconfig.o
    0x200002dc   0x0000000b   Data   RW         6858    .data               tgui_conf.o
    0x200002e7   0x00000001   PAD
    0x200002e8   0x00000010   Data   RW         7644    .data               createwin.o
    0x200002f8   0x00000021   Data   RW         9947    .data               fonts.o
    0x20000319   0x00000003   PAD
    0x2000031c   0x0000003c   Data   RW        10374    .data               tasks.o
    0x20000358   0x00000014   Data   RW        10676    .data               timers.o
    0x2000036c   0x0000000c   Data   RW        10796    .data               port.o
    0x20000378   0x00000018   Data   RW        10873    .data               heap_4.o
    0x20000390   0x00000004   Data   RW        11509    .data               mc_w.l(stdout.o)
    0x20000394   0x00000004   Data   RW        11546    .data               mc_w.l(cpp_memory.o)
    0x20000398   0x00000008   Data   RW        11551    .data               mc_w.l(cpp_unwinder.o)
    0x200003a0   0x00000004   Data   RW        11593    .data               mc_w.l(mvars.o)
    0x200003a4   0x00000004   Data   RW        11594    .data               mc_w.l(mvars.o)
    0x200003a8   0x00000028   Zero   RW         5163    .bss                main.o
    0x200003d0   0x00000040   Zero   RW        10152    .bss                queue.o
    0x20000410   0x000000c8   Zero   RW        10373    .bss                tasks.o
    0x200004d8   0x00000028   Zero   RW        10675    .bss                timers.o
    0x20000500   0x00000400   Zero   RW            1    STACK               startup_stm32f429_439xx.o


    Execution Region RW_ERAM1 (Base: 0xd0000000, Size: 0x0018bc00, Max: 0x00800000, ABSOLUTE, COMPRESSED[0x0000316c])

    Base Addr    Size         Type   Attr      Idx    E Section Name        Object

    0xd0000000   0x000bb800   Data   RW         5765    EXRAM               lcdconfig.o
    0xd00bb800   0x000bb800   Data   RW         6859    EXRAM               tgui_conf.o
    0xd0177000   0x00012c00   Data   RW        10874    EXRAM               heap_4.o
    0xd0189c00   0x00002000   Zero   RW            2    HEAP                startup_stm32f429_439xx.o


==============================================================================

Image component sizes


      Code (inc. data)   RO Data    RW Data    ZI Data      Debug   Object Name

       564          8         32          0          0      22140   buttonwin.o
        46          4         16          0          0       1836   comboboxwin.o
       296          8         32          0          0      18192   controlwin.o
      3216        414         76         16          0      33940   createwin.o
        18          0          0          0          0        764   delaytemp.o
      1000         48         48          0          0      22296   dialogwin.o
         0          0          0          0          0      11712   event_groups.o
       220         10          0          0          0       1902   flashconfig.o
         0          0      10704         33          0       2014   fonts.o
      1902        466        413        643          0      14938   gt9xx.o
       820          8         48          0          0      15460   guirectangle.o
       692         62          0      76824          0       4235   heap_4.o
      2802        168          0     768016          0      14885   lcdconfig.o
       200         24          0          0          0       2025   ledconfig.o
       148          0          0          0          0       3026   list.o
      1968         50         48          0          0      29436   listbarwin.o
        36          0          0          4         40      23069   main.o
       840         14         48          0          0      24248   mainwin.o
       140         24          0          0          0       1663   misc.o
       804         12         32          0          0      21504   optionwin.o
       954         92          0         12          0      11085   port.o
       260          8         32          0          0      18940   progressbarwin.o
      1872         22          0          0         64      12773   queue.o
       766         10         48          0          0      22660   radiobtnwin.o
      1950         60         32          0          0      32568   rootwin.o
       228         18          0         24          0      11488   sdcardconfig.o
      1244         28          0          0          0       2994   sdramconfig.o
        44         12        428          0       9216        952   startup_stm32f429_439xx.o
       224          6         32          0          0      19360   staticframewin.o
        52         14          0          0          0       1892   stm32f4xx_dma.o
       294         20          0          0          0       3008   stm32f4xx_dma2d.o
       184         16          0          0          0       2248   stm32f4xx_exti.o
       452         20          0          0          0       3675   stm32f4xx_fmc.o
       240          0          0          0          0       4289   stm32f4xx_gpio.o
       456         14          0          0          0       7020   stm32f4xx_i2c.o
       182         28          0          4          0      13477   stm32f4xx_it.o
       778         32          0          0          0       5003   stm32f4xx_ltdc.o
       516         70          0         16          0       8583   stm32f4xx_rcc.o
        68         16          0          0          0       1788   stm32f4xx_sdio.o
        84          0          0          0          0       1865   stm32f4xx_spi.o
        64          4          0          0          0        684   stm32f4xx_syscfg.o
       468          8          0          0          0       6403   stm32f4xx_usart.o
       392         32          0         20          0     343609   system_stm32f4xx.o
      2742        358          0         60        200      20592   tasks.o
       748          4         32          0          0      20504   textbarwin.o
       140         42          0     768011          0       3598   tgui_conf.o
      1142        118          0         20         40      16675   timers.o
      1088        112          0          4          0       5375   touch_i2c.o
       904         16         32          0          0      19660   trackbarwin.o
       708          6         48          0          0      22020   tracktextwin.o
       342         24          0          0          0       3688   usartconfig.o
      2764         38        523          0          0      26480   virkeyboardwin.o

    ----------------------------------------------------------------------
     38120       2568      12772    1613712       9560     944241   Object Totals
         0          0         64          0          0          0   (incl. Generated)
        58          0          4          5          0          0   (incl. Padding)

    ----------------------------------------------------------------------

      Code (inc. data)   RO Data    RW Data    ZI Data      Debug   Library Member Name

        80         12          0          0          0        104   arm_exceptions_globs.o
        60          0          0          0          0        108   arm_exceptions_mem.o
        26          0          0          0          0         76   arm_exceptions_terminate.o
         4          0          0          0          0         68   arm_newhandler_noexceptions.o
         8          0          0          0          0         76   array_new.o
         8          0          0          0          0         76   delete.o
        40          6          0          0          0         76   new.o
         6          0          0          0          0         68   pure_virt.o
        86          0          0          0          0          0   __dczerorl2.o
        32         10          0          0          0         80   cpp_init.o
         8          4          0          4          0         68   cpp_memory.o
         2          0          0          0          0         68   cpp_signal.o
        32          6          0          8          0        252   cpp_unwinder.o
         0          0          0          0          0          0   entry.o
         0          0          0          0          0          0   entry10a.o
         0          0          0          0          0          0   entry11a.o
         8          4          0          0          0          0   entry2.o
         4          0          0          0          0          0   entry5.o
         0          0          0          0          0          0   entry7b.o
         4          0          0          0          0          0   entry8a.o
         0          0          0          0          0          0   entry8b.o
         8          4          0          0          0          0   entry9a.o
        30          0          0          0          0          0   handlers.o
        36          8          0          0          0         68   init.o
        30          0          0          0          0         68   llshl.o
        32          0          0          0          0         68   llushr.o
       188         20          0          0          0        160   malloc.o
        36          0          0          0          0         68   memcpya.o
        36          0          0          0          0        108   memseta.o
         0          0          0          8          0          0   mvars.o
      1154         54          0          0          0        352   printf8.o
         0          0          0          4          0          0   stdout.o
        98          0          0          0          0         92   uldiv.o

    ----------------------------------------------------------------------
      2068        128          0         24          0       2104   Library Totals
        12          0          0          0          0          0   (incl. Padding)

    ----------------------------------------------------------------------

      Code (inc. data)   RO Data    RW Data    ZI Data      Debug   Library Name

       232         18          0          0          0        652   cpprt_w.l
      1824        110          0         24          0       1452   mc_w.l

    ----------------------------------------------------------------------
      2068        128          0         24          0       2104   Library Totals

    ----------------------------------------------------------------------

==============================================================================


      Code (inc. data)   RO Data    RW Data    ZI Data      Debug   

     40188       2696      12772    1613736       9560     904789   Grand Totals
     40188       2696      12772      12932       9560     904789   ELF Image Totals (compressed)
     40188       2696      12772      12932          0          0   ROM Totals

==============================================================================

    Total RO  Size (Code + RO Data)                52960 (  51.72kB)
    Total RW  Size (RW Data + ZI Data)           1623296 (1585.25kB)
    Total ROM Size (Code + RO Data + RW Data)      65892 (  64.35kB)

==============================================================================

