<!doctype html public "-//w3c//dtd html 4.0 transitional//en">
<html><head>
<title>Static Call Graph - [.\Objects\stm32f4Demo.axf]</title></head>
<body><HR>
<H1>Static Call Graph for image .\Objects\stm32f4Demo.axf</H1><HR>
<BR><P>#&#060CALLGRAPH&#062# ARM Linker, 5050169: Last Updated: Tue Nov 28 20:37:53 2017
<BR><P>
<H3>Maximum Stack Usage =        672 bytes + Unknown(Cycles, Untraceable Function Pointers)</H3><H3>
Call chain for Maximum Stack Depth:</H3>
win0(void*) &rArr; virKeyboardWin::keyBoardInit() &rArr; buttonWin::buttonWin(unsigned short, unsigned short, unsigned short, unsigned short, char*, rootWin*, void*) &rArr; controlWin::controlWin__sub_object(unsigned short, unsigned short, unsigned short, unsigned short, char*, rootWin*, void*) &rArr; rootWin::rootWin__sub_object(unsigned short, unsigned short, unsigned short, unsigned short, char*, rootWin*, void*)
<P>
<H3>
Mutually Recursive functions
</H3> <LI><a href="#[21]">ADC_IRQHandler</a>&nbsp;&nbsp;&nbsp;&rArr;&nbsp;&nbsp;&nbsp;<a href="#[21]">ADC_IRQHandler</a><BR>
 <LI><a href="#[204]">rootWin::destroyCAndB()</a>&nbsp;&nbsp;&nbsp;&rArr;&nbsp;&nbsp;&nbsp;<a href="#[204]">rootWin::destroyCAndB()</a><BR>
 <LI><a href="#[1e9]">GUIRectangle::rectCut(unsigned short, unsigned short, unsigned short, unsigned short)</a>&nbsp;&nbsp;&nbsp;&rArr;&nbsp;&nbsp;&nbsp;<a href="#[1e9]">GUIRectangle::rectCut(unsigned short, unsigned short, unsigned short, unsigned short)</a><BR>
 <LI><a href="#[1fa]">GUIChar::rectCut(unsigned short, unsigned short, unsigned short, unsigned short, const unsigned short*)</a>&nbsp;&nbsp;&nbsp;&rArr;&nbsp;&nbsp;&nbsp;<a href="#[1fa]">GUIChar::rectCut(unsigned short, unsigned short, unsigned short, unsigned short, const unsigned short*)</a><BR>
 <LI><a href="#[20c]">rootWin::preTraversePaint(rootWin*)</a>&nbsp;&nbsp;&nbsp;&rArr;&nbsp;&nbsp;&nbsp;<a href="#[20c]">rootWin::preTraversePaint(rootWin*)</a><BR>
</UL>
<P>
<H3>
Function Pointers
</H3><UL>
 <LI><a href="#[21]">ADC_IRQHandler</a> from startup_stm32f429_439xx.o(.text) referenced from startup_stm32f429_439xx.o(RESET)
 <LI><a href="#[9]">BusFault_Handler</a> from stm32f4xx_it.o(i.BusFault_Handler) referenced from startup_stm32f429_439xx.o(RESET)
 <LI><a href="#[23]">CAN1_RX0_IRQHandler</a> from startup_stm32f429_439xx.o(.text) referenced from startup_stm32f429_439xx.o(RESET)
 <LI><a href="#[24]">CAN1_RX1_IRQHandler</a> from startup_stm32f429_439xx.o(.text) referenced from startup_stm32f429_439xx.o(RESET)
 <LI><a href="#[25]">CAN1_SCE_IRQHandler</a> from startup_stm32f429_439xx.o(.text) referenced from startup_stm32f429_439xx.o(RESET)
 <LI><a href="#[22]">CAN1_TX_IRQHandler</a> from startup_stm32f429_439xx.o(.text) referenced from startup_stm32f429_439xx.o(RESET)
 <LI><a href="#[4f]">CAN2_RX0_IRQHandler</a> from startup_stm32f429_439xx.o(.text) referenced from startup_stm32f429_439xx.o(RESET)
 <LI><a href="#[50]">CAN2_RX1_IRQHandler</a> from startup_stm32f429_439xx.o(.text) referenced from startup_stm32f429_439xx.o(RESET)
 <LI><a href="#[51]">CAN2_SCE_IRQHandler</a> from startup_stm32f429_439xx.o(.text) referenced from startup_stm32f429_439xx.o(RESET)
 <LI><a href="#[4e]">CAN2_TX_IRQHandler</a> from startup_stm32f429_439xx.o(.text) referenced from startup_stm32f429_439xx.o(RESET)
 <LI><a href="#[5e]">CRYP_IRQHandler</a> from startup_stm32f429_439xx.o(.text) referenced from startup_stm32f429_439xx.o(RESET)
 <LI><a href="#[5d]">DCMI_IRQHandler</a> from startup_stm32f429_439xx.o(.text) referenced from startup_stm32f429_439xx.o(RESET)
 <LI><a href="#[1a]">DMA1_Stream0_IRQHandler</a> from startup_stm32f429_439xx.o(.text) referenced from startup_stm32f429_439xx.o(RESET)
 <LI><a href="#[1b]">DMA1_Stream1_IRQHandler</a> from startup_stm32f429_439xx.o(.text) referenced from startup_stm32f429_439xx.o(RESET)
 <LI><a href="#[1c]">DMA1_Stream2_IRQHandler</a> from startup_stm32f429_439xx.o(.text) referenced from startup_stm32f429_439xx.o(RESET)
 <LI><a href="#[1d]">DMA1_Stream3_IRQHandler</a> from startup_stm32f429_439xx.o(.text) referenced from startup_stm32f429_439xx.o(RESET)
 <LI><a href="#[1e]">DMA1_Stream4_IRQHandler</a> from startup_stm32f429_439xx.o(.text) referenced from startup_stm32f429_439xx.o(RESET)
 <LI><a href="#[1f]">DMA1_Stream5_IRQHandler</a> from startup_stm32f429_439xx.o(.text) referenced from startup_stm32f429_439xx.o(RESET)
 <LI><a href="#[20]">DMA1_Stream6_IRQHandler</a> from startup_stm32f429_439xx.o(.text) referenced from startup_stm32f429_439xx.o(RESET)
 <LI><a href="#[3e]">DMA1_Stream7_IRQHandler</a> from startup_stm32f429_439xx.o(.text) referenced from startup_stm32f429_439xx.o(RESET)
 <LI><a href="#[69]">DMA2D_IRQHandler</a> from startup_stm32f429_439xx.o(.text) referenced from startup_stm32f429_439xx.o(RESET)
 <LI><a href="#[47]">DMA2_Stream0_IRQHandler</a> from startup_stm32f429_439xx.o(.text) referenced from startup_stm32f429_439xx.o(RESET)
 <LI><a href="#[48]">DMA2_Stream1_IRQHandler</a> from startup_stm32f429_439xx.o(.text) referenced from startup_stm32f429_439xx.o(RESET)
 <LI><a href="#[49]">DMA2_Stream2_IRQHandler</a> from startup_stm32f429_439xx.o(.text) referenced from startup_stm32f429_439xx.o(RESET)
 <LI><a href="#[4a]">DMA2_Stream3_IRQHandler</a> from sdcardconfig.o(i.DMA2_Stream3_IRQHandler) referenced from startup_stm32f429_439xx.o(RESET)
 <LI><a href="#[4b]">DMA2_Stream4_IRQHandler</a> from startup_stm32f429_439xx.o(.text) referenced from startup_stm32f429_439xx.o(RESET)
 <LI><a href="#[53]">DMA2_Stream5_IRQHandler</a> from startup_stm32f429_439xx.o(.text) referenced from startup_stm32f429_439xx.o(RESET)
 <LI><a href="#[54]">DMA2_Stream6_IRQHandler</a> from startup_stm32f429_439xx.o(.text) referenced from startup_stm32f429_439xx.o(RESET)
 <LI><a href="#[55]">DMA2_Stream7_IRQHandler</a> from startup_stm32f429_439xx.o(.text) referenced from startup_stm32f429_439xx.o(RESET)
 <LI><a href="#[c]">DebugMon_Handler</a> from stm32f4xx_it.o(i.DebugMon_Handler) referenced from startup_stm32f429_439xx.o(RESET)
 <LI><a href="#[4c]">ETH_IRQHandler</a> from startup_stm32f429_439xx.o(.text) referenced from startup_stm32f429_439xx.o(RESET)
 <LI><a href="#[4d]">ETH_WKUP_IRQHandler</a> from startup_stm32f429_439xx.o(.text) referenced from startup_stm32f429_439xx.o(RESET)
 <LI><a href="#[15]">EXTI0_IRQHandler</a> from startup_stm32f429_439xx.o(.text) referenced from startup_stm32f429_439xx.o(RESET)
 <LI><a href="#[37]">EXTI15_10_IRQHandler</a> from stm32f4xx_it.o(i.EXTI15_10_IRQHandler) referenced from startup_stm32f429_439xx.o(RESET)
 <LI><a href="#[16]">EXTI1_IRQHandler</a> from startup_stm32f429_439xx.o(.text) referenced from startup_stm32f429_439xx.o(RESET)
 <LI><a href="#[17]">EXTI2_IRQHandler</a> from startup_stm32f429_439xx.o(.text) referenced from startup_stm32f429_439xx.o(RESET)
 <LI><a href="#[18]">EXTI3_IRQHandler</a> from startup_stm32f429_439xx.o(.text) referenced from startup_stm32f429_439xx.o(RESET)
 <LI><a href="#[19]">EXTI4_IRQHandler</a> from startup_stm32f429_439xx.o(.text) referenced from startup_stm32f429_439xx.o(RESET)
 <LI><a href="#[26]">EXTI9_5_IRQHandler</a> from startup_stm32f429_439xx.o(.text) referenced from startup_stm32f429_439xx.o(RESET)
 <LI><a href="#[13]">FLASH_IRQHandler</a> from startup_stm32f429_439xx.o(.text) referenced from startup_stm32f429_439xx.o(RESET)
 <LI><a href="#[3f]">FMC_IRQHandler</a> from startup_stm32f429_439xx.o(.text) referenced from startup_stm32f429_439xx.o(RESET)
 <LI><a href="#[60]">FPU_IRQHandler</a> from startup_stm32f429_439xx.o(.text) referenced from startup_stm32f429_439xx.o(RESET)
 <LI><a href="#[5f]">HASH_RNG_IRQHandler</a> from startup_stm32f429_439xx.o(.text) referenced from startup_stm32f429_439xx.o(RESET)
 <LI><a href="#[7]">HardFault_Handler</a> from stm32f4xx_it.o(i.HardFault_Handler) referenced from startup_stm32f429_439xx.o(RESET)
 <LI><a href="#[2f]">I2C1_ER_IRQHandler</a> from startup_stm32f429_439xx.o(.text) referenced from startup_stm32f429_439xx.o(RESET)
 <LI><a href="#[2e]">I2C1_EV_IRQHandler</a> from startup_stm32f429_439xx.o(.text) referenced from startup_stm32f429_439xx.o(RESET)
 <LI><a href="#[31]">I2C2_ER_IRQHandler</a> from startup_stm32f429_439xx.o(.text) referenced from startup_stm32f429_439xx.o(RESET)
 <LI><a href="#[30]">I2C2_EV_IRQHandler</a> from startup_stm32f429_439xx.o(.text) referenced from startup_stm32f429_439xx.o(RESET)
 <LI><a href="#[58]">I2C3_ER_IRQHandler</a> from startup_stm32f429_439xx.o(.text) referenced from startup_stm32f429_439xx.o(RESET)
 <LI><a href="#[57]">I2C3_EV_IRQHandler</a> from startup_stm32f429_439xx.o(.text) referenced from startup_stm32f429_439xx.o(RESET)
 <LI><a href="#[68]">LTDC_ER_IRQHandler</a> from startup_stm32f429_439xx.o(.text) referenced from startup_stm32f429_439xx.o(RESET)
 <LI><a href="#[67]">LTDC_IRQHandler</a> from startup_stm32f429_439xx.o(.text) referenced from startup_stm32f429_439xx.o(RESET)
 <LI><a href="#[8]">MemManage_Handler</a> from stm32f4xx_it.o(i.MemManage_Handler) referenced from startup_stm32f429_439xx.o(RESET)
 <LI><a href="#[6]">NMI_Handler</a> from stm32f4xx_it.o(i.NMI_Handler) referenced from startup_stm32f429_439xx.o(RESET)
 <LI><a href="#[52]">OTG_FS_IRQHandler</a> from startup_stm32f429_439xx.o(.text) referenced from startup_stm32f429_439xx.o(RESET)
 <LI><a href="#[39]">OTG_FS_WKUP_IRQHandler</a> from startup_stm32f429_439xx.o(.text) referenced from startup_stm32f429_439xx.o(RESET)
 <LI><a href="#[5a]">OTG_HS_EP1_IN_IRQHandler</a> from startup_stm32f429_439xx.o(.text) referenced from startup_stm32f429_439xx.o(RESET)
 <LI><a href="#[59]">OTG_HS_EP1_OUT_IRQHandler</a> from startup_stm32f429_439xx.o(.text) referenced from startup_stm32f429_439xx.o(RESET)
 <LI><a href="#[5c]">OTG_HS_IRQHandler</a> from startup_stm32f429_439xx.o(.text) referenced from startup_stm32f429_439xx.o(RESET)
 <LI><a href="#[5b]">OTG_HS_WKUP_IRQHandler</a> from startup_stm32f429_439xx.o(.text) referenced from startup_stm32f429_439xx.o(RESET)
 <LI><a href="#[10]">PVD_IRQHandler</a> from startup_stm32f429_439xx.o(.text) referenced from startup_stm32f429_439xx.o(RESET)
 <LI><a href="#[d]">PendSV_Handler</a> from port.o(.emb_text) referenced from startup_stm32f429_439xx.o(RESET)
 <LI><a href="#[14]">RCC_IRQHandler</a> from startup_stm32f429_439xx.o(.text) referenced from startup_stm32f429_439xx.o(RESET)
 <LI><a href="#[38]">RTC_Alarm_IRQHandler</a> from startup_stm32f429_439xx.o(.text) referenced from startup_stm32f429_439xx.o(RESET)
 <LI><a href="#[12]">RTC_WKUP_IRQHandler</a> from startup_stm32f429_439xx.o(.text) referenced from startup_stm32f429_439xx.o(RESET)
 <LI><a href="#[5]">Reset_Handler</a> from startup_stm32f429_439xx.o(.text) referenced from startup_stm32f429_439xx.o(RESET)
 <LI><a href="#[66]">SAI1_IRQHandler</a> from startup_stm32f429_439xx.o(.text) referenced from startup_stm32f429_439xx.o(RESET)
 <LI><a href="#[40]">SDIO_IRQHandler</a> from sdcardconfig.o(i.SDIO_IRQHandler) referenced from startup_stm32f429_439xx.o(RESET)
 <LI><a href="#[6c]">SDRAMConfig</a> from sdramconfig.o(i.SDRAMConfig) referenced from startup_stm32f429_439xx.o(.text)
 <LI><a href="#[32]">SPI1_IRQHandler</a> from startup_stm32f429_439xx.o(.text) referenced from startup_stm32f429_439xx.o(RESET)
 <LI><a href="#[33]">SPI2_IRQHandler</a> from startup_stm32f429_439xx.o(.text) referenced from startup_stm32f429_439xx.o(RESET)
 <LI><a href="#[42]">SPI3_IRQHandler</a> from startup_stm32f429_439xx.o(.text) referenced from startup_stm32f429_439xx.o(RESET)
 <LI><a href="#[63]">SPI4_IRQHandler</a> from startup_stm32f429_439xx.o(.text) referenced from startup_stm32f429_439xx.o(RESET)
 <LI><a href="#[64]">SPI5_IRQHandler</a> from startup_stm32f429_439xx.o(.text) referenced from startup_stm32f429_439xx.o(RESET)
 <LI><a href="#[65]">SPI6_IRQHandler</a> from startup_stm32f429_439xx.o(.text) referenced from startup_stm32f429_439xx.o(RESET)
 <LI><a href="#[b]">SVC_Handler</a> from port.o(.emb_text) referenced from startup_stm32f429_439xx.o(RESET)
 <LI><a href="#[e]">SysTick_Handler</a> from port.o(i.SysTick_Handler) referenced from startup_stm32f429_439xx.o(RESET)
 <LI><a href="#[6b]">SystemInit</a> from system_stm32f4xx.o(i.SystemInit) referenced from startup_stm32f429_439xx.o(.text)
 <LI><a href="#[11]">TAMP_STAMP_IRQHandler</a> from startup_stm32f429_439xx.o(.text) referenced from startup_stm32f429_439xx.o(RESET)
 <LI><a href="#[27]">TIM1_BRK_TIM9_IRQHandler</a> from startup_stm32f429_439xx.o(.text) referenced from startup_stm32f429_439xx.o(RESET)
 <LI><a href="#[2a]">TIM1_CC_IRQHandler</a> from startup_stm32f429_439xx.o(.text) referenced from startup_stm32f429_439xx.o(RESET)
 <LI><a href="#[29]">TIM1_TRG_COM_TIM11_IRQHandler</a> from startup_stm32f429_439xx.o(.text) referenced from startup_stm32f429_439xx.o(RESET)
 <LI><a href="#[28]">TIM1_UP_TIM10_IRQHandler</a> from startup_stm32f429_439xx.o(.text) referenced from startup_stm32f429_439xx.o(RESET)
 <LI><a href="#[2b]">TIM2_IRQHandler</a> from startup_stm32f429_439xx.o(.text) referenced from startup_stm32f429_439xx.o(RESET)
 <LI><a href="#[2c]">TIM3_IRQHandler</a> from startup_stm32f429_439xx.o(.text) referenced from startup_stm32f429_439xx.o(RESET)
 <LI><a href="#[2d]">TIM4_IRQHandler</a> from startup_stm32f429_439xx.o(.text) referenced from startup_stm32f429_439xx.o(RESET)
 <LI><a href="#[41]">TIM5_IRQHandler</a> from startup_stm32f429_439xx.o(.text) referenced from startup_stm32f429_439xx.o(RESET)
 <LI><a href="#[45]">TIM6_DAC_IRQHandler</a> from startup_stm32f429_439xx.o(.text) referenced from startup_stm32f429_439xx.o(RESET)
 <LI><a href="#[46]">TIM7_IRQHandler</a> from startup_stm32f429_439xx.o(.text) referenced from startup_stm32f429_439xx.o(RESET)
 <LI><a href="#[3a]">TIM8_BRK_TIM12_IRQHandler</a> from startup_stm32f429_439xx.o(.text) referenced from startup_stm32f429_439xx.o(RESET)
 <LI><a href="#[3d]">TIM8_CC_IRQHandler</a> from startup_stm32f429_439xx.o(.text) referenced from startup_stm32f429_439xx.o(RESET)
 <LI><a href="#[3c]">TIM8_TRG_COM_TIM14_IRQHandler</a> from startup_stm32f429_439xx.o(.text) referenced from startup_stm32f429_439xx.o(RESET)
 <LI><a href="#[3b]">TIM8_UP_TIM13_IRQHandler</a> from startup_stm32f429_439xx.o(.text) referenced from startup_stm32f429_439xx.o(RESET)
 <LI><a href="#[43]">UART4_IRQHandler</a> from startup_stm32f429_439xx.o(.text) referenced from startup_stm32f429_439xx.o(RESET)
 <LI><a href="#[44]">UART5_IRQHandler</a> from startup_stm32f429_439xx.o(.text) referenced from startup_stm32f429_439xx.o(RESET)
 <LI><a href="#[61]">UART7_IRQHandler</a> from startup_stm32f429_439xx.o(.text) referenced from startup_stm32f429_439xx.o(RESET)
 <LI><a href="#[62]">UART8_IRQHandler</a> from startup_stm32f429_439xx.o(.text) referenced from startup_stm32f429_439xx.o(RESET)
 <LI><a href="#[34]">USART1_IRQHandler</a> from stm32f4xx_it.o(i.USART1_IRQHandler) referenced from startup_stm32f429_439xx.o(RESET)
 <LI><a href="#[35]">USART2_IRQHandler</a> from startup_stm32f429_439xx.o(.text) referenced from startup_stm32f429_439xx.o(RESET)
 <LI><a href="#[36]">USART3_IRQHandler</a> from startup_stm32f429_439xx.o(.text) referenced from startup_stm32f429_439xx.o(RESET)
 <LI><a href="#[56]">USART6_IRQHandler</a> from startup_stm32f429_439xx.o(.text) referenced from startup_stm32f429_439xx.o(RESET)
 <LI><a href="#[a]">UsageFault_Handler</a> from stm32f4xx_it.o(i.UsageFault_Handler) referenced from startup_stm32f429_439xx.o(RESET)
 <LI><a href="#[f]">WWDG_IRQHandler</a> from startup_stm32f429_439xx.o(.text) referenced from startup_stm32f429_439xx.o(RESET)
 <LI><a href="#[7b]">itemWinProc(rootWin*, rootWin*, MsgType, unsigned, unsigned)</a> from listbarwin.o(i._Z11itemWinProcP7rootWinS0_7MsgTypejj) referenced from listbarwin.o(i._ZN10listBarWin8itemInitEPPch)
 <LI><a href="#[7d]">keyboardProc(rootWin*, rootWin*, MsgType, unsigned, unsigned)</a> from virkeyboardwin.o(i._Z12keyboardProcP7rootWinS0_7MsgTypejj) referenced 2 times from virkeyboardwin.o(i._ZN14virKeyboardWin12keyBoardInitEv)
 <LI><a href="#[70]">winWeakProc0(rootWin*, rootWin*, MsgType, unsigned, unsigned)</a> from createwin.o(i._Z12winWeakProc0P7rootWinS0_7MsgTypejj) referenced from createwin.o(i._Z4win0Pv)
 <LI><a href="#[78]">winWeakProc1(rootWin*, rootWin*, MsgType, unsigned, unsigned)</a> from createwin.o(i._Z12winWeakProc1P7rootWinS0_7MsgTypejj) referenced from createwin.o(i._Z4win0Pv)
 <LI><a href="#[77]">winWeakProc2(rootWin*, rootWin*, MsgType, unsigned, unsigned)</a> from createwin.o(i._Z12winWeakProc2P7rootWinS0_7MsgTypejj) referenced from createwin.o(i._Z4win0Pv)
 <LI><a href="#[6f]">winWeakProc3(rootWin*, rootWin*, MsgType, unsigned, unsigned)</a> from createwin.o(i._Z12winWeakProc3P7rootWinS0_7MsgTypejj) referenced from createwin.o(i._Z12winWeakProc0P7rootWinS0_7MsgTypejj)
 <LI><a href="#[72]">winWeakProc4(rootWin*, rootWin*, MsgType, unsigned, unsigned)</a> from createwin.o(i._Z12winWeakProc4P7rootWinS0_7MsgTypejj) referenced from createwin.o(i._Z4win0Pv)
 <LI><a href="#[71]">winWeakProc5(rootWin*, rootWin*, MsgType, unsigned, unsigned)</a> from createwin.o(i._Z12winWeakProc5P7rootWinS0_7MsgTypejj) referenced from createwin.o(i._Z4win0Pv)
 <LI><a href="#[73]">winWeakProc6(rootWin*, rootWin*, MsgType, unsigned, unsigned)</a> from createwin.o(i._Z12winWeakProc6P7rootWinS0_7MsgTypejj) referenced from createwin.o(i._Z4win0Pv)
 <LI><a href="#[76]">winWeakProc7(rootWin*, rootWin*, MsgType, unsigned, unsigned)</a> from createwin.o(i._Z12winWeakProc7P7rootWinS0_7MsgTypejj) referenced from createwin.o(i._Z4win0Pv)
 <LI><a href="#[7c]">optionWinProc(rootWin*, rootWin*, MsgType, unsigned, unsigned)</a> from radiobtnwin.o(i._Z13optionWinProcP7rootWinS0_7MsgTypejj) referenced from radiobtnwin.o(i._ZN11radioBtnWin12radioBtnInitEPPchb)
 <LI><a href="#[74]">winWeakProc61(rootWin*, rootWin*, MsgType, unsigned, unsigned)</a> from createwin.o(i._Z13winWeakProc61P7rootWinS0_7MsgTypejj) referenced from createwin.o(i._Z4win0Pv)
 <LI><a href="#[75]">winWeakProc71(rootWin*, rootWin*, MsgType, unsigned, unsigned)</a> from createwin.o(i._Z13winWeakProc71P7rootWinS0_7MsgTypejj) referenced from createwin.o(i._Z4win0Pv)
 <LI><a href="#[7e]">buttonWeakProc(rootWin*, rootWin*, MsgType, unsigned, unsigned)</a> from mainwin.o(i._Z14buttonWeakProcP7rootWinS0_7MsgTypejj) referenced from mainwin.o(i._ZN7mainWin9styleInitEv)
 <LI><a href="#[7f]">buttonWeakProc(rootWin*, rootWin*, MsgType, unsigned, unsigned)</a> from dialogwin.o(i._Z14buttonWeakProcP7rootWinS0_7MsgTypejj) referenced from dialogwin.o(i._ZN9dialogWin10dialogInitEv)
 <LI><a href="#[79]">winDefaultProc(rootWin*, rootWin*, MsgType, unsigned, unsigned)</a> from createwin.o(i._Z14winDefaultProcP7rootWinS0_7MsgTypejj) referenced from createwin.o(i._Z4win0Pv)
 <LI><a href="#[80]">__default_new_handler()</a> from arm_newhandler_noexceptions.o(.text) referenced from new.o(i._Znwj)
 <LI><a href="#[7a]">win0(void*)</a> from createwin.o(i._Z4win0Pv) referenced from createwin.o(i._Z7GUI_Runv)
 <LI><a href="#[8a]">controlWin::destroyWin()</a> from controlwin.o(i._ZN10controlWin10destroyWinEv) referenced from controlwin.o(.constdata__ZTV10controlWin)
 <LI><a href="#[88]">controlWin::registerWin()</a> from controlwin.o(i._ZN10controlWin11registerWinEv) referenced from controlwin.o(.constdata__ZTV10controlWin)
 <LI><a href="#[89]">controlWin::unregisterWin()</a> from controlwin.o(i._ZN10controlWin13unregisterWinEv) referenced from controlwin.o(.constdata__ZTV10controlWin)
 <LI><a href="#[8b]">controlWin::addInvalidArea(GUIArea*)</a> from controlwin.o(i._ZN10controlWin14addInvalidAreaEP7GUIArea) referenced from controlwin.o(.constdata__ZTV10controlWin)
 <LI><a href="#[8b]">controlWin::addInvalidArea(GUIArea*)</a> from controlwin.o(i._ZN10controlWin14addInvalidAreaEP7GUIArea) referenced from textbarwin.o(.constdata__ZTV10textBarWin)
 <LI><a href="#[8b]">controlWin::addInvalidArea(GUIArea*)</a> from controlwin.o(i._ZN10controlWin14addInvalidAreaEP7GUIArea) referenced from trackbarwin.o(.constdata__ZTV11trackBarWin)
 <LI><a href="#[8b]">controlWin::addInvalidArea(GUIArea*)</a> from controlwin.o(i._ZN10controlWin14addInvalidAreaEP7GUIArea) referenced from progressbarwin.o(.constdata__ZTV14progressBarWin)
 <LI><a href="#[8b]">controlWin::addInvalidArea(GUIArea*)</a> from controlwin.o(i._ZN10controlWin14addInvalidAreaEP7GUIArea) referenced from staticframewin.o(.constdata__ZTV14staticFrameWin)
 <LI><a href="#[8b]">controlWin::addInvalidArea(GUIArea*)</a> from controlwin.o(i._ZN10controlWin14addInvalidAreaEP7GUIArea) referenced from buttonwin.o(.constdata__ZTV9buttonWin)
 <LI><a href="#[8b]">controlWin::addInvalidArea(GUIArea*)</a> from controlwin.o(i._ZN10controlWin14addInvalidAreaEP7GUIArea) referenced from optionwin.o(.constdata__ZTV9optionWin)
 <LI><a href="#[8c]">controlWin::delInvalidArea(GUIArea*)</a> from controlwin.o(i._ZN10controlWin14delInvalidAreaEP7GUIArea) referenced from controlwin.o(.constdata__ZTV10controlWin)
 <LI><a href="#[86]">controlWin::~controlWin__deallocating()</a> from controlwin.o(i._ZN10controlWinD0Ev) referenced from controlwin.o(.constdata__ZTV10controlWin)
 <LI><a href="#[85]">controlWin::~controlWin__sub_object()</a> from controlwin.o(i._ZN10controlWinD2Ev) referenced from controlwin.o(.constdata__ZTV10controlWin)
 <LI><a href="#[92]">listBarWin::destroyWin()</a> from listbarwin.o(i._ZN10listBarWin10destroyWinEv) referenced from listbarwin.o(.constdata__ZTV10listBarWin)
 <LI><a href="#[90]">listBarWin::registerWin()</a> from listbarwin.o(i._ZN10listBarWin11registerWinEv) referenced from listbarwin.o(.constdata__ZTV10listBarWin)
 <LI><a href="#[93]">listBarWin::paintInvalid(GUIArea*)</a> from listbarwin.o(i._ZN10listBarWin12paintInvalidEP7GUIArea) referenced from listbarwin.o(.constdata__ZTV10listBarWin)
 <LI><a href="#[91]">listBarWin::unregisterWin()</a> from listbarwin.o(i._ZN10listBarWin13unregisterWinEv) referenced from listbarwin.o(.constdata__ZTV10listBarWin)
 <LI><a href="#[94]">listBarWin::addInvalidArea(GUIArea*)</a> from listbarwin.o(i._ZN10listBarWin14addInvalidAreaEP7GUIArea) referenced from listbarwin.o(.constdata__ZTV10listBarWin)
 <LI><a href="#[95]">listBarWin::delInvalidArea(GUIArea*)</a> from listbarwin.o(i._ZN10listBarWin14delInvalidAreaEP7GUIArea) referenced from listbarwin.o(.constdata__ZTV10listBarWin)
 <LI><a href="#[8f]">listBarWin::paintWin()</a> from listbarwin.o(i._ZN10listBarWin8paintWinEv) referenced from listbarwin.o(.constdata__ZTV10listBarWin)
 <LI><a href="#[8e]">listBarWin::~listBarWin__deallocating()</a> from listbarwin.o(i._ZN10listBarWinD0Ev) referenced from listbarwin.o(.constdata__ZTV10listBarWin)
 <LI><a href="#[8d]">listBarWin::~listBarWin()</a> from listbarwin.o(i._ZN10listBarWinD1Ev) referenced from listbarwin.o(.constdata__ZTV10listBarWin)
 <LI><a href="#[9b]">textBarWin::destroyWin()</a> from textbarwin.o(i._ZN10textBarWin10destroyWinEv) referenced from textbarwin.o(.constdata__ZTV10textBarWin)
 <LI><a href="#[99]">textBarWin::registerWin()</a> from textbarwin.o(i._ZN10textBarWin11registerWinEv) referenced from textbarwin.o(.constdata__ZTV10textBarWin)
 <LI><a href="#[9c]">textBarWin::paintInvalid(GUIArea*)</a> from textbarwin.o(i._ZN10textBarWin12paintInvalidEP7GUIArea) referenced from textbarwin.o(.constdata__ZTV10textBarWin)
 <LI><a href="#[9a]">textBarWin::unregisterWin()</a> from textbarwin.o(i._ZN10textBarWin13unregisterWinEv) referenced from textbarwin.o(.constdata__ZTV10textBarWin)
 <LI><a href="#[9d]">textBarWin::delInvalidArea(GUIArea*)</a> from textbarwin.o(i._ZN10textBarWin14delInvalidAreaEP7GUIArea) referenced from textbarwin.o(.constdata__ZTV10textBarWin)
 <LI><a href="#[98]">textBarWin::paintWin()</a> from textbarwin.o(i._ZN10textBarWin8paintWinEv) referenced from textbarwin.o(.constdata__ZTV10textBarWin)
 <LI><a href="#[97]">textBarWin::~textBarWin__deallocating()</a> from textbarwin.o(i._ZN10textBarWinD0Ev) referenced from textbarwin.o(.constdata__ZTV10textBarWin)
 <LI><a href="#[96]">textBarWin::~textBarWin()</a> from textbarwin.o(i._ZN10textBarWinD1Ev) referenced from textbarwin.o(.constdata__ZTV10textBarWin)
 <LI><a href="#[9e]">comboBoxWin::~comboBoxWin()</a> from comboboxwin.o(i._ZN11comboBoxWinD1Ev) referenced from comboboxwin.o(.constdata__ZTV11comboBoxWin)
 <LI><a href="#[a4]">radioBtnWin::destroyWin()</a> from radiobtnwin.o(i._ZN11radioBtnWin10destroyWinEv) referenced from radiobtnwin.o(.constdata__ZTV11radioBtnWin)
 <LI><a href="#[a2]">radioBtnWin::registerWin()</a> from radiobtnwin.o(i._ZN11radioBtnWin11registerWinEv) referenced from radiobtnwin.o(.constdata__ZTV11radioBtnWin)
 <LI><a href="#[a5]">radioBtnWin::paintInvalid(GUIArea*)</a> from radiobtnwin.o(i._ZN11radioBtnWin12paintInvalidEP7GUIArea) referenced from radiobtnwin.o(.constdata__ZTV11radioBtnWin)
 <LI><a href="#[a3]">radioBtnWin::unregisterWin()</a> from radiobtnwin.o(i._ZN11radioBtnWin13unregisterWinEv) referenced from radiobtnwin.o(.constdata__ZTV11radioBtnWin)
 <LI><a href="#[a6]">radioBtnWin::addInvalidArea(GUIArea*)</a> from radiobtnwin.o(i._ZN11radioBtnWin14addInvalidAreaEP7GUIArea) referenced from radiobtnwin.o(.constdata__ZTV11radioBtnWin)
 <LI><a href="#[a7]">radioBtnWin::delInvalidArea(GUIArea*)</a> from radiobtnwin.o(i._ZN11radioBtnWin14delInvalidAreaEP7GUIArea) referenced from radiobtnwin.o(.constdata__ZTV11radioBtnWin)
 <LI><a href="#[a1]">radioBtnWin::paintWin()</a> from radiobtnwin.o(i._ZN11radioBtnWin8paintWinEv) referenced from radiobtnwin.o(.constdata__ZTV11radioBtnWin)
 <LI><a href="#[a0]">radioBtnWin::~radioBtnWin__deallocating()</a> from radiobtnwin.o(i._ZN11radioBtnWinD0Ev) referenced from radiobtnwin.o(.constdata__ZTV11radioBtnWin)
 <LI><a href="#[9f]">radioBtnWin::~radioBtnWin()</a> from radiobtnwin.o(i._ZN11radioBtnWinD1Ev) referenced from radiobtnwin.o(.constdata__ZTV11radioBtnWin)
 <LI><a href="#[ad]">trackBarWin::destroyWin()</a> from trackbarwin.o(i._ZN11trackBarWin10destroyWinEv) referenced from trackbarwin.o(.constdata__ZTV11trackBarWin)
 <LI><a href="#[ab]">trackBarWin::registerWin()</a> from trackbarwin.o(i._ZN11trackBarWin11registerWinEv) referenced from trackbarwin.o(.constdata__ZTV11trackBarWin)
 <LI><a href="#[ae]">trackBarWin::paintInvalid(GUIArea*)</a> from trackbarwin.o(i._ZN11trackBarWin12paintInvalidEP7GUIArea) referenced from trackbarwin.o(.constdata__ZTV11trackBarWin)
 <LI><a href="#[ac]">trackBarWin::unregisterWin()</a> from trackbarwin.o(i._ZN11trackBarWin13unregisterWinEv) referenced from trackbarwin.o(.constdata__ZTV11trackBarWin)
 <LI><a href="#[af]">trackBarWin::delInvalidArea(GUIArea*)</a> from trackbarwin.o(i._ZN11trackBarWin14delInvalidAreaEP7GUIArea) referenced from trackbarwin.o(.constdata__ZTV11trackBarWin)
 <LI><a href="#[aa]">trackBarWin::paintWin()</a> from trackbarwin.o(i._ZN11trackBarWin8paintWinEv) referenced from trackbarwin.o(.constdata__ZTV11trackBarWin)
 <LI><a href="#[a9]">trackBarWin::~trackBarWin__deallocating()</a> from trackbarwin.o(i._ZN11trackBarWinD0Ev) referenced from trackbarwin.o(.constdata__ZTV11trackBarWin)
 <LI><a href="#[a8]">trackBarWin::~trackBarWin()</a> from trackbarwin.o(i._ZN11trackBarWinD1Ev) referenced from trackbarwin.o(.constdata__ZTV11trackBarWin)
 <LI><a href="#[b2]">GUIRectangle::drawInArea(GUIArea*)</a> from guirectangle.o(i._ZN12GUIRectangle10drawInAreaEP7GUIArea) referenced from guirectangle.o(.constdata__ZTV12GUIRectangle)
 <LI><a href="#[b1]">GUIRectangle::draw()</a> from guirectangle.o(i._ZN12GUIRectangle4drawEv) referenced from guirectangle.o(.constdata__ZTV12GUIRectangle)
 <LI><a href="#[b0]">GUIRectangle::~GUIRectangle()</a> from guirectangle.o(i._ZN12GUIRectangleD1Ev) referenced from guirectangle.o(.constdata__ZTV12GUIRectangle)
 <LI><a href="#[b8]">trackTextWin::destroyWin()</a> from tracktextwin.o(i._ZN12trackTextWin10destroyWinEv) referenced from tracktextwin.o(.constdata__ZTV12trackTextWin)
 <LI><a href="#[b6]">trackTextWin::registerWin()</a> from tracktextwin.o(i._ZN12trackTextWin11registerWinEv) referenced from tracktextwin.o(.constdata__ZTV12trackTextWin)
 <LI><a href="#[b9]">trackTextWin::paintInvalid(GUIArea*)</a> from tracktextwin.o(i._ZN12trackTextWin12paintInvalidEP7GUIArea) referenced from tracktextwin.o(.constdata__ZTV12trackTextWin)
 <LI><a href="#[b7]">trackTextWin::unregisterWin()</a> from tracktextwin.o(i._ZN12trackTextWin13unregisterWinEv) referenced from tracktextwin.o(.constdata__ZTV12trackTextWin)
 <LI><a href="#[ba]">trackTextWin::addInvalidArea(GUIArea*)</a> from tracktextwin.o(i._ZN12trackTextWin14addInvalidAreaEP7GUIArea) referenced from tracktextwin.o(.constdata__ZTV12trackTextWin)
 <LI><a href="#[bb]">trackTextWin::delInvalidArea(GUIArea*)</a> from tracktextwin.o(i._ZN12trackTextWin14delInvalidAreaEP7GUIArea) referenced from tracktextwin.o(.constdata__ZTV12trackTextWin)
 <LI><a href="#[b5]">trackTextWin::paintWin()</a> from tracktextwin.o(i._ZN12trackTextWin8paintWinEv) referenced from tracktextwin.o(.constdata__ZTV12trackTextWin)
 <LI><a href="#[b4]">trackTextWin::~trackTextWin__deallocating()</a> from tracktextwin.o(i._ZN12trackTextWinD0Ev) referenced from tracktextwin.o(.constdata__ZTV12trackTextWin)
 <LI><a href="#[b3]">trackTextWin::~trackTextWin()</a> from tracktextwin.o(i._ZN12trackTextWinD1Ev) referenced from tracktextwin.o(.constdata__ZTV12trackTextWin)
 <LI><a href="#[c1]">progressBarWin::destroyWin()</a> from progressbarwin.o(i._ZN14progressBarWin10destroyWinEv) referenced from progressbarwin.o(.constdata__ZTV14progressBarWin)
 <LI><a href="#[bf]">progressBarWin::registerWin()</a> from progressbarwin.o(i._ZN14progressBarWin11registerWinEv) referenced from progressbarwin.o(.constdata__ZTV14progressBarWin)
 <LI><a href="#[c2]">progressBarWin::paintInvalid(GUIArea*)</a> from progressbarwin.o(i._ZN14progressBarWin12paintInvalidEP7GUIArea) referenced from progressbarwin.o(.constdata__ZTV14progressBarWin)
 <LI><a href="#[c0]">progressBarWin::unregisterWin()</a> from progressbarwin.o(i._ZN14progressBarWin13unregisterWinEv) referenced from progressbarwin.o(.constdata__ZTV14progressBarWin)
 <LI><a href="#[c3]">progressBarWin::delInvalidArea(GUIArea*)</a> from progressbarwin.o(i._ZN14progressBarWin14delInvalidAreaEP7GUIArea) referenced from progressbarwin.o(.constdata__ZTV14progressBarWin)
 <LI><a href="#[be]">progressBarWin::paintWin()</a> from progressbarwin.o(i._ZN14progressBarWin8paintWinEv) referenced from progressbarwin.o(.constdata__ZTV14progressBarWin)
 <LI><a href="#[bd]">progressBarWin::~progressBarWin__deallocating()</a> from progressbarwin.o(i._ZN14progressBarWinD0Ev) referenced from progressbarwin.o(.constdata__ZTV14progressBarWin)
 <LI><a href="#[bc]">progressBarWin::~progressBarWin()</a> from progressbarwin.o(i._ZN14progressBarWinD1Ev) referenced from progressbarwin.o(.constdata__ZTV14progressBarWin)
 <LI><a href="#[c9]">staticFrameWin::destroyWin()</a> from staticframewin.o(i._ZN14staticFrameWin10destroyWinEv) referenced from staticframewin.o(.constdata__ZTV14staticFrameWin)
 <LI><a href="#[c7]">staticFrameWin::registerWin()</a> from staticframewin.o(i._ZN14staticFrameWin11registerWinEv) referenced from staticframewin.o(.constdata__ZTV14staticFrameWin)
 <LI><a href="#[ca]">staticFrameWin::paintInvalid(GUIArea*)</a> from staticframewin.o(i._ZN14staticFrameWin12paintInvalidEP7GUIArea) referenced from staticframewin.o(.constdata__ZTV14staticFrameWin)
 <LI><a href="#[c8]">staticFrameWin::unregisterWin()</a> from staticframewin.o(i._ZN14staticFrameWin13unregisterWinEv) referenced from staticframewin.o(.constdata__ZTV14staticFrameWin)
 <LI><a href="#[cb]">staticFrameWin::delInvalidArea(GUIArea*)</a> from staticframewin.o(i._ZN14staticFrameWin14delInvalidAreaEP7GUIArea) referenced from staticframewin.o(.constdata__ZTV14staticFrameWin)
 <LI><a href="#[c6]">staticFrameWin::paintWin()</a> from staticframewin.o(i._ZN14staticFrameWin8paintWinEv) referenced from staticframewin.o(.constdata__ZTV14staticFrameWin)
 <LI><a href="#[c5]">staticFrameWin::~staticFrameWin__deallocating()</a> from staticframewin.o(i._ZN14staticFrameWinD0Ev) referenced from staticframewin.o(.constdata__ZTV14staticFrameWin)
 <LI><a href="#[c4]">staticFrameWin::~staticFrameWin()</a> from staticframewin.o(i._ZN14staticFrameWinD1Ev) referenced from staticframewin.o(.constdata__ZTV14staticFrameWin)
 <LI><a href="#[d1]">virKeyboardWin::destroyWin()</a> from virkeyboardwin.o(i._ZN14virKeyboardWin10destroyWinEv) referenced from virkeyboardwin.o(.constdata__ZTV14virKeyboardWin)
 <LI><a href="#[cf]">virKeyboardWin::registerWin()</a> from virkeyboardwin.o(i._ZN14virKeyboardWin11registerWinEv) referenced from virkeyboardwin.o(.constdata__ZTV14virKeyboardWin)
 <LI><a href="#[d2]">virKeyboardWin::paintInvalid(GUIArea*)</a> from virkeyboardwin.o(i._ZN14virKeyboardWin12paintInvalidEP7GUIArea) referenced from virkeyboardwin.o(.constdata__ZTV14virKeyboardWin)
 <LI><a href="#[d0]">virKeyboardWin::unregisterWin()</a> from virkeyboardwin.o(i._ZN14virKeyboardWin13unregisterWinEv) referenced from virkeyboardwin.o(.constdata__ZTV14virKeyboardWin)
 <LI><a href="#[d3]">virKeyboardWin::addInvalidArea(GUIArea*)</a> from virkeyboardwin.o(i._ZN14virKeyboardWin14addInvalidAreaEP7GUIArea) referenced from virkeyboardwin.o(.constdata__ZTV14virKeyboardWin)
 <LI><a href="#[d4]">virKeyboardWin::delInvalidArea(GUIArea*)</a> from virkeyboardwin.o(i._ZN14virKeyboardWin14delInvalidAreaEP7GUIArea) referenced from virkeyboardwin.o(.constdata__ZTV14virKeyboardWin)
 <LI><a href="#[ce]">virKeyboardWin::paintWin()</a> from virkeyboardwin.o(i._ZN14virKeyboardWin8paintWinEv) referenced from virkeyboardwin.o(.constdata__ZTV14virKeyboardWin)
 <LI><a href="#[cd]">virKeyboardWin::~virKeyboardWin__deallocating()</a> from virkeyboardwin.o(i._ZN14virKeyboardWinD0Ev) referenced from virkeyboardwin.o(.constdata__ZTV14virKeyboardWin)
 <LI><a href="#[cc]">virKeyboardWin::~virKeyboardWin()</a> from virkeyboardwin.o(i._ZN14virKeyboardWinD1Ev) referenced from virkeyboardwin.o(.constdata__ZTV14virKeyboardWin)
 <LI><a href="#[6e]">[local to arm_exceptions_c]::__default_terminate_handler()</a> from arm_exceptions_globs.o(.text) referenced from arm_exceptions_globs.o(.text)
 <LI><a href="#[d5]">GUIChar::~GUIChar()</a> from guichar.o(i._ZN7GUICharD1Ev) referenced from guichar.o(.constdata__ZTV7GUIChar)
 <LI><a href="#[d8]">GUILine::drawInArea(GUIArea*)</a> from guiline.o(i._ZN7GUILine10drawInAreaEP7GUIArea) referenced from guiline.o(.constdata__ZTV7GUILine)
 <LI><a href="#[d7]">GUILine::draw()</a> from guiline.o(i._ZN7GUILine4drawEv) referenced from guiline.o(.constdata__ZTV7GUILine)
 <LI><a href="#[d6]">GUILine::~GUILine()</a> from guiline.o(i._ZN7GUILineD1Ev) referenced from guiline.o(.constdata__ZTV7GUILine)
 <LI><a href="#[de]">mainWin::destroyWin()</a> from mainwin.o(i._ZN7mainWin10destroyWinEv) referenced from mainwin.o(.constdata__ZTV7mainWin)
 <LI><a href="#[de]">mainWin::destroyWin()</a> from mainwin.o(i._ZN7mainWin10destroyWinEv) referenced from dialogwin.o(.constdata__ZTV9dialogWin)
 <LI><a href="#[dc]">mainWin::registerWin()</a> from mainwin.o(i._ZN7mainWin11registerWinEv) referenced from mainwin.o(.constdata__ZTV7mainWin)
 <LI><a href="#[df]">mainWin::paintInvalid(GUIArea*)</a> from mainwin.o(i._ZN7mainWin12paintInvalidEP7GUIArea) referenced from mainwin.o(.constdata__ZTV7mainWin)
 <LI><a href="#[df]">mainWin::paintInvalid(GUIArea*)</a> from mainwin.o(i._ZN7mainWin12paintInvalidEP7GUIArea) referenced from dialogwin.o(.constdata__ZTV9dialogWin)
 <LI><a href="#[dd]">mainWin::unregisterWin()</a> from mainwin.o(i._ZN7mainWin13unregisterWinEv) referenced from mainwin.o(.constdata__ZTV7mainWin)
 <LI><a href="#[dd]">mainWin::unregisterWin()</a> from mainwin.o(i._ZN7mainWin13unregisterWinEv) referenced from dialogwin.o(.constdata__ZTV9dialogWin)
 <LI><a href="#[e0]">mainWin::addInvalidArea(GUIArea*)</a> from mainwin.o(i._ZN7mainWin14addInvalidAreaEP7GUIArea) referenced from mainwin.o(.constdata__ZTV7mainWin)
 <LI><a href="#[e0]">mainWin::addInvalidArea(GUIArea*)</a> from mainwin.o(i._ZN7mainWin14addInvalidAreaEP7GUIArea) referenced from dialogwin.o(.constdata__ZTV9dialogWin)
 <LI><a href="#[e1]">mainWin::delInvalidArea(GUIArea*)</a> from mainwin.o(i._ZN7mainWin14delInvalidAreaEP7GUIArea) referenced from mainwin.o(.constdata__ZTV7mainWin)
 <LI><a href="#[e1]">mainWin::delInvalidArea(GUIArea*)</a> from mainwin.o(i._ZN7mainWin14delInvalidAreaEP7GUIArea) referenced from dialogwin.o(.constdata__ZTV9dialogWin)
 <LI><a href="#[db]">mainWin::paintWin()</a> from mainwin.o(i._ZN7mainWin8paintWinEv) referenced from mainwin.o(.constdata__ZTV7mainWin)
 <LI><a href="#[db]">mainWin::paintWin()</a> from mainwin.o(i._ZN7mainWin8paintWinEv) referenced from dialogwin.o(.constdata__ZTV9dialogWin)
 <LI><a href="#[da]">mainWin::~mainWin__deallocating()</a> from mainwin.o(i._ZN7mainWinD0Ev) referenced from mainwin.o(.constdata__ZTV7mainWin)
 <LI><a href="#[d9]">mainWin::~mainWin()</a> from mainwin.o(i._ZN7mainWinD1Ev) referenced from mainwin.o(.constdata__ZTV7mainWin)
 <LI><a href="#[e6]">rootWin::destroyWin()</a> from rootwin.o(i._ZN7rootWin10destroyWinEv) referenced from rootwin.o(.constdata__ZTV7rootWin)
 <LI><a href="#[e4]">rootWin::registerWin()</a> from rootwin.o(i._ZN7rootWin11registerWinEv) referenced from rootwin.o(.constdata__ZTV7rootWin)
 <LI><a href="#[e5]">rootWin::unregisterWin()</a> from rootwin.o(i._ZN7rootWin13unregisterWinEv) referenced from rootwin.o(.constdata__ZTV7rootWin)
 <LI><a href="#[e3]">rootWin::~rootWin__deallocating()</a> from rootwin.o(i._ZN7rootWinD0Ev) referenced from rootwin.o(.constdata__ZTV7rootWin)
 <LI><a href="#[e2]">rootWin::~rootWin__sub_object()</a> from rootwin.o(i._ZN7rootWinD2Ev) referenced from rootwin.o(.constdata__ZTV7rootWin)
 <LI><a href="#[e7]">GUIShape::~GUIShape__sub_object()</a> from guishape.o(i._ZN8GUIShapeD2Ev) referenced from guishape.o(.constdata__ZTV8GUIShape)
 <LI><a href="#[ea]">GUICircle::drawInArea(GUIArea*)</a> from guicircle.o(i._ZN9GUICircle10drawInAreaEP7GUIArea) referenced from guicircle.o(.constdata__ZTV9GUICircle)
 <LI><a href="#[e9]">GUICircle::draw()</a> from guicircle.o(i._ZN9GUICircle4drawEv) referenced from guicircle.o(.constdata__ZTV9GUICircle)
 <LI><a href="#[e8]">GUICircle::~GUICircle()</a> from guicircle.o(i._ZN9GUICircleD1Ev) referenced from guicircle.o(.constdata__ZTV9GUICircle)
 <LI><a href="#[f0]">buttonWin::destroyWin()</a> from buttonwin.o(i._ZN9buttonWin10destroyWinEv) referenced from buttonwin.o(.constdata__ZTV9buttonWin)
 <LI><a href="#[ee]">buttonWin::registerWin()</a> from buttonwin.o(i._ZN9buttonWin11registerWinEv) referenced from buttonwin.o(.constdata__ZTV9buttonWin)
 <LI><a href="#[f1]">buttonWin::paintInvalid(GUIArea*)</a> from buttonwin.o(i._ZN9buttonWin12paintInvalidEP7GUIArea) referenced from buttonwin.o(.constdata__ZTV9buttonWin)
 <LI><a href="#[ef]">buttonWin::unregisterWin()</a> from buttonwin.o(i._ZN9buttonWin13unregisterWinEv) referenced from buttonwin.o(.constdata__ZTV9buttonWin)
 <LI><a href="#[f2]">buttonWin::delInvalidArea(GUIArea*)</a> from buttonwin.o(i._ZN9buttonWin14delInvalidAreaEP7GUIArea) referenced from buttonwin.o(.constdata__ZTV9buttonWin)
 <LI><a href="#[ed]">buttonWin::paintWin()</a> from buttonwin.o(i._ZN9buttonWin8paintWinEv) referenced from buttonwin.o(.constdata__ZTV9buttonWin)
 <LI><a href="#[ec]">buttonWin::~buttonWin__deallocating()</a> from buttonwin.o(i._ZN9buttonWinD0Ev) referenced from buttonwin.o(.constdata__ZTV9buttonWin)
 <LI><a href="#[eb]">buttonWin::~buttonWin()</a> from buttonwin.o(i._ZN9buttonWinD1Ev) referenced from buttonwin.o(.constdata__ZTV9buttonWin)
 <LI><a href="#[f5]">dialogWin::registerWin()</a> from dialogwin.o(i._ZN9dialogWin11registerWinEv) referenced from dialogwin.o(.constdata__ZTV9dialogWin)
 <LI><a href="#[f4]">dialogWin::~dialogWin__deallocating()</a> from dialogwin.o(i._ZN9dialogWinD0Ev) referenced from dialogwin.o(.constdata__ZTV9dialogWin)
 <LI><a href="#[f3]">dialogWin::~dialogWin()</a> from dialogwin.o(i._ZN9dialogWinD1Ev) referenced from dialogwin.o(.constdata__ZTV9dialogWin)
 <LI><a href="#[fb]">optionWin::destroyWin()</a> from optionwin.o(i._ZN9optionWin10destroyWinEv) referenced from optionwin.o(.constdata__ZTV9optionWin)
 <LI><a href="#[f9]">optionWin::registerWin()</a> from optionwin.o(i._ZN9optionWin11registerWinEv) referenced from optionwin.o(.constdata__ZTV9optionWin)
 <LI><a href="#[fc]">optionWin::paintInvalid(GUIArea*)</a> from optionwin.o(i._ZN9optionWin12paintInvalidEP7GUIArea) referenced from optionwin.o(.constdata__ZTV9optionWin)
 <LI><a href="#[fa]">optionWin::unregisterWin()</a> from optionwin.o(i._ZN9optionWin13unregisterWinEv) referenced from optionwin.o(.constdata__ZTV9optionWin)
 <LI><a href="#[fd]">optionWin::delInvalidArea(GUIArea*)</a> from optionwin.o(i._ZN9optionWin14delInvalidAreaEP7GUIArea) referenced from optionwin.o(.constdata__ZTV9optionWin)
 <LI><a href="#[f8]">optionWin::paintWin()</a> from optionwin.o(i._ZN9optionWin8paintWinEv) referenced from optionwin.o(.constdata__ZTV9optionWin)
 <LI><a href="#[f7]">optionWin::~optionWin__deallocating()</a> from optionwin.o(i._ZN9optionWinD0Ev) referenced from optionwin.o(.constdata__ZTV9optionWin)
 <LI><a href="#[f6]">optionWin::~optionWin()</a> from optionwin.o(i._ZN9optionWinD1Ev) referenced from optionwin.o(.constdata__ZTV9optionWin)
 <LI><a href="#[87]">__cxa_pure_virtual</a> from pure_virt.o(i.__cxa_pure_virtual) referenced 2 times from controlwin.o(.constdata__ZTV10controlWin)
 <LI><a href="#[87]">__cxa_pure_virtual</a> from pure_virt.o(i.__cxa_pure_virtual) referenced from rootwin.o(.constdata__ZTV7rootWin)
 <LI><a href="#[87]">__cxa_pure_virtual</a> from pure_virt.o(i.__cxa_pure_virtual) referenced 2 times from guishape.o(.constdata__ZTV8GUIShape)
 <LI><a href="#[6d]">__main</a> from entry.o(.ARM.Collect$$$$00000000) referenced from startup_stm32f429_439xx.o(.text)
 <LI><a href="#[fe]">__sti___13_createWin_cpp_d520d27c</a> from createwin.o(i.__sti___13_createWin_cpp_d520d27c) referenced from createwin.o(.init_array)
 <LI><a href="#[81]">fputc</a> from usartconfig.o(i.fputc) referenced from printf8.o(i.__0printf$8)
 <LI><a href="#[6a]">main</a> from main.o(i.main) referenced from entry9a.o(.ARM.Collect$$$$0000000B)
 <LI><a href="#[83]">prvIdleTask</a> from tasks.o(i.prvIdleTask) referenced from tasks.o(i.vTaskStartScheduler)
 <LI><a href="#[82]">prvTaskExitError</a> from port.o(i.prvTaskExitError) referenced from port.o(i.pxPortInitialiseStack)
 <LI><a href="#[84]">prvTimerTask</a> from timers.o(i.prvTimerTask) referenced from timers.o(i.xTimerCreateTimerTask)
</UL>
<P>
<H3>
Global Symbols
</H3>
<P><STRONG><a name="[6d]"></a>__main</STRONG> (Thumb, 0 bytes, Stack size unknown bytes, entry.o(.ARM.Collect$$$$00000000))
<BR>[Address Reference Count : 1]<UL><LI> startup_stm32f429_439xx.o(.text)
</UL>
<P><STRONG><a name="[262]"></a>_main_stk</STRONG> (Thumb, 0 bytes, Stack size unknown bytes, entry2.o(.ARM.Collect$$$$00000001))

<P><STRONG><a name="[100]"></a>_main_scatterload</STRONG> (Thumb, 0 bytes, Stack size unknown bytes, entry5.o(.ARM.Collect$$$$00000004))
<BR><BR>[Calls]<UL><LI><a href="#[101]">&gt;&gt;</a>&nbsp;&nbsp;&nbsp;__scatterload
</UL>

<P><STRONG><a name="[10f]"></a>__main_after_scatterload</STRONG> (Thumb, 0 bytes, Stack size unknown bytes, entry5.o(.ARM.Collect$$$$00000004))
<BR><BR>[Called By]<UL><LI><a href="#[101]">&gt;&gt;</a>&nbsp;&nbsp;&nbsp;__scatterload
</UL>

<P><STRONG><a name="[263]"></a>_main_clock</STRONG> (Thumb, 0 bytes, Stack size unknown bytes, entry7b.o(.ARM.Collect$$$$00000008))

<P><STRONG><a name="[102]"></a>_main_cpp_init$empty</STRONG> (Thumb, 0 bytes, Stack size unknown bytes, entry8a.o(.ARM.Collect$$$$00000009))
<BR><BR>[Stack]<UL><LI>Max Depth = 16 + Unknown Stack Size
<LI>Call Chain = _main_cpp_init$empty &rArr; __cpp_initialize__aeabi_
</UL>
<BR>[Calls]<UL><LI><a href="#[ff]">&gt;&gt;</a>&nbsp;&nbsp;&nbsp;__cpp_initialize__aeabi_
</UL>

<P><STRONG><a name="[264]"></a>_main_cpp_init</STRONG> (Thumb, 0 bytes, Stack size unknown bytes, entry8b.o(.ARM.Collect$$$$0000000A))

<P><STRONG><a name="[265]"></a>_main_init</STRONG> (Thumb, 0 bytes, Stack size unknown bytes, entry9a.o(.ARM.Collect$$$$0000000B))

<P><STRONG><a name="[266]"></a>__rt_final_cpp</STRONG> (Thumb, 0 bytes, Stack size unknown bytes, entry10a.o(.ARM.Collect$$$$0000000D))

<P><STRONG><a name="[267]"></a>__rt_final_exit</STRONG> (Thumb, 0 bytes, Stack size unknown bytes, entry11a.o(.ARM.Collect$$$$0000000F))

<P><STRONG><a name="[b]"></a>SVC_Handler</STRONG> (Thumb, 28 bytes, Stack size 0 bytes, port.o(.emb_text))
<BR>[Address Reference Count : 1]<UL><LI> startup_stm32f429_439xx.o(RESET)
</UL>
<P><STRONG><a name="[25a]"></a>__asm___6_port_c_39a90d8d__prvStartFirstTask</STRONG> (Thumb, 28 bytes, Stack size 0 bytes, port.o(.emb_text))
<BR><BR>[Called By]<UL><LI><a href="#[257]">&gt;&gt;</a>&nbsp;&nbsp;&nbsp;xPortStartScheduler
</UL>

<P><STRONG><a name="[259]"></a>__asm___6_port_c_39a90d8d__prvEnableVFP</STRONG> (Thumb, 16 bytes, Stack size 0 bytes, port.o(.emb_text))
<BR><BR>[Called By]<UL><LI><a href="#[257]">&gt;&gt;</a>&nbsp;&nbsp;&nbsp;xPortStartScheduler
</UL>

<P><STRONG><a name="[d]"></a>PendSV_Handler</STRONG> (Thumb, 88 bytes, Stack size 0 bytes, port.o(.emb_text))
<BR><BR>[Calls]<UL><LI><a href="#[103]">&gt;&gt;</a>&nbsp;&nbsp;&nbsp;vTaskSwitchContext
</UL>
<BR>[Address Reference Count : 1]<UL><LI> startup_stm32f429_439xx.o(RESET)
</UL>
<P><STRONG><a name="[252]"></a>vPortGetIPSR</STRONG> (Thumb, 6 bytes, Stack size 0 bytes, port.o(.emb_text))
<BR><BR>[Called By]<UL><LI><a href="#[251]">&gt;&gt;</a>&nbsp;&nbsp;&nbsp;vPortValidateInterruptPriority
</UL>

<P><STRONG><a name="[5]"></a>Reset_Handler</STRONG> (Thumb, 12 bytes, Stack size 0 bytes, startup_stm32f429_439xx.o(.text))
<BR>[Address Reference Count : 1]<UL><LI> startup_stm32f429_439xx.o(RESET)
</UL>
<P><STRONG><a name="[21]"></a>ADC_IRQHandler</STRONG> (Thumb, 0 bytes, Stack size 0 bytes, startup_stm32f429_439xx.o(.text))
<BR><BR>[Calls]<UL><LI><a href="#[21]">&gt;&gt;</a>&nbsp;&nbsp;&nbsp;ADC_IRQHandler
</UL>
<BR>[Called By]<UL><LI><a href="#[21]">&gt;&gt;</a>&nbsp;&nbsp;&nbsp;ADC_IRQHandler
</UL>
<BR>[Address Reference Count : 1]<UL><LI> startup_stm32f429_439xx.o(RESET)
</UL>
<P><STRONG><a name="[23]"></a>CAN1_RX0_IRQHandler</STRONG> (Thumb, 0 bytes, Stack size 0 bytes, startup_stm32f429_439xx.o(.text))
<BR>[Address Reference Count : 1]<UL><LI> startup_stm32f429_439xx.o(RESET)
</UL>
<P><STRONG><a name="[24]"></a>CAN1_RX1_IRQHandler</STRONG> (Thumb, 0 bytes, Stack size 0 bytes, startup_stm32f429_439xx.o(.text))
<BR>[Address Reference Count : 1]<UL><LI> startup_stm32f429_439xx.o(RESET)
</UL>
<P><STRONG><a name="[25]"></a>CAN1_SCE_IRQHandler</STRONG> (Thumb, 0 bytes, Stack size 0 bytes, startup_stm32f429_439xx.o(.text))
<BR>[Address Reference Count : 1]<UL><LI> startup_stm32f429_439xx.o(RESET)
</UL>
<P><STRONG><a name="[22]"></a>CAN1_TX_IRQHandler</STRONG> (Thumb, 0 bytes, Stack size 0 bytes, startup_stm32f429_439xx.o(.text))
<BR>[Address Reference Count : 1]<UL><LI> startup_stm32f429_439xx.o(RESET)
</UL>
<P><STRONG><a name="[4f]"></a>CAN2_RX0_IRQHandler</STRONG> (Thumb, 0 bytes, Stack size 0 bytes, startup_stm32f429_439xx.o(.text))
<BR>[Address Reference Count : 1]<UL><LI> startup_stm32f429_439xx.o(RESET)
</UL>
<P><STRONG><a name="[50]"></a>CAN2_RX1_IRQHandler</STRONG> (Thumb, 0 bytes, Stack size 0 bytes, startup_stm32f429_439xx.o(.text))
<BR>[Address Reference Count : 1]<UL><LI> startup_stm32f429_439xx.o(RESET)
</UL>
<P><STRONG><a name="[51]"></a>CAN2_SCE_IRQHandler</STRONG> (Thumb, 0 bytes, Stack size 0 bytes, startup_stm32f429_439xx.o(.text))
<BR>[Address Reference Count : 1]<UL><LI> startup_stm32f429_439xx.o(RESET)
</UL>
<P><STRONG><a name="[4e]"></a>CAN2_TX_IRQHandler</STRONG> (Thumb, 0 bytes, Stack size 0 bytes, startup_stm32f429_439xx.o(.text))
<BR>[Address Reference Count : 1]<UL><LI> startup_stm32f429_439xx.o(RESET)
</UL>
<P><STRONG><a name="[5e]"></a>CRYP_IRQHandler</STRONG> (Thumb, 0 bytes, Stack size 0 bytes, startup_stm32f429_439xx.o(.text))
<BR>[Address Reference Count : 1]<UL><LI> startup_stm32f429_439xx.o(RESET)
</UL>
<P><STRONG><a name="[5d]"></a>DCMI_IRQHandler</STRONG> (Thumb, 0 bytes, Stack size 0 bytes, startup_stm32f429_439xx.o(.text))
<BR>[Address Reference Count : 1]<UL><LI> startup_stm32f429_439xx.o(RESET)
</UL>
<P><STRONG><a name="[1a]"></a>DMA1_Stream0_IRQHandler</STRONG> (Thumb, 0 bytes, Stack size 0 bytes, startup_stm32f429_439xx.o(.text))
<BR>[Address Reference Count : 1]<UL><LI> startup_stm32f429_439xx.o(RESET)
</UL>
<P><STRONG><a name="[1b]"></a>DMA1_Stream1_IRQHandler</STRONG> (Thumb, 0 bytes, Stack size 0 bytes, startup_stm32f429_439xx.o(.text))
<BR>[Address Reference Count : 1]<UL><LI> startup_stm32f429_439xx.o(RESET)
</UL>
<P><STRONG><a name="[1c]"></a>DMA1_Stream2_IRQHandler</STRONG> (Thumb, 0 bytes, Stack size 0 bytes, startup_stm32f429_439xx.o(.text))
<BR>[Address Reference Count : 1]<UL><LI> startup_stm32f429_439xx.o(RESET)
</UL>
<P><STRONG><a name="[1d]"></a>DMA1_Stream3_IRQHandler</STRONG> (Thumb, 0 bytes, Stack size 0 bytes, startup_stm32f429_439xx.o(.text))
<BR>[Address Reference Count : 1]<UL><LI> startup_stm32f429_439xx.o(RESET)
</UL>
<P><STRONG><a name="[1e]"></a>DMA1_Stream4_IRQHandler</STRONG> (Thumb, 0 bytes, Stack size 0 bytes, startup_stm32f429_439xx.o(.text))
<BR>[Address Reference Count : 1]<UL><LI> startup_stm32f429_439xx.o(RESET)
</UL>
<P><STRONG><a name="[1f]"></a>DMA1_Stream5_IRQHandler</STRONG> (Thumb, 0 bytes, Stack size 0 bytes, startup_stm32f429_439xx.o(.text))
<BR>[Address Reference Count : 1]<UL><LI> startup_stm32f429_439xx.o(RESET)
</UL>
<P><STRONG><a name="[20]"></a>DMA1_Stream6_IRQHandler</STRONG> (Thumb, 0 bytes, Stack size 0 bytes, startup_stm32f429_439xx.o(.text))
<BR>[Address Reference Count : 1]<UL><LI> startup_stm32f429_439xx.o(RESET)
</UL>
<P><STRONG><a name="[3e]"></a>DMA1_Stream7_IRQHandler</STRONG> (Thumb, 0 bytes, Stack size 0 bytes, startup_stm32f429_439xx.o(.text))
<BR>[Address Reference Count : 1]<UL><LI> startup_stm32f429_439xx.o(RESET)
</UL>
<P><STRONG><a name="[69]"></a>DMA2D_IRQHandler</STRONG> (Thumb, 0 bytes, Stack size 0 bytes, startup_stm32f429_439xx.o(.text))
<BR>[Address Reference Count : 1]<UL><LI> startup_stm32f429_439xx.o(RESET)
</UL>
<P><STRONG><a name="[47]"></a>DMA2_Stream0_IRQHandler</STRONG> (Thumb, 0 bytes, Stack size 0 bytes, startup_stm32f429_439xx.o(.text))
<BR>[Address Reference Count : 1]<UL><LI> startup_stm32f429_439xx.o(RESET)
</UL>
<P><STRONG><a name="[48]"></a>DMA2_Stream1_IRQHandler</STRONG> (Thumb, 0 bytes, Stack size 0 bytes, startup_stm32f429_439xx.o(.text))
<BR>[Address Reference Count : 1]<UL><LI> startup_stm32f429_439xx.o(RESET)
</UL>
<P><STRONG><a name="[49]"></a>DMA2_Stream2_IRQHandler</STRONG> (Thumb, 0 bytes, Stack size 0 bytes, startup_stm32f429_439xx.o(.text))
<BR>[Address Reference Count : 1]<UL><LI> startup_stm32f429_439xx.o(RESET)
</UL>
<P><STRONG><a name="[4b]"></a>DMA2_Stream4_IRQHandler</STRONG> (Thumb, 0 bytes, Stack size 0 bytes, startup_stm32f429_439xx.o(.text))
<BR>[Address Reference Count : 1]<UL><LI> startup_stm32f429_439xx.o(RESET)
</UL>
<P><STRONG><a name="[53]"></a>DMA2_Stream5_IRQHandler</STRONG> (Thumb, 0 bytes, Stack size 0 bytes, startup_stm32f429_439xx.o(.text))
<BR>[Address Reference Count : 1]<UL><LI> startup_stm32f429_439xx.o(RESET)
</UL>
<P><STRONG><a name="[54]"></a>DMA2_Stream6_IRQHandler</STRONG> (Thumb, 0 bytes, Stack size 0 bytes, startup_stm32f429_439xx.o(.text))
<BR>[Address Reference Count : 1]<UL><LI> startup_stm32f429_439xx.o(RESET)
</UL>
<P><STRONG><a name="[55]"></a>DMA2_Stream7_IRQHandler</STRONG> (Thumb, 0 bytes, Stack size 0 bytes, startup_stm32f429_439xx.o(.text))
<BR>[Address Reference Count : 1]<UL><LI> startup_stm32f429_439xx.o(RESET)
</UL>
<P><STRONG><a name="[4c]"></a>ETH_IRQHandler</STRONG> (Thumb, 0 bytes, Stack size 0 bytes, startup_stm32f429_439xx.o(.text))
<BR>[Address Reference Count : 1]<UL><LI> startup_stm32f429_439xx.o(RESET)
</UL>
<P><STRONG><a name="[4d]"></a>ETH_WKUP_IRQHandler</STRONG> (Thumb, 0 bytes, Stack size 0 bytes, startup_stm32f429_439xx.o(.text))
<BR>[Address Reference Count : 1]<UL><LI> startup_stm32f429_439xx.o(RESET)
</UL>
<P><STRONG><a name="[15]"></a>EXTI0_IRQHandler</STRONG> (Thumb, 0 bytes, Stack size 0 bytes, startup_stm32f429_439xx.o(.text))
<BR>[Address Reference Count : 1]<UL><LI> startup_stm32f429_439xx.o(RESET)
</UL>
<P><STRONG><a name="[16]"></a>EXTI1_IRQHandler</STRONG> (Thumb, 0 bytes, Stack size 0 bytes, startup_stm32f429_439xx.o(.text))
<BR>[Address Reference Count : 1]<UL><LI> startup_stm32f429_439xx.o(RESET)
</UL>
<P><STRONG><a name="[17]"></a>EXTI2_IRQHandler</STRONG> (Thumb, 0 bytes, Stack size 0 bytes, startup_stm32f429_439xx.o(.text))
<BR>[Address Reference Count : 1]<UL><LI> startup_stm32f429_439xx.o(RESET)
</UL>
<P><STRONG><a name="[18]"></a>EXTI3_IRQHandler</STRONG> (Thumb, 0 bytes, Stack size 0 bytes, startup_stm32f429_439xx.o(.text))
<BR>[Address Reference Count : 1]<UL><LI> startup_stm32f429_439xx.o(RESET)
</UL>
<P><STRONG><a name="[19]"></a>EXTI4_IRQHandler</STRONG> (Thumb, 0 bytes, Stack size 0 bytes, startup_stm32f429_439xx.o(.text))
<BR>[Address Reference Count : 1]<UL><LI> startup_stm32f429_439xx.o(RESET)
</UL>
<P><STRONG><a name="[26]"></a>EXTI9_5_IRQHandler</STRONG> (Thumb, 0 bytes, Stack size 0 bytes, startup_stm32f429_439xx.o(.text))
<BR>[Address Reference Count : 1]<UL><LI> startup_stm32f429_439xx.o(RESET)
</UL>
<P><STRONG><a name="[13]"></a>FLASH_IRQHandler</STRONG> (Thumb, 0 bytes, Stack size 0 bytes, startup_stm32f429_439xx.o(.text))
<BR>[Address Reference Count : 1]<UL><LI> startup_stm32f429_439xx.o(RESET)
</UL>
<P><STRONG><a name="[3f]"></a>FMC_IRQHandler</STRONG> (Thumb, 0 bytes, Stack size 0 bytes, startup_stm32f429_439xx.o(.text))
<BR>[Address Reference Count : 1]<UL><LI> startup_stm32f429_439xx.o(RESET)
</UL>
<P><STRONG><a name="[60]"></a>FPU_IRQHandler</STRONG> (Thumb, 0 bytes, Stack size 0 bytes, startup_stm32f429_439xx.o(.text))
<BR>[Address Reference Count : 1]<UL><LI> startup_stm32f429_439xx.o(RESET)
</UL>
<P><STRONG><a name="[5f]"></a>HASH_RNG_IRQHandler</STRONG> (Thumb, 0 bytes, Stack size 0 bytes, startup_stm32f429_439xx.o(.text))
<BR>[Address Reference Count : 1]<UL><LI> startup_stm32f429_439xx.o(RESET)
</UL>
<P><STRONG><a name="[2f]"></a>I2C1_ER_IRQHandler</STRONG> (Thumb, 0 bytes, Stack size 0 bytes, startup_stm32f429_439xx.o(.text))
<BR>[Address Reference Count : 1]<UL><LI> startup_stm32f429_439xx.o(RESET)
</UL>
<P><STRONG><a name="[2e]"></a>I2C1_EV_IRQHandler</STRONG> (Thumb, 0 bytes, Stack size 0 bytes, startup_stm32f429_439xx.o(.text))
<BR>[Address Reference Count : 1]<UL><LI> startup_stm32f429_439xx.o(RESET)
</UL>
<P><STRONG><a name="[31]"></a>I2C2_ER_IRQHandler</STRONG> (Thumb, 0 bytes, Stack size 0 bytes, startup_stm32f429_439xx.o(.text))
<BR>[Address Reference Count : 1]<UL><LI> startup_stm32f429_439xx.o(RESET)
</UL>
<P><STRONG><a name="[30]"></a>I2C2_EV_IRQHandler</STRONG> (Thumb, 0 bytes, Stack size 0 bytes, startup_stm32f429_439xx.o(.text))
<BR>[Address Reference Count : 1]<UL><LI> startup_stm32f429_439xx.o(RESET)
</UL>
<P><STRONG><a name="[58]"></a>I2C3_ER_IRQHandler</STRONG> (Thumb, 0 bytes, Stack size 0 bytes, startup_stm32f429_439xx.o(.text))
<BR>[Address Reference Count : 1]<UL><LI> startup_stm32f429_439xx.o(RESET)
</UL>
<P><STRONG><a name="[57]"></a>I2C3_EV_IRQHandler</STRONG> (Thumb, 0 bytes, Stack size 0 bytes, startup_stm32f429_439xx.o(.text))
<BR>[Address Reference Count : 1]<UL><LI> startup_stm32f429_439xx.o(RESET)
</UL>
<P><STRONG><a name="[68]"></a>LTDC_ER_IRQHandler</STRONG> (Thumb, 0 bytes, Stack size 0 bytes, startup_stm32f429_439xx.o(.text))
<BR>[Address Reference Count : 1]<UL><LI> startup_stm32f429_439xx.o(RESET)
</UL>
<P><STRONG><a name="[67]"></a>LTDC_IRQHandler</STRONG> (Thumb, 0 bytes, Stack size 0 bytes, startup_stm32f429_439xx.o(.text))
<BR>[Address Reference Count : 1]<UL><LI> startup_stm32f429_439xx.o(RESET)
</UL>
<P><STRONG><a name="[52]"></a>OTG_FS_IRQHandler</STRONG> (Thumb, 0 bytes, Stack size 0 bytes, startup_stm32f429_439xx.o(.text))
<BR>[Address Reference Count : 1]<UL><LI> startup_stm32f429_439xx.o(RESET)
</UL>
<P><STRONG><a name="[39]"></a>OTG_FS_WKUP_IRQHandler</STRONG> (Thumb, 0 bytes, Stack size 0 bytes, startup_stm32f429_439xx.o(.text))
<BR>[Address Reference Count : 1]<UL><LI> startup_stm32f429_439xx.o(RESET)
</UL>
<P><STRONG><a name="[5a]"></a>OTG_HS_EP1_IN_IRQHandler</STRONG> (Thumb, 0 bytes, Stack size 0 bytes, startup_stm32f429_439xx.o(.text))
<BR>[Address Reference Count : 1]<UL><LI> startup_stm32f429_439xx.o(RESET)
</UL>
<P><STRONG><a name="[59]"></a>OTG_HS_EP1_OUT_IRQHandler</STRONG> (Thumb, 0 bytes, Stack size 0 bytes, startup_stm32f429_439xx.o(.text))
<BR>[Address Reference Count : 1]<UL><LI> startup_stm32f429_439xx.o(RESET)
</UL>
<P><STRONG><a name="[5c]"></a>OTG_HS_IRQHandler</STRONG> (Thumb, 0 bytes, Stack size 0 bytes, startup_stm32f429_439xx.o(.text))
<BR>[Address Reference Count : 1]<UL><LI> startup_stm32f429_439xx.o(RESET)
</UL>
<P><STRONG><a name="[5b]"></a>OTG_HS_WKUP_IRQHandler</STRONG> (Thumb, 0 bytes, Stack size 0 bytes, startup_stm32f429_439xx.o(.text))
<BR>[Address Reference Count : 1]<UL><LI> startup_stm32f429_439xx.o(RESET)
</UL>
<P><STRONG><a name="[10]"></a>PVD_IRQHandler</STRONG> (Thumb, 0 bytes, Stack size 0 bytes, startup_stm32f429_439xx.o(.text))
<BR>[Address Reference Count : 1]<UL><LI> startup_stm32f429_439xx.o(RESET)
</UL>
<P><STRONG><a name="[14]"></a>RCC_IRQHandler</STRONG> (Thumb, 0 bytes, Stack size 0 bytes, startup_stm32f429_439xx.o(.text))
<BR>[Address Reference Count : 1]<UL><LI> startup_stm32f429_439xx.o(RESET)
</UL>
<P><STRONG><a name="[38]"></a>RTC_Alarm_IRQHandler</STRONG> (Thumb, 0 bytes, Stack size 0 bytes, startup_stm32f429_439xx.o(.text))
<BR>[Address Reference Count : 1]<UL><LI> startup_stm32f429_439xx.o(RESET)
</UL>
<P><STRONG><a name="[12]"></a>RTC_WKUP_IRQHandler</STRONG> (Thumb, 0 bytes, Stack size 0 bytes, startup_stm32f429_439xx.o(.text))
<BR>[Address Reference Count : 1]<UL><LI> startup_stm32f429_439xx.o(RESET)
</UL>
<P><STRONG><a name="[66]"></a>SAI1_IRQHandler</STRONG> (Thumb, 0 bytes, Stack size 0 bytes, startup_stm32f429_439xx.o(.text))
<BR>[Address Reference Count : 1]<UL><LI> startup_stm32f429_439xx.o(RESET)
</UL>
<P><STRONG><a name="[32]"></a>SPI1_IRQHandler</STRONG> (Thumb, 0 bytes, Stack size 0 bytes, startup_stm32f429_439xx.o(.text))
<BR>[Address Reference Count : 1]<UL><LI> startup_stm32f429_439xx.o(RESET)
</UL>
<P><STRONG><a name="[33]"></a>SPI2_IRQHandler</STRONG> (Thumb, 0 bytes, Stack size 0 bytes, startup_stm32f429_439xx.o(.text))
<BR>[Address Reference Count : 1]<UL><LI> startup_stm32f429_439xx.o(RESET)
</UL>
<P><STRONG><a name="[42]"></a>SPI3_IRQHandler</STRONG> (Thumb, 0 bytes, Stack size 0 bytes, startup_stm32f429_439xx.o(.text))
<BR>[Address Reference Count : 1]<UL><LI> startup_stm32f429_439xx.o(RESET)
</UL>
<P><STRONG><a name="[63]"></a>SPI4_IRQHandler</STRONG> (Thumb, 0 bytes, Stack size 0 bytes, startup_stm32f429_439xx.o(.text))
<BR>[Address Reference Count : 1]<UL><LI> startup_stm32f429_439xx.o(RESET)
</UL>
<P><STRONG><a name="[64]"></a>SPI5_IRQHandler</STRONG> (Thumb, 0 bytes, Stack size 0 bytes, startup_stm32f429_439xx.o(.text))
<BR>[Address Reference Count : 1]<UL><LI> startup_stm32f429_439xx.o(RESET)
</UL>
<P><STRONG><a name="[65]"></a>SPI6_IRQHandler</STRONG> (Thumb, 0 bytes, Stack size 0 bytes, startup_stm32f429_439xx.o(.text))
<BR>[Address Reference Count : 1]<UL><LI> startup_stm32f429_439xx.o(RESET)
</UL>
<P><STRONG><a name="[11]"></a>TAMP_STAMP_IRQHandler</STRONG> (Thumb, 0 bytes, Stack size 0 bytes, startup_stm32f429_439xx.o(.text))
<BR>[Address Reference Count : 1]<UL><LI> startup_stm32f429_439xx.o(RESET)
</UL>
<P><STRONG><a name="[27]"></a>TIM1_BRK_TIM9_IRQHandler</STRONG> (Thumb, 0 bytes, Stack size 0 bytes, startup_stm32f429_439xx.o(.text))
<BR>[Address Reference Count : 1]<UL><LI> startup_stm32f429_439xx.o(RESET)
</UL>
<P><STRONG><a name="[2a]"></a>TIM1_CC_IRQHandler</STRONG> (Thumb, 0 bytes, Stack size 0 bytes, startup_stm32f429_439xx.o(.text))
<BR>[Address Reference Count : 1]<UL><LI> startup_stm32f429_439xx.o(RESET)
</UL>
<P><STRONG><a name="[29]"></a>TIM1_TRG_COM_TIM11_IRQHandler</STRONG> (Thumb, 0 bytes, Stack size 0 bytes, startup_stm32f429_439xx.o(.text))
<BR>[Address Reference Count : 1]<UL><LI> startup_stm32f429_439xx.o(RESET)
</UL>
<P><STRONG><a name="[28]"></a>TIM1_UP_TIM10_IRQHandler</STRONG> (Thumb, 0 bytes, Stack size 0 bytes, startup_stm32f429_439xx.o(.text))
<BR>[Address Reference Count : 1]<UL><LI> startup_stm32f429_439xx.o(RESET)
</UL>
<P><STRONG><a name="[2b]"></a>TIM2_IRQHandler</STRONG> (Thumb, 0 bytes, Stack size 0 bytes, startup_stm32f429_439xx.o(.text))
<BR>[Address Reference Count : 1]<UL><LI> startup_stm32f429_439xx.o(RESET)
</UL>
<P><STRONG><a name="[2c]"></a>TIM3_IRQHandler</STRONG> (Thumb, 0 bytes, Stack size 0 bytes, startup_stm32f429_439xx.o(.text))
<BR>[Address Reference Count : 1]<UL><LI> startup_stm32f429_439xx.o(RESET)
</UL>
<P><STRONG><a name="[2d]"></a>TIM4_IRQHandler</STRONG> (Thumb, 0 bytes, Stack size 0 bytes, startup_stm32f429_439xx.o(.text))
<BR>[Address Reference Count : 1]<UL><LI> startup_stm32f429_439xx.o(RESET)
</UL>
<P><STRONG><a name="[41]"></a>TIM5_IRQHandler</STRONG> (Thumb, 0 bytes, Stack size 0 bytes, startup_stm32f429_439xx.o(.text))
<BR>[Address Reference Count : 1]<UL><LI> startup_stm32f429_439xx.o(RESET)
</UL>
<P><STRONG><a name="[45]"></a>TIM6_DAC_IRQHandler</STRONG> (Thumb, 0 bytes, Stack size 0 bytes, startup_stm32f429_439xx.o(.text))
<BR>[Address Reference Count : 1]<UL><LI> startup_stm32f429_439xx.o(RESET)
</UL>
<P><STRONG><a name="[46]"></a>TIM7_IRQHandler</STRONG> (Thumb, 0 bytes, Stack size 0 bytes, startup_stm32f429_439xx.o(.text))
<BR>[Address Reference Count : 1]<UL><LI> startup_stm32f429_439xx.o(RESET)
</UL>
<P><STRONG><a name="[3a]"></a>TIM8_BRK_TIM12_IRQHandler</STRONG> (Thumb, 0 bytes, Stack size 0 bytes, startup_stm32f429_439xx.o(.text))
<BR>[Address Reference Count : 1]<UL><LI> startup_stm32f429_439xx.o(RESET)
</UL>
<P><STRONG><a name="[3d]"></a>TIM8_CC_IRQHandler</STRONG> (Thumb, 0 bytes, Stack size 0 bytes, startup_stm32f429_439xx.o(.text))
<BR>[Address Reference Count : 1]<UL><LI> startup_stm32f429_439xx.o(RESET)
</UL>
<P><STRONG><a name="[3c]"></a>TIM8_TRG_COM_TIM14_IRQHandler</STRONG> (Thumb, 0 bytes, Stack size 0 bytes, startup_stm32f429_439xx.o(.text))
<BR>[Address Reference Count : 1]<UL><LI> startup_stm32f429_439xx.o(RESET)
</UL>
<P><STRONG><a name="[3b]"></a>TIM8_UP_TIM13_IRQHandler</STRONG> (Thumb, 0 bytes, Stack size 0 bytes, startup_stm32f429_439xx.o(.text))
<BR>[Address Reference Count : 1]<UL><LI> startup_stm32f429_439xx.o(RESET)
</UL>
<P><STRONG><a name="[43]"></a>UART4_IRQHandler</STRONG> (Thumb, 0 bytes, Stack size 0 bytes, startup_stm32f429_439xx.o(.text))
<BR>[Address Reference Count : 1]<UL><LI> startup_stm32f429_439xx.o(RESET)
</UL>
<P><STRONG><a name="[44]"></a>UART5_IRQHandler</STRONG> (Thumb, 0 bytes, Stack size 0 bytes, startup_stm32f429_439xx.o(.text))
<BR>[Address Reference Count : 1]<UL><LI> startup_stm32f429_439xx.o(RESET)
</UL>
<P><STRONG><a name="[61]"></a>UART7_IRQHandler</STRONG> (Thumb, 0 bytes, Stack size 0 bytes, startup_stm32f429_439xx.o(.text))
<BR>[Address Reference Count : 1]<UL><LI> startup_stm32f429_439xx.o(RESET)
</UL>
<P><STRONG><a name="[62]"></a>UART8_IRQHandler</STRONG> (Thumb, 0 bytes, Stack size 0 bytes, startup_stm32f429_439xx.o(.text))
<BR>[Address Reference Count : 1]<UL><LI> startup_stm32f429_439xx.o(RESET)
</UL>
<P><STRONG><a name="[35]"></a>USART2_IRQHandler</STRONG> (Thumb, 0 bytes, Stack size 0 bytes, startup_stm32f429_439xx.o(.text))
<BR>[Address Reference Count : 1]<UL><LI> startup_stm32f429_439xx.o(RESET)
</UL>
<P><STRONG><a name="[36]"></a>USART3_IRQHandler</STRONG> (Thumb, 0 bytes, Stack size 0 bytes, startup_stm32f429_439xx.o(.text))
<BR>[Address Reference Count : 1]<UL><LI> startup_stm32f429_439xx.o(RESET)
</UL>
<P><STRONG><a name="[56]"></a>USART6_IRQHandler</STRONG> (Thumb, 0 bytes, Stack size 0 bytes, startup_stm32f429_439xx.o(.text))
<BR>[Address Reference Count : 1]<UL><LI> startup_stm32f429_439xx.o(RESET)
</UL>
<P><STRONG><a name="[f]"></a>WWDG_IRQHandler</STRONG> (Thumb, 0 bytes, Stack size 0 bytes, startup_stm32f429_439xx.o(.text))
<BR>[Address Reference Count : 1]<UL><LI> startup_stm32f429_439xx.o(RESET)
</UL>
<P><STRONG><a name="[104]"></a>__aeabi_uldivmod</STRONG> (Thumb, 98 bytes, Stack size 40 bytes, uldiv.o(.text), UNUSED)
<BR><BR>[Calls]<UL><LI><a href="#[105]">&gt;&gt;</a>&nbsp;&nbsp;&nbsp;__aeabi_llsr
<LI><a href="#[106]">&gt;&gt;</a>&nbsp;&nbsp;&nbsp;__aeabi_llsl
</UL>
<BR>[Called By]<UL><LI><a href="#[223]">&gt;&gt;</a>&nbsp;&nbsp;&nbsp;_printf_core
</UL>

<P><STRONG><a name="[127]"></a>__aeabi_memcpy</STRONG> (Thumb, 36 bytes, Stack size 0 bytes, memcpya.o(.text))
<BR><BR>[Called By]<UL><LI><a href="#[124]">&gt;&gt;</a>&nbsp;&nbsp;&nbsp;GTP_Init_Panel
<LI><a href="#[12a]">&gt;&gt;</a>&nbsp;&nbsp;&nbsp;Goodix_TS_Work_Func
<LI><a href="#[238]">&gt;&gt;</a>&nbsp;&nbsp;&nbsp;prvCopyDataToQueue
<LI><a href="#[237]">&gt;&gt;</a>&nbsp;&nbsp;&nbsp;prvCopyDataFromQueue
</UL>

<P><STRONG><a name="[1f9]"></a>__aeabi_memcpy4</STRONG> (Thumb, 0 bytes, Stack size 0 bytes, memcpya.o(.text))
<BR><BR>[Called By]<UL><LI><a href="#[1b5]">&gt;&gt;</a>&nbsp;&nbsp;&nbsp;virKeyboardWin::keyBoardInit()
</UL>

<P><STRONG><a name="[268]"></a>__aeabi_memcpy8</STRONG> (Thumb, 0 bytes, Stack size 0 bytes, memcpya.o(.text), UNUSED)

<P><STRONG><a name="[108]"></a>__aeabi_memset</STRONG> (Thumb, 14 bytes, Stack size 0 bytes, memseta.o(.text))
<BR><BR>[Called By]<UL><LI><a href="#[109]">&gt;&gt;</a>&nbsp;&nbsp;&nbsp;_memset$wrapper
<LI><a href="#[107]">&gt;&gt;</a>&nbsp;&nbsp;&nbsp;__aeabi_memclr
<LI><a href="#[23d]">&gt;&gt;</a>&nbsp;&nbsp;&nbsp;prvInitialiseNewTask
</UL>

<P><STRONG><a name="[269]"></a>__aeabi_memset4</STRONG> (Thumb, 0 bytes, Stack size 0 bytes, memseta.o(.text), UNUSED)

<P><STRONG><a name="[26a]"></a>__aeabi_memset8</STRONG> (Thumb, 0 bytes, Stack size 0 bytes, memseta.o(.text), UNUSED)

<P><STRONG><a name="[107]"></a>__aeabi_memclr</STRONG> (Thumb, 4 bytes, Stack size 0 bytes, memseta.o(.text))
<BR><BR>[Calls]<UL><LI><a href="#[108]">&gt;&gt;</a>&nbsp;&nbsp;&nbsp;__aeabi_memset
</UL>
<BR>[Called By]<UL><LI><a href="#[124]">&gt;&gt;</a>&nbsp;&nbsp;&nbsp;GTP_Init_Panel
</UL>

<P><STRONG><a name="[133]"></a>__aeabi_memclr4</STRONG> (Thumb, 0 bytes, Stack size 0 bytes, memseta.o(.text))
<BR><BR>[Called By]<UL><LI><a href="#[12a]">&gt;&gt;</a>&nbsp;&nbsp;&nbsp;Goodix_TS_Work_Func
<LI><a href="#[7b]">&gt;&gt;</a>&nbsp;&nbsp;&nbsp;itemWinProc(rootWin*, rootWin*, MsgType, unsigned, unsigned)
<LI><a href="#[195]">&gt;&gt;</a>&nbsp;&nbsp;&nbsp;virKeyboardWin::keyboardSendChar(char)
<LI><a href="#[79]">&gt;&gt;</a>&nbsp;&nbsp;&nbsp;winDefaultProc(rootWin*, rootWin*, MsgType, unsigned, unsigned)
<LI><a href="#[71]">&gt;&gt;</a>&nbsp;&nbsp;&nbsp;winWeakProc5(rootWin*, rootWin*, MsgType, unsigned, unsigned)
<LI><a href="#[72]">&gt;&gt;</a>&nbsp;&nbsp;&nbsp;winWeakProc4(rootWin*, rootWin*, MsgType, unsigned, unsigned)
<LI><a href="#[182]">&gt;&gt;</a>&nbsp;&nbsp;&nbsp;ClickHandle(unsigned short, unsigned short, rootWin*, unsigned char*)
<LI><a href="#[7e]">&gt;&gt;</a>&nbsp;&nbsp;&nbsp;buttonWeakProc(rootWin*, rootWin*, MsgType, unsigned, unsigned)
<LI><a href="#[7c]">&gt;&gt;</a>&nbsp;&nbsp;&nbsp;optionWinProc(rootWin*, rootWin*, MsgType, unsigned, unsigned)
<LI><a href="#[7f]">&gt;&gt;</a>&nbsp;&nbsp;&nbsp;buttonWeakProc(rootWin*, rootWin*, MsgType, unsigned, unsigned)
<LI><a href="#[7d]">&gt;&gt;</a>&nbsp;&nbsp;&nbsp;keyboardProc(rootWin*, rootWin*, MsgType, unsigned, unsigned)
</UL>

<P><STRONG><a name="[26b]"></a>__aeabi_memclr8</STRONG> (Thumb, 0 bytes, Stack size 0 bytes, memseta.o(.text), UNUSED)

<P><STRONG><a name="[109]"></a>_memset$wrapper</STRONG> (Thumb, 18 bytes, Stack size 8 bytes, memseta.o(.text), UNUSED)
<BR><BR>[Calls]<UL><LI><a href="#[108]">&gt;&gt;</a>&nbsp;&nbsp;&nbsp;__aeabi_memset
</UL>

<P><STRONG><a name="[ff]"></a>__cpp_initialize__aeabi_</STRONG> (Thumb, 22 bytes, Stack size 16 bytes, cpp_init.o(.text))
<BR><BR>[Stack]<UL><LI>Max Depth = 16<LI>Call Chain = __cpp_initialize__aeabi_
</UL>
<BR>[Called By]<UL><LI><a href="#[102]">&gt;&gt;</a>&nbsp;&nbsp;&nbsp;_main_cpp_init$empty
</UL>

<P><STRONG><a name="[80]"></a>__default_new_handler()</STRONG> (Thumb, 4 bytes, Stack size 0 bytes, arm_newhandler_noexceptions.o(.text))
<BR><BR>[Stack]<UL><LI>Max Depth = 52<LI>Call Chain = __default_new_handler() &rArr; std::terminate() &rArr; __cxa_get_globals &rArr; __ARM_exceptions_buffer_init &rArr; malloc
</UL>
<BR>[Calls]<UL><LI><a href="#[10a]">&gt;&gt;</a>&nbsp;&nbsp;&nbsp;std::terminate()
</UL>
<BR>[Address Reference Count : 1]<UL><LI> new.o(i._Znwj)
</UL>
<P><STRONG><a name="[106]"></a>__aeabi_llsl</STRONG> (Thumb, 30 bytes, Stack size 0 bytes, llshl.o(.text), UNUSED)
<BR><BR>[Called By]<UL><LI><a href="#[104]">&gt;&gt;</a>&nbsp;&nbsp;&nbsp;__aeabi_uldivmod
</UL>

<P><STRONG><a name="[26c]"></a>_ll_shift_l</STRONG> (Thumb, 0 bytes, Stack size 0 bytes, llshl.o(.text), UNUSED)

<P><STRONG><a name="[105]"></a>__aeabi_llsr</STRONG> (Thumb, 32 bytes, Stack size 0 bytes, llushr.o(.text), UNUSED)
<BR><BR>[Called By]<UL><LI><a href="#[104]">&gt;&gt;</a>&nbsp;&nbsp;&nbsp;__aeabi_uldivmod
</UL>

<P><STRONG><a name="[26d]"></a>_ll_ushift_r</STRONG> (Thumb, 0 bytes, Stack size 0 bytes, llushr.o(.text), UNUSED)

<P><STRONG><a name="[221]"></a>__rt_new_handler_addr</STRONG> (Thumb, 4 bytes, Stack size 0 bytes, cpp_memory.o(.text))
<BR><BR>[Called By]<UL><LI><a href="#[185]">&gt;&gt;</a>&nbsp;&nbsp;&nbsp;operator new(unsigned)
</UL>

<P><STRONG><a name="[224]"></a>__rt_SIGPVFN</STRONG> (Thumb, 2 bytes, Stack size 0 bytes, cpp_signal.o(.text))
<BR><BR>[Called By]<UL><LI><a href="#[87]">&gt;&gt;</a>&nbsp;&nbsp;&nbsp;__cxa_pure_virtual
</UL>

<P><STRONG><a name="[26e]"></a>__aeabi_unwind_cpp_pr0</STRONG> (Thumb, 4 bytes, Stack size 0 bytes, cpp_unwinder.o(.text), UNUSED)

<P><STRONG><a name="[26f]"></a>__aeabi_unwind_cpp_pr1</STRONG> (Thumb, 4 bytes, Stack size 0 bytes, cpp_unwinder.o(.text), UNUSED)

<P><STRONG><a name="[270]"></a>_Unwind_DeleteException</STRONG> (Thumb, 2 bytes, Stack size 0 bytes, cpp_unwinder.o(.text), UNUSED)

<P><STRONG><a name="[271]"></a>_Unwind_Activity</STRONG> (Thumb, 2 bytes, Stack size 0 bytes, cpp_unwinder.o(.text), UNUSED)

<P><STRONG><a name="[272]"></a>_Unwind_RaiseException</STRONG> (Thumb, 4 bytes, Stack size 0 bytes, cpp_unwinder.o(.text), UNUSED)

<P><STRONG><a name="[10c]"></a>__rt_eh_globals_addr</STRONG> (Thumb, 10 bytes, Stack size 0 bytes, cpp_unwinder.o(.text))
<BR><BR>[Called By]<UL><LI><a href="#[10b]">&gt;&gt;</a>&nbsp;&nbsp;&nbsp;__cxa_get_globals
</UL>

<P><STRONG><a name="[10a]"></a>std::terminate()</STRONG> (Thumb, 26 bytes, Stack size 8 bytes, arm_exceptions_terminate.o(.text))
<BR><BR>[Stack]<UL><LI>Max Depth = 52<LI>Call Chain = std::terminate() &rArr; __cxa_get_globals &rArr; __ARM_exceptions_buffer_init &rArr; malloc
</UL>
<BR>[Calls]<UL><LI><a href="#[10b]">&gt;&gt;</a>&nbsp;&nbsp;&nbsp;__cxa_get_globals
</UL>
<BR>[Called By]<UL><LI><a href="#[80]">&gt;&gt;</a>&nbsp;&nbsp;&nbsp;__default_new_handler()
</UL>

<P><STRONG><a name="[10b]"></a>__cxa_get_globals</STRONG> (Thumb, 62 bytes, Stack size 16 bytes, arm_exceptions_globs.o(.text))
<BR><BR>[Stack]<UL><LI>Max Depth = 44<LI>Call Chain = __cxa_get_globals &rArr; __ARM_exceptions_buffer_init &rArr; malloc
</UL>
<BR>[Calls]<UL><LI><a href="#[10e]">&gt;&gt;</a>&nbsp;&nbsp;&nbsp;__ARM_exceptions_buffer_init
<LI><a href="#[10c]">&gt;&gt;</a>&nbsp;&nbsp;&nbsp;__rt_eh_globals_addr
<LI><a href="#[10d]">&gt;&gt;</a>&nbsp;&nbsp;&nbsp;malloc
</UL>
<BR>[Called By]<UL><LI><a href="#[10a]">&gt;&gt;</a>&nbsp;&nbsp;&nbsp;std::terminate()
</UL>

<P><STRONG><a name="[101]"></a>__scatterload</STRONG> (Thumb, 28 bytes, Stack size 0 bytes, init.o(.text))
<BR><BR>[Calls]<UL><LI><a href="#[10f]">&gt;&gt;</a>&nbsp;&nbsp;&nbsp;__main_after_scatterload
</UL>
<BR>[Called By]<UL><LI><a href="#[100]">&gt;&gt;</a>&nbsp;&nbsp;&nbsp;_main_scatterload
</UL>

<P><STRONG><a name="[273]"></a>__scatterload_rt2</STRONG> (Thumb, 0 bytes, Stack size 0 bytes, init.o(.text), UNUSED)

<P><STRONG><a name="[10e]"></a>__ARM_exceptions_buffer_init</STRONG> (Thumb, 18 bytes, Stack size 8 bytes, arm_exceptions_mem.o(.text))
<BR><BR>[Stack]<UL><LI>Max Depth = 28<LI>Call Chain = __ARM_exceptions_buffer_init &rArr; malloc
</UL>
<BR>[Calls]<UL><LI><a href="#[10d]">&gt;&gt;</a>&nbsp;&nbsp;&nbsp;malloc
</UL>
<BR>[Called By]<UL><LI><a href="#[10b]">&gt;&gt;</a>&nbsp;&nbsp;&nbsp;__cxa_get_globals
</UL>

<P><STRONG><a name="[274]"></a>__ARM_exceptions_buffer_allocate</STRONG> (Thumb, 22 bytes, Stack size 0 bytes, arm_exceptions_mem.o(.text), UNUSED)

<P><STRONG><a name="[275]"></a>__ARM_exceptions_buffer_free</STRONG> (Thumb, 20 bytes, Stack size 0 bytes, arm_exceptions_mem.o(.text), UNUSED)

<P><STRONG><a name="[276]"></a>__decompress</STRONG> (Thumb, 0 bytes, Stack size unknown bytes, __dczerorl2.o(.text), UNUSED)

<P><STRONG><a name="[277]"></a>__decompress1</STRONG> (Thumb, 86 bytes, Stack size unknown bytes, __dczerorl2.o(.text), UNUSED)

<P><STRONG><a name="[9]"></a>BusFault_Handler</STRONG> (Thumb, 4 bytes, Stack size 0 bytes, stm32f4xx_it.o(i.BusFault_Handler))
<BR>[Address Reference Count : 1]<UL><LI> startup_stm32f429_439xx.o(RESET)
</UL>
<P><STRONG><a name="[110]"></a>DMA2D_DeInit</STRONG> (Thumb, 22 bytes, Stack size 8 bytes, stm32f4xx_dma2d.o(i.DMA2D_DeInit))
<BR><BR>[Stack]<UL><LI>Max Depth = 8<LI>Call Chain = DMA2D_DeInit
</UL>
<BR>[Calls]<UL><LI><a href="#[111]">&gt;&gt;</a>&nbsp;&nbsp;&nbsp;RCC_AHB1PeriphResetCmd
</UL>
<BR>[Called By]<UL><LI><a href="#[154]">&gt;&gt;</a>&nbsp;&nbsp;&nbsp;LCD_DrawFullRect
<LI><a href="#[151]">&gt;&gt;</a>&nbsp;&nbsp;&nbsp;LCD_Clear
<LI><a href="#[12f]">&gt;&gt;</a>&nbsp;&nbsp;&nbsp;GUIDma2d
</UL>

<P><STRONG><a name="[132]"></a>DMA2D_GetFlagStatus</STRONG> (Thumb, 20 bytes, Stack size 0 bytes, stm32f4xx_dma2d.o(i.DMA2D_GetFlagStatus))
<BR><BR>[Called By]<UL><LI><a href="#[154]">&gt;&gt;</a>&nbsp;&nbsp;&nbsp;LCD_DrawFullRect
<LI><a href="#[151]">&gt;&gt;</a>&nbsp;&nbsp;&nbsp;LCD_Clear
<LI><a href="#[12f]">&gt;&gt;</a>&nbsp;&nbsp;&nbsp;GUIDma2d
</UL>

<P><STRONG><a name="[130]"></a>DMA2D_Init</STRONG> (Thumb, 218 bytes, Stack size 16 bytes, stm32f4xx_dma2d.o(i.DMA2D_Init))
<BR><BR>[Stack]<UL><LI>Max Depth = 16<LI>Call Chain = DMA2D_Init
</UL>
<BR>[Called By]<UL><LI><a href="#[154]">&gt;&gt;</a>&nbsp;&nbsp;&nbsp;LCD_DrawFullRect
<LI><a href="#[151]">&gt;&gt;</a>&nbsp;&nbsp;&nbsp;LCD_Clear
<LI><a href="#[12f]">&gt;&gt;</a>&nbsp;&nbsp;&nbsp;GUIDma2d
</UL>

<P><STRONG><a name="[131]"></a>DMA2D_StartTransfer</STRONG> (Thumb, 14 bytes, Stack size 0 bytes, stm32f4xx_dma2d.o(i.DMA2D_StartTransfer))
<BR><BR>[Called By]<UL><LI><a href="#[154]">&gt;&gt;</a>&nbsp;&nbsp;&nbsp;LCD_DrawFullRect
<LI><a href="#[151]">&gt;&gt;</a>&nbsp;&nbsp;&nbsp;LCD_Clear
<LI><a href="#[12f]">&gt;&gt;</a>&nbsp;&nbsp;&nbsp;GUIDma2d
</UL>

<P><STRONG><a name="[4a]"></a>DMA2_Stream3_IRQHandler</STRONG> (Thumb, 8 bytes, Stack size 8 bytes, sdcardconfig.o(i.DMA2_Stream3_IRQHandler))
<BR><BR>[Stack]<UL><LI>Max Depth = 16<LI>Call Chain = DMA2_Stream3_IRQHandler &rArr; SD_ProcessDMAIRQ
</UL>
<BR>[Calls]<UL><LI><a href="#[112]">&gt;&gt;</a>&nbsp;&nbsp;&nbsp;SD_ProcessDMAIRQ
</UL>
<BR>[Address Reference Count : 1]<UL><LI> startup_stm32f429_439xx.o(RESET)
</UL>
<P><STRONG><a name="[16f]"></a>DMA_ClearFlag</STRONG> (Thumb, 38 bytes, Stack size 0 bytes, stm32f4xx_dma.o(i.DMA_ClearFlag))
<BR><BR>[Called By]<UL><LI><a href="#[112]">&gt;&gt;</a>&nbsp;&nbsp;&nbsp;SD_ProcessDMAIRQ
</UL>

<P><STRONG><a name="[c]"></a>DebugMon_Handler</STRONG> (Thumb, 2 bytes, Stack size 0 bytes, stm32f4xx_it.o(i.DebugMon_Handler))
<BR>[Address Reference Count : 1]<UL><LI> startup_stm32f429_439xx.o(RESET)
</UL>
<P><STRONG><a name="[128]"></a>Delay</STRONG> (Thumb, 18 bytes, Stack size 8 bytes, delaytemp.o(i.Delay))
<BR><BR>[Stack]<UL><LI>Max Depth = 8<LI>Call Chain = Delay
</UL>
<BR>[Called By]<UL><LI><a href="#[124]">&gt;&gt;</a>&nbsp;&nbsp;&nbsp;GTP_Init_Panel
<LI><a href="#[147]">&gt;&gt;</a>&nbsp;&nbsp;&nbsp;I2C_ResetChip
</UL>

<P><STRONG><a name="[37]"></a>EXTI15_10_IRQHandler</STRONG> (Thumb, 30 bytes, Stack size 8 bytes, stm32f4xx_it.o(i.EXTI15_10_IRQHandler))
<BR><BR>[Stack]<UL><LI>Max Depth = 272<LI>Call Chain = EXTI15_10_IRQHandler &rArr; GTP_TouchProcess &rArr; Goodix_TS_Work_Func &rArr; GTP_I2C_Read &rArr; I2C_Transfer &rArr; I2C_WriteBytes &rArr; I2C_TIMEOUT_UserCallback &rArr; __2printf
</UL>
<BR>[Calls]<UL><LI><a href="#[113]">&gt;&gt;</a>&nbsp;&nbsp;&nbsp;EXTI_GetITStatus
<LI><a href="#[116]">&gt;&gt;</a>&nbsp;&nbsp;&nbsp;EXTI_ClearITPendingBit
<LI><a href="#[114]">&gt;&gt;</a>&nbsp;&nbsp;&nbsp;LED_GREEN_Toggle
<LI><a href="#[115]">&gt;&gt;</a>&nbsp;&nbsp;&nbsp;GTP_TouchProcess
</UL>
<BR>[Address Reference Count : 1]<UL><LI> startup_stm32f429_439xx.o(RESET)
</UL>
<P><STRONG><a name="[116]"></a>EXTI_ClearITPendingBit</STRONG> (Thumb, 6 bytes, Stack size 0 bytes, stm32f4xx_exti.o(i.EXTI_ClearITPendingBit))
<BR><BR>[Called By]<UL><LI><a href="#[37]">&gt;&gt;</a>&nbsp;&nbsp;&nbsp;EXTI15_10_IRQHandler
</UL>

<P><STRONG><a name="[113]"></a>EXTI_GetITStatus</STRONG> (Thumb, 20 bytes, Stack size 0 bytes, stm32f4xx_exti.o(i.EXTI_GetITStatus))
<BR><BR>[Called By]<UL><LI><a href="#[37]">&gt;&gt;</a>&nbsp;&nbsp;&nbsp;EXTI15_10_IRQHandler
</UL>

<P><STRONG><a name="[137]"></a>EXTI_Init</STRONG> (Thumb, 142 bytes, Stack size 0 bytes, stm32f4xx_exti.o(i.EXTI_Init))
<BR><BR>[Called By]<UL><LI><a href="#[129]">&gt;&gt;</a>&nbsp;&nbsp;&nbsp;I2C_GTP_IRQEnable
</UL>

<P><STRONG><a name="[117]"></a>FLASHConfig</STRONG> (Thumb, 210 bytes, Stack size 32 bytes, flashconfig.o(i.FLASHConfig))
<BR><BR>[Stack]<UL><LI>Max Depth = 52<LI>Call Chain = FLASHConfig &rArr; GPIO_PinAFConfig
</UL>
<BR>[Calls]<UL><LI><a href="#[11a]">&gt;&gt;</a>&nbsp;&nbsp;&nbsp;GPIO_PinAFConfig
<LI><a href="#[11b]">&gt;&gt;</a>&nbsp;&nbsp;&nbsp;GPIO_Init
<LI><a href="#[119]">&gt;&gt;</a>&nbsp;&nbsp;&nbsp;RCC_APB2PeriphClockCmd
<LI><a href="#[118]">&gt;&gt;</a>&nbsp;&nbsp;&nbsp;RCC_AHB1PeriphClockCmd
<LI><a href="#[11c]">&gt;&gt;</a>&nbsp;&nbsp;&nbsp;SPI_Init
<LI><a href="#[11d]">&gt;&gt;</a>&nbsp;&nbsp;&nbsp;SPI_Cmd
</UL>
<BR>[Called By]<UL><LI><a href="#[6a]">&gt;&gt;</a>&nbsp;&nbsp;&nbsp;main
</UL>

<P><STRONG><a name="[16b]"></a>FMC_GetFlagStatus</STRONG> (Thumb, 68 bytes, Stack size 8 bytes, stm32f4xx_fmc.o(i.FMC_GetFlagStatus))
<BR><BR>[Stack]<UL><LI>Max Depth = 8<LI>Call Chain = FMC_GetFlagStatus
</UL>
<BR>[Called By]<UL><LI><a href="#[16a]">&gt;&gt;</a>&nbsp;&nbsp;&nbsp;SDRAM_InitSequence
</UL>

<P><STRONG><a name="[16c]"></a>FMC_SDRAMCmdConfig</STRONG> (Thumb, 28 bytes, Stack size 0 bytes, stm32f4xx_fmc.o(i.FMC_SDRAMCmdConfig))
<BR><BR>[Called By]<UL><LI><a href="#[16a]">&gt;&gt;</a>&nbsp;&nbsp;&nbsp;SDRAM_InitSequence
</UL>

<P><STRONG><a name="[169]"></a>FMC_SDRAMInit</STRONG> (Thumb, 318 bytes, Stack size 16 bytes, stm32f4xx_fmc.o(i.FMC_SDRAMInit))
<BR><BR>[Stack]<UL><LI>Max Depth = 16<LI>Call Chain = FMC_SDRAMInit
</UL>
<BR>[Called By]<UL><LI><a href="#[6c]">&gt;&gt;</a>&nbsp;&nbsp;&nbsp;SDRAMConfig
</UL>

<P><STRONG><a name="[16e]"></a>FMC_SetRefreshCount</STRONG> (Thumb, 18 bytes, Stack size 0 bytes, stm32f4xx_fmc.o(i.FMC_SetRefreshCount))
[...]
<BR><BR>[Stack]<UL><LI>Max Depth = 480<LI>Call Chain = optionWinProc(rootWin*, rootWin*, MsgType, unsigned, unsigned) &rArr; radioBtnWin::optionSelect(optionWin*) &rArr; optionWin::clickOption() &rArr; optionWin::paintOption() &rArr; GUICircle::draw() &rArr; GUICircle::drawFullCircle() &rArr; GUIRectangle::draw() &rArr; GUIRectangle::rectCut(unsigned short, unsigned short, unsigned short, unsigned short) &rArr;  GUIRectangle::rectCut(unsigned short, unsigned short, unsigned short, unsigned short) (Cycle)
</UL>
<BR>[Calls]<UL><LI><a href="#[133]">&gt;&gt;</a>&nbsp;&nbsp;&nbsp;__aeabi_memclr4
<LI><a href="#[185]">&gt;&gt;</a>&nbsp;&nbsp;&nbsp;operator new(unsigned)
<LI><a href="#[189]">&gt;&gt;</a>&nbsp;&nbsp;&nbsp;rootWin::isInArea(unsigned short, unsigned short)
<LI><a href="#[18d]">&gt;&gt;</a>&nbsp;&nbsp;&nbsp;rootWin::sendMSGtoBack(message*, void*)
<LI><a href="#[1a1]">&gt;&gt;</a>&nbsp;&nbsp;&nbsp;radioBtnWin::optionSelect(optionWin*)
</UL>
<BR>[Address Reference Count : 1]<UL><LI> radiobtnwin.o(i._ZN11radioBtnWin12radioBtnInitEPPchb)
</UL>
<P><STRONG><a name="[7d]"></a>keyboardProc(rootWin*, rootWin*, MsgType, unsigned, unsigned)</STRONG> (Thumb, 156 bytes, Stack size 40 bytes, virkeyboardwin.o(i._Z12keyboardProcP7rootWinS0_7MsgTypejj))
<BR><BR>[Stack]<UL><LI>Max Depth = 356<LI>Call Chain = keyboardProc(rootWin*, rootWin*, MsgType, unsigned, unsigned) &rArr; buttonWin::pressButton() &rArr; controlWin::displayStrCenter(_tFont, unsigned, unsigned, char*) &rArr; GUIChar::displayChar(unsigned char) &rArr; GUIChar::rectCut(unsigned short, unsigned short, unsigned short, unsigned short, const unsigned short*) &rArr;  GUIChar::rectCut(unsigned short, unsigned short, unsigned short, unsigned short, const unsigned short*) (Cycle)
</UL>
<BR>[Calls]<UL><LI><a href="#[133]">&gt;&gt;</a>&nbsp;&nbsp;&nbsp;__aeabi_memclr4
<LI><a href="#[185]">&gt;&gt;</a>&nbsp;&nbsp;&nbsp;operator new(unsigned)
<LI><a href="#[189]">&gt;&gt;</a>&nbsp;&nbsp;&nbsp;rootWin::isInArea(unsigned short, unsigned short)
<LI><a href="#[18d]">&gt;&gt;</a>&nbsp;&nbsp;&nbsp;rootWin::sendMSGtoBack(message*, void*)
<LI><a href="#[18e]">&gt;&gt;</a>&nbsp;&nbsp;&nbsp;rootWin::getQueue()
<LI><a href="#[18b]">&gt;&gt;</a>&nbsp;&nbsp;&nbsp;buttonWin::releaseButton()
<LI><a href="#[18a]">&gt;&gt;</a>&nbsp;&nbsp;&nbsp;buttonWin::pressButton()
</UL>
<BR>[Address Reference Count : 1]<UL><LI> virkeyboardwin.o(i._ZN14virKeyboardWin12keyBoardInitEv)
</UL>
<P><STRONG><a name="[7f]"></a>buttonWeakProc(rootWin*, rootWin*, MsgType, unsigned, unsigned)</STRONG> (Thumb, 148 bytes, Stack size 40 bytes, dialogwin.o(i._Z14buttonWeakProcP7rootWinS0_7MsgTypejj))
<BR><BR>[Stack]<UL><LI>Max Depth = 356<LI>Call Chain = buttonWeakProc(rootWin*, rootWin*, MsgType, unsigned, unsigned) &rArr; buttonWin::pressButton() &rArr; controlWin::displayStrCenter(_tFont, unsigned, unsigned, char*) &rArr; GUIChar::displayChar(unsigned char) &rArr; GUIChar::rectCut(unsigned short, unsigned short, unsigned short, unsigned short, const unsigned short*) &rArr;  GUIChar::rectCut(unsigned short, unsigned short, unsigned short, unsigned short, const unsigned short*) (Cycle)
</UL>
<BR>[Calls]<UL><LI><a href="#[133]">&gt;&gt;</a>&nbsp;&nbsp;&nbsp;__aeabi_memclr4
<LI><a href="#[185]">&gt;&gt;</a>&nbsp;&nbsp;&nbsp;operator new(unsigned)
<LI><a href="#[189]">&gt;&gt;</a>&nbsp;&nbsp;&nbsp;rootWin::isInArea(unsigned short, unsigned short)
<LI><a href="#[18d]">&gt;&gt;</a>&nbsp;&nbsp;&nbsp;rootWin::sendMSGtoBack(message*, void*)
<LI><a href="#[18b]">&gt;&gt;</a>&nbsp;&nbsp;&nbsp;buttonWin::releaseButton()
<LI><a href="#[18a]">&gt;&gt;</a>&nbsp;&nbsp;&nbsp;buttonWin::pressButton()
</UL>
<BR>[Address Reference Count : 1]<UL><LI> dialogwin.o(i._ZN9dialogWin10dialogInitEv)
</UL>
<P><STRONG><a name="[237]"></a>prvCopyDataFromQueue</STRONG> (Thumb, 42 bytes, Stack size 16 bytes, queue.o(i.prvCopyDataFromQueue))
<BR><BR>[Stack]<UL><LI>Max Depth = 16<LI>Call Chain = prvCopyDataFromQueue
</UL>
<BR>[Calls]<UL><LI><a href="#[127]">&gt;&gt;</a>&nbsp;&nbsp;&nbsp;__aeabi_memcpy
</UL>
<BR>[Called By]<UL><LI><a href="#[1b7]">&gt;&gt;</a>&nbsp;&nbsp;&nbsp;xQueueGenericReceive
</UL>

<P><STRONG><a name="[238]"></a>prvCopyDataToQueue</STRONG> (Thumb, 124 bytes, Stack size 24 bytes, queue.o(i.prvCopyDataToQueue))
<BR><BR>[Stack]<UL><LI>Max Depth = 40<LI>Call Chain = prvCopyDataToQueue &rArr; xTaskPriorityDisinherit
</UL>
<BR>[Calls]<UL><LI><a href="#[239]">&gt;&gt;</a>&nbsp;&nbsp;&nbsp;xTaskPriorityDisinherit
<LI><a href="#[127]">&gt;&gt;</a>&nbsp;&nbsp;&nbsp;__aeabi_memcpy
</UL>
<BR>[Called By]<UL><LI><a href="#[25f]">&gt;&gt;</a>&nbsp;&nbsp;&nbsp;xQueueGenericSendFromISR
<LI><a href="#[186]">&gt;&gt;</a>&nbsp;&nbsp;&nbsp;xQueueGenericSend
</UL>

<P><STRONG><a name="[23b]"></a>prvInitialiseNewQueue</STRONG> (Thumb, 42 bytes, Stack size 24 bytes, queue.o(i.prvInitialiseNewQueue))
<BR><BR>[Stack]<UL><LI>Max Depth = 56<LI>Call Chain = prvInitialiseNewQueue &rArr; xQueueGenericReset &rArr; xTaskRemoveFromEventList
</UL>
<BR>[Calls]<UL><LI><a href="#[23c]">&gt;&gt;</a>&nbsp;&nbsp;&nbsp;xQueueGenericReset
</UL>
<BR>[Called By]<UL><LI><a href="#[225]">&gt;&gt;</a>&nbsp;&nbsp;&nbsp;xQueueGenericCreate
</UL>

<P><STRONG><a name="[241]"></a>prvIsQueueEmpty</STRONG> (Thumb, 26 bytes, Stack size 16 bytes, queue.o(i.prvIsQueueEmpty))
<BR><BR>[Stack]<UL><LI>Max Depth = 16<LI>Call Chain = prvIsQueueEmpty
</UL>
<BR>[Calls]<UL><LI><a href="#[22f]">&gt;&gt;</a>&nbsp;&nbsp;&nbsp;vPortExitCritical
<LI><a href="#[22d]">&gt;&gt;</a>&nbsp;&nbsp;&nbsp;vPortEnterCritical
</UL>
<BR>[Called By]<UL><LI><a href="#[1b7]">&gt;&gt;</a>&nbsp;&nbsp;&nbsp;xQueueGenericReceive
</UL>

<P><STRONG><a name="[242]"></a>prvIsQueueFull</STRONG> (Thumb, 30 bytes, Stack size 16 bytes, queue.o(i.prvIsQueueFull))
<BR><BR>[Stack]<UL><LI>Max Depth = 16<LI>Call Chain = prvIsQueueFull
</UL>
<BR>[Calls]<UL><LI><a href="#[22f]">&gt;&gt;</a>&nbsp;&nbsp;&nbsp;vPortExitCritical
<LI><a href="#[22d]">&gt;&gt;</a>&nbsp;&nbsp;&nbsp;vPortEnterCritical
</UL>
<BR>[Called By]<UL><LI><a href="#[186]">&gt;&gt;</a>&nbsp;&nbsp;&nbsp;xQueueGenericSend
</UL>

<P><STRONG><a name="[24c]"></a>prvUnlockQueue</STRONG> (Thumb, 126 bytes, Stack size 16 bytes, queue.o(i.prvUnlockQueue))
<BR><BR>[Stack]<UL><LI>Max Depth = 32<LI>Call Chain = prvUnlockQueue &rArr; xTaskRemoveFromEventList
</UL>
<BR>[Calls]<UL><LI><a href="#[24d]">&gt;&gt;</a>&nbsp;&nbsp;&nbsp;xTaskRemoveFromEventList
<LI><a href="#[24e]">&gt;&gt;</a>&nbsp;&nbsp;&nbsp;vTaskMissedYield
<LI><a href="#[22f]">&gt;&gt;</a>&nbsp;&nbsp;&nbsp;vPortExitCritical
<LI><a href="#[22d]">&gt;&gt;</a>&nbsp;&nbsp;&nbsp;vPortEnterCritical
</UL>
<BR>[Called By]<UL><LI><a href="#[248]">&gt;&gt;</a>&nbsp;&nbsp;&nbsp;vQueueWaitForMessageRestricted
<LI><a href="#[186]">&gt;&gt;</a>&nbsp;&nbsp;&nbsp;xQueueGenericSend
<LI><a href="#[1b7]">&gt;&gt;</a>&nbsp;&nbsp;&nbsp;xQueueGenericReceive
</UL>

<P><STRONG><a name="[228]"></a>prvAddCurrentTaskToDelayedList</STRONG> (Thumb, 124 bytes, Stack size 24 bytes, tasks.o(i.prvAddCurrentTaskToDelayedList))
<BR><BR>[Stack]<UL><LI>Max Depth = 32<LI>Call Chain = prvAddCurrentTaskToDelayedList &rArr; vListInsert
</UL>
<BR>[Calls]<UL><LI><a href="#[22a]">&gt;&gt;</a>&nbsp;&nbsp;&nbsp;vListInsertEnd
<LI><a href="#[22b]">&gt;&gt;</a>&nbsp;&nbsp;&nbsp;vListInsert
<LI><a href="#[229]">&gt;&gt;</a>&nbsp;&nbsp;&nbsp;uxListRemove
</UL>
<BR>[Called By]<UL><LI><a href="#[253]">&gt;&gt;</a>&nbsp;&nbsp;&nbsp;vTaskPlaceOnEventListRestricted
<LI><a href="#[254]">&gt;&gt;</a>&nbsp;&nbsp;&nbsp;vTaskPlaceOnEventList
</UL>

<P><STRONG><a name="[22c]"></a>prvAddNewTaskToReadyList</STRONG> (Thumb, 156 bytes, Stack size 8 bytes, tasks.o(i.prvAddNewTaskToReadyList))
<BR><BR>[Stack]<UL><LI>Max Depth = 16<LI>Call Chain = prvAddNewTaskToReadyList &rArr; prvInitialiseTaskLists
</UL>
<BR>[Calls]<UL><LI><a href="#[22a]">&gt;&gt;</a>&nbsp;&nbsp;&nbsp;vListInsertEnd
<LI><a href="#[22f]">&gt;&gt;</a>&nbsp;&nbsp;&nbsp;vPortExitCritical
<LI><a href="#[22d]">&gt;&gt;</a>&nbsp;&nbsp;&nbsp;vPortEnterCritical
<LI><a href="#[22e]">&gt;&gt;</a>&nbsp;&nbsp;&nbsp;prvInitialiseTaskLists
</UL>
<BR>[Called By]<UL><LI><a href="#[1b9]">&gt;&gt;</a>&nbsp;&nbsp;&nbsp;xTaskCreate
</UL>

<P><STRONG><a name="[233]"></a>prvCheckTasksWaitingTermination</STRONG> (Thumb, 86 bytes, Stack size 16 bytes, tasks.o(i.prvCheckTasksWaitingTermination))
<BR><BR>[Stack]<UL><LI>Max Depth = 80<LI>Call Chain = prvCheckTasksWaitingTermination &rArr; prvDeleteTCB &rArr; vPortFree &rArr; xTaskResumeAll &rArr; xTaskIncrementTick
</UL>
<BR>[Calls]<UL><LI><a href="#[229]">&gt;&gt;</a>&nbsp;&nbsp;&nbsp;uxListRemove
<LI><a href="#[235]">&gt;&gt;</a>&nbsp;&nbsp;&nbsp;xTaskResumeAll
<LI><a href="#[234]">&gt;&gt;</a>&nbsp;&nbsp;&nbsp;vTaskSuspendAll
<LI><a href="#[22f]">&gt;&gt;</a>&nbsp;&nbsp;&nbsp;vPortExitCritical
<LI><a href="#[22d]">&gt;&gt;</a>&nbsp;&nbsp;&nbsp;vPortEnterCritical
<LI><a href="#[236]">&gt;&gt;</a>&nbsp;&nbsp;&nbsp;prvDeleteTCB
</UL>
<BR>[Called By]<UL><LI><a href="#[83]">&gt;&gt;</a>&nbsp;&nbsp;&nbsp;prvIdleTask
</UL>

<P><STRONG><a name="[236]"></a>prvDeleteTCB</STRONG> (Thumb, 18 bytes, Stack size 8 bytes, tasks.o(i.prvDeleteTCB))
<BR><BR>[Stack]<UL><LI>Max Depth = 64<LI>Call Chain = prvDeleteTCB &rArr; vPortFree &rArr; xTaskResumeAll &rArr; xTaskIncrementTick
</UL>
<BR>[Calls]<UL><LI><a href="#[23a]">&gt;&gt;</a>&nbsp;&nbsp;&nbsp;vPortFree
</UL>
<BR>[Called By]<UL><LI><a href="#[233]">&gt;&gt;</a>&nbsp;&nbsp;&nbsp;prvCheckTasksWaitingTermination
</UL>

<P><STRONG><a name="[83]"></a>prvIdleTask</STRONG> (Thumb, 32 bytes, Stack size 0 bytes, tasks.o(i.prvIdleTask))
<BR><BR>[Stack]<UL><LI>Max Depth = 80<LI>Call Chain = prvIdleTask &rArr; prvCheckTasksWaitingTermination &rArr; prvDeleteTCB &rArr; vPortFree &rArr; xTaskResumeAll &rArr; xTaskIncrementTick
</UL>
<BR>[Calls]<UL><LI><a href="#[233]">&gt;&gt;</a>&nbsp;&nbsp;&nbsp;prvCheckTasksWaitingTermination
</UL>
<BR>[Address Reference Count : 1]<UL><LI> tasks.o(i.vTaskStartScheduler)
</UL>
<P><STRONG><a name="[23d]"></a>prvInitialiseNewTask</STRONG> (Thumb, 180 bytes, Stack size 40 bytes, tasks.o(i.prvInitialiseNewTask))
<BR><BR>[Stack]<UL><LI>Max Depth = 40<LI>Call Chain = prvInitialiseNewTask
</UL>
<BR>[Calls]<UL><LI><a href="#[23e]">&gt;&gt;</a>&nbsp;&nbsp;&nbsp;vListInitialiseItem
<LI><a href="#[108]">&gt;&gt;</a>&nbsp;&nbsp;&nbsp;__aeabi_memset
<LI><a href="#[23f]">&gt;&gt;</a>&nbsp;&nbsp;&nbsp;pxPortInitialiseStack
</UL>
<BR>[Called By]<UL><LI><a href="#[1b9]">&gt;&gt;</a>&nbsp;&nbsp;&nbsp;xTaskCreate
</UL>

<P><STRONG><a name="[22e]"></a>prvInitialiseTaskLists</STRONG> (Thumb, 70 bytes, Stack size 8 bytes, tasks.o(i.prvInitialiseTaskLists))
<BR><BR>[Stack]<UL><LI>Max Depth = 8<LI>Call Chain = prvInitialiseTaskLists
</UL>
<BR>[Calls]<UL><LI><a href="#[231]">&gt;&gt;</a>&nbsp;&nbsp;&nbsp;vListInitialise
</UL>
<BR>[Called By]<UL><LI><a href="#[22c]">&gt;&gt;</a>&nbsp;&nbsp;&nbsp;prvAddNewTaskToReadyList
</UL>

<P><STRONG><a name="[260]"></a>prvResetNextTaskUnblockTime</STRONG> (Thumb, 42 bytes, Stack size 0 bytes, tasks.o(i.prvResetNextTaskUnblockTime))
<BR><BR>[Called By]<UL><LI><a href="#[235]">&gt;&gt;</a>&nbsp;&nbsp;&nbsp;xTaskResumeAll
<LI><a href="#[173]">&gt;&gt;</a>&nbsp;&nbsp;&nbsp;xTaskIncrementTick
</UL>

<P><STRONG><a name="[230]"></a>prvCheckForValidListAndQueue</STRONG> (Thumb, 72 bytes, Stack size 8 bytes, timers.o(i.prvCheckForValidListAndQueue))
<BR><BR>[Stack]<UL><LI>Max Depth = 104<LI>Call Chain = prvCheckForValidListAndQueue &rArr; xQueueGenericCreate &rArr; pvPortMalloc &rArr; xTaskResumeAll &rArr; xTaskIncrementTick
</UL>
<BR>[Calls]<UL><LI><a href="#[232]">&gt;&gt;</a>&nbsp;&nbsp;&nbsp;vQueueAddToRegistry
<LI><a href="#[22f]">&gt;&gt;</a>&nbsp;&nbsp;&nbsp;vPortExitCritical
<LI><a href="#[22d]">&gt;&gt;</a>&nbsp;&nbsp;&nbsp;vPortEnterCritical
<LI><a href="#[231]">&gt;&gt;</a>&nbsp;&nbsp;&nbsp;vListInitialise
<LI><a href="#[225]">&gt;&gt;</a>&nbsp;&nbsp;&nbsp;xQueueGenericCreate
</UL>
<BR>[Called By]<UL><LI><a href="#[256]">&gt;&gt;</a>&nbsp;&nbsp;&nbsp;xTimerCreateTimerTask
</UL>

<P><STRONG><a name="[24b]"></a>prvGetNextExpireTime</STRONG> (Thumb, 36 bytes, Stack size 0 bytes, timers.o(i.prvGetNextExpireTime))
<BR><BR>[Called By]<UL><LI><a href="#[84]">&gt;&gt;</a>&nbsp;&nbsp;&nbsp;prvTimerTask
</UL>

<P><STRONG><a name="[240]"></a>prvInsertTimerInActiveList</STRONG> (Thumb, 80 bytes, Stack size 24 bytes, timers.o(i.prvInsertTimerInActiveList))
<BR><BR>[Stack]<UL><LI>Max Depth = 32<LI>Call Chain = prvInsertTimerInActiveList &rArr; vListInsert
</UL>
<BR>[Calls]<UL><LI><a href="#[22b]">&gt;&gt;</a>&nbsp;&nbsp;&nbsp;vListInsert
</UL>
<BR>[Called By]<UL><LI><a href="#[245]">&gt;&gt;</a>&nbsp;&nbsp;&nbsp;prvProcessReceivedCommands
<LI><a href="#[243]">&gt;&gt;</a>&nbsp;&nbsp;&nbsp;prvProcessExpiredTimer
</UL>

<P><STRONG><a name="[243]"></a>prvProcessExpiredTimer</STRONG> (Thumb, 94 bytes, Stack size 24 bytes, timers.o(i.prvProcessExpiredTimer))
<BR><BR>[Stack]<UL><LI>Max Depth = 168<LI>Call Chain = prvProcessExpiredTimer &rArr; xTimerGenericCommand &rArr; xQueueGenericSend &rArr; vTaskPlaceOnEventList &rArr; prvAddCurrentTaskToDelayedList &rArr; vListInsert
</UL>
<BR>[Calls]<UL><LI><a href="#[229]">&gt;&gt;</a>&nbsp;&nbsp;&nbsp;uxListRemove
<LI><a href="#[244]">&gt;&gt;</a>&nbsp;&nbsp;&nbsp;xTimerGenericCommand
<LI><a href="#[240]">&gt;&gt;</a>&nbsp;&nbsp;&nbsp;prvInsertTimerInActiveList
</UL>
<BR>[Called By]<UL><LI><a href="#[247]">&gt;&gt;</a>&nbsp;&nbsp;&nbsp;prvProcessTimerOrBlockTask
</UL>

<P><STRONG><a name="[245]"></a>prvProcessReceivedCommands</STRONG> (Thumb, 242 bytes, Stack size 40 bytes, timers.o(i.prvProcessReceivedCommands))
<BR><BR>[Stack]<UL><LI>Max Depth = 232<LI>Call Chain = prvProcessReceivedCommands &rArr; prvSampleTimeNow &rArr; prvSwitchTimerLists &rArr; xTimerGenericCommand &rArr; xQueueGenericSend &rArr; vTaskPlaceOnEventList &rArr; prvAddCurrentTaskToDelayedList &rArr; vListInsert
</UL>
<BR>[Calls]<UL><LI><a href="#[229]">&gt;&gt;</a>&nbsp;&nbsp;&nbsp;uxListRemove
<LI><a href="#[23a]">&gt;&gt;</a>&nbsp;&nbsp;&nbsp;vPortFree
<LI><a href="#[244]">&gt;&gt;</a>&nbsp;&nbsp;&nbsp;xTimerGenericCommand
<LI><a href="#[246]">&gt;&gt;</a>&nbsp;&nbsp;&nbsp;prvSampleTimeNow
<LI><a href="#[240]">&gt;&gt;</a>&nbsp;&nbsp;&nbsp;prvInsertTimerInActiveList
<LI><a href="#[1b7]">&gt;&gt;</a>&nbsp;&nbsp;&nbsp;xQueueGenericReceive
</UL>
<BR>[Called By]<UL><LI><a href="#[84]">&gt;&gt;</a>&nbsp;&nbsp;&nbsp;prvTimerTask
</UL>

<P><STRONG><a name="[247]"></a>prvProcessTimerOrBlockTask</STRONG> (Thumb, 102 bytes, Stack size 24 bytes, timers.o(i.prvProcessTimerOrBlockTask))
<BR><BR>[Stack]<UL><LI>Max Depth = 216<LI>Call Chain = prvProcessTimerOrBlockTask &rArr; prvSampleTimeNow &rArr; prvSwitchTimerLists &rArr; xTimerGenericCommand &rArr; xQueueGenericSend &rArr; vTaskPlaceOnEventList &rArr; prvAddCurrentTaskToDelayedList &rArr; vListInsert
</UL>
<BR>[Calls]<UL><LI><a href="#[248]">&gt;&gt;</a>&nbsp;&nbsp;&nbsp;vQueueWaitForMessageRestricted
<LI><a href="#[235]">&gt;&gt;</a>&nbsp;&nbsp;&nbsp;xTaskResumeAll
<LI><a href="#[234]">&gt;&gt;</a>&nbsp;&nbsp;&nbsp;vTaskSuspendAll
<LI><a href="#[246]">&gt;&gt;</a>&nbsp;&nbsp;&nbsp;prvSampleTimeNow
<LI><a href="#[243]">&gt;&gt;</a>&nbsp;&nbsp;&nbsp;prvProcessExpiredTimer
</UL>
<BR>[Called By]<UL><LI><a href="#[84]">&gt;&gt;</a>&nbsp;&nbsp;&nbsp;prvTimerTask
</UL>

<P><STRONG><a name="[246]"></a>prvSampleTimeNow</STRONG> (Thumb, 40 bytes, Stack size 16 bytes, timers.o(i.prvSampleTimeNow))
<BR><BR>[Stack]<UL><LI>Max Depth = 192<LI>Call Chain = prvSampleTimeNow &rArr; prvSwitchTimerLists &rArr; xTimerGenericCommand &rArr; xQueueGenericSend &rArr; vTaskPlaceOnEventList &rArr; prvAddCurrentTaskToDelayedList &rArr; vListInsert
</UL>
<BR>[Calls]<UL><LI><a href="#[24a]">&gt;&gt;</a>&nbsp;&nbsp;&nbsp;prvSwitchTimerLists
<LI><a href="#[249]">&gt;&gt;</a>&nbsp;&nbsp;&nbsp;xTaskGetTickCount
</UL>
<BR>[Called By]<UL><LI><a href="#[247]">&gt;&gt;</a>&nbsp;&nbsp;&nbsp;prvProcessTimerOrBlockTask
<LI><a href="#[245]">&gt;&gt;</a>&nbsp;&nbsp;&nbsp;prvProcessReceivedCommands
</UL>

<P><STRONG><a name="[24a]"></a>prvSwitchTimerLists</STRONG> (Thumb, 150 bytes, Stack size 32 bytes, timers.o(i.prvSwitchTimerLists))
<BR><BR>[Stack]<UL><LI>Max Depth = 176<LI>Call Chain = prvSwitchTimerLists &rArr; xTimerGenericCommand &rArr; xQueueGenericSend &rArr; vTaskPlaceOnEventList &rArr; prvAddCurrentTaskToDelayedList &rArr; vListInsert
</UL>
<BR>[Calls]<UL><LI><a href="#[22b]">&gt;&gt;</a>&nbsp;&nbsp;&nbsp;vListInsert
<LI><a href="#[229]">&gt;&gt;</a>&nbsp;&nbsp;&nbsp;uxListRemove
<LI><a href="#[244]">&gt;&gt;</a>&nbsp;&nbsp;&nbsp;xTimerGenericCommand
</UL>
<BR>[Called By]<UL><LI><a href="#[246]">&gt;&gt;</a>&nbsp;&nbsp;&nbsp;prvSampleTimeNow
</UL>

<P><STRONG><a name="[84]"></a>prvTimerTask</STRONG> (Thumb, 26 bytes, Stack size 8 bytes, timers.o(i.prvTimerTask))
<BR><BR>[Stack]<UL><LI>Max Depth = 240<LI>Call Chain = prvTimerTask &rArr; prvProcessReceivedCommands &rArr; prvSampleTimeNow &rArr; prvSwitchTimerLists &rArr; xTimerGenericCommand &rArr; xQueueGenericSend &rArr; vTaskPlaceOnEventList &rArr; prvAddCurrentTaskToDelayedList &rArr; vListInsert
</UL>
<BR>[Calls]<UL><LI><a href="#[247]">&gt;&gt;</a>&nbsp;&nbsp;&nbsp;prvProcessTimerOrBlockTask
<LI><a href="#[245]">&gt;&gt;</a>&nbsp;&nbsp;&nbsp;prvProcessReceivedCommands
<LI><a href="#[24b]">&gt;&gt;</a>&nbsp;&nbsp;&nbsp;prvGetNextExpireTime
</UL>
<BR>[Address Reference Count : 1]<UL><LI> timers.o(i.xTimerCreateTimerTask)
</UL>
<P><STRONG><a name="[82]"></a>prvTaskExitError</STRONG> (Thumb, 60 bytes, Stack size 0 bytes, port.o(i.prvTaskExitError))
<BR>[Address Reference Count : 1]<UL><LI> port.o(i.pxPortInitialiseStack)
</UL>
<P><STRONG><a name="[24f]"></a>prvHeapInit</STRONG> (Thumb, 98 bytes, Stack size 12 bytes, heap_4.o(i.prvHeapInit))
<BR><BR>[Stack]<UL><LI>Max Depth = 12<LI>Call Chain = prvHeapInit
</UL>
<BR>[Called By]<UL><LI><a href="#[1b6]">&gt;&gt;</a>&nbsp;&nbsp;&nbsp;pvPortMalloc
</UL>

<P><STRONG><a name="[250]"></a>prvInsertBlockIntoFreeList</STRONG> (Thumb, 96 bytes, Stack size 8 bytes, heap_4.o(i.prvInsertBlockIntoFreeList))
<BR><BR>[Stack]<UL><LI>Max Depth = 8<LI>Call Chain = prvInsertBlockIntoFreeList
</UL>
<BR>[Called By]<UL><LI><a href="#[23a]">&gt;&gt;</a>&nbsp;&nbsp;&nbsp;vPortFree
<LI><a href="#[1b6]">&gt;&gt;</a>&nbsp;&nbsp;&nbsp;pvPortMalloc
</UL>

<P><STRONG><a name="[223]"></a>_printf_core</STRONG> (Thumb, 996 bytes, Stack size 104 bytes, printf8.o(i._printf_core), UNUSED)
<BR><BR>[Calls]<UL><LI><a href="#[104]">&gt;&gt;</a>&nbsp;&nbsp;&nbsp;__aeabi_uldivmod
<LI><a href="#[226]">&gt;&gt;</a>&nbsp;&nbsp;&nbsp;_printf_pre_padding
<LI><a href="#[227]">&gt;&gt;</a>&nbsp;&nbsp;&nbsp;_printf_post_padding
</UL>
<BR>[Called By]<UL><LI><a href="#[222]">&gt;&gt;</a>&nbsp;&nbsp;&nbsp;__0printf$8
</UL>

<P><STRONG><a name="[227]"></a>_printf_post_padding</STRONG> (Thumb, 36 bytes, Stack size 24 bytes, printf8.o(i._printf_post_padding), UNUSED)
<BR><BR>[Called By]<UL><LI><a href="#[223]">&gt;&gt;</a>&nbsp;&nbsp;&nbsp;_printf_core
</UL>

<P><STRONG><a name="[226]"></a>_printf_pre_padding</STRONG> (Thumb, 46 bytes, Stack size 24 bytes, printf8.o(i._printf_pre_padding), UNUSED)
<BR><BR>[Called By]<UL><LI><a href="#[223]">&gt;&gt;</a>&nbsp;&nbsp;&nbsp;_printf_core
</UL>

<P><STRONG><a name="[6e]"></a>[local to arm_exceptions_c]::__default_terminate_handler()</STRONG> (Thumb, 6 bytes, Stack size 8 bytes, arm_exceptions_globs.o(.text))
<BR><BR>[Stack]<UL><LI>Max Depth = 8<LI>Call Chain = [local to arm_exceptions_c]::__default_terminate_handler()
</UL>
<BR>[Address Reference Count : 1]<UL><LI> arm_exceptions_globs.o(.text)
</UL><P>
<H3>
Undefined Global Symbols
</H3><HR></body></html>
